******************************************************************************
                  TI ARM Linker Unix v16.9.1                   
******************************************************************************
>> Linked Mon May 29 01:12:44 2017

OUTPUT FILE NAME:   <MCU_proj.out>
ENTRY POINT SYMBOL: "_c_int00"  address: 0000c5f8


MEMORY CONFIGURATION

         name            origin    length      used     unused   attr    fill
----------------------  --------  ---------  --------  --------  ----  --------
  VECTORS               00000000   00000020  00000020  00000000     X
  KERNEL                00000020   00008000  00002974  0000568c  R  X
  FLASH0                00008020   001f7fe0  00004c14  001f33cc  R  X
  FLASH1                00200000   00200000  00000000  00200000  R  X
  STACKS                08000000   00000800  00000000  00000800  RW  
  KRAM                  08000800   00000800  00000108  000006f8  RW  
  RAM                   08001000   0007f000  0000202c  0007cfd4  RW  


SEGMENT ALLOCATION MAP

run origin  load origin   length   init length attrs members
----------  ----------- ---------- ----------- ----- -------
00000000    00000000    00002934   00002934    r-x
  00000000    00000000    00000020   00000020    r-x .intvecs
  00000020    00000020    00002914   00002914    r-x .kernelTEXT
00002940    00002940    00000060   00000060    r--
  00002940    00002940    00000060   00000060    r-- .cinit
00008020    00008020    00004a10   00004a10    r-x
  00008020    00008020    00004a10   00004a10    r-x .text
0000ca40    0000ca40    00000204   00000204    r--
  0000ca40    0000ca40    00000204   00000204    r-- .const
08000800    08000800    00000108   00000000    rw-
  08000800    08000800    00000108   00000000    rw- .kernelBSS
08001000    08001000    0000202c   00000000    rw-
  08001000    08001000    00002000   00000000    rw- .kernelHEAP
  08003000    08003000    00000024   00000000    rw- .data
  08003024    08003024    00000008   00000000    rw- .bss


SECTION ALLOCATION MAP

 output                                  attributes/
section   page    origin      length       input sections
--------  ----  ----------  ----------   ----------------
.intvecs   0    00000000    00000020     
                  00000000    00000020     HL_sys_intvecs.obj (.intvecs)

.kernelTEXT 
*          0    00000020    00002914     
                  00000020    00001cd8     os_tasks.obj (.kernelTEXT)
                  00001cf8    000004bc     os_portasm.obj (.kernelTEXT)
                  000021b4    000003dc     os_port.obj (.kernelTEXT)
                  00002590    000003a4     os_heap.obj (.kernelTEXT)

.cinit     0    00002940    00000060     
                  00002940    00000013     (.cinit..kernelBSS.load) [load image, compression = lzss]
                  00002953    0000000f     (.cinit..data.load) [load image, compression = lzss]
                  00002962    00000002     --HOLE-- [fill = 0]
                  00002964    0000000c     (__TI_handler_table)
                  00002970    00000008     (.cinit..bss.load) [load image, compression = zero_init]
                  00002978    00000008     (.cinit..kernelHEAP.load) [load image, compression = zero_init]
                  00002980    00000020     (__TI_cinit_table)

.text      0    00008020    00004a10     
                  00008020    000009c0     HL_pinmux.obj (.text)
                  000089e0    0000095c     HL_system.obj (.text)
                  0000933c    0000093c     HL_sys_vim.obj (.text)
                  00009c78    00000844     os_tasks.obj (.text)
                  0000a4bc    000007a8     HL_esm.obj (.text)
                  0000ac64    00000484     HL_gio.obj (.text)
                  0000b0e8    000003c4     HL_sys_core.obj (.text)
                  0000b4ac    0000036c     HL_sys_mpu.obj (.text)
                  0000b818    0000033c     HL_sys_vim.obj (.text:retain)
                  0000bb54    00000284     os_heap.obj (.text)
                  0000bdd8    00000238     os_list.obj (.text)
                  0000c010    000001b4     HL_notification.obj (.text)
                  0000c1c4    00000180     rtsv7R4_A_le_v3D16_eabi.lib : memcpy32.obj (.text)
                  0000c344    00000178     HL_esm.obj (.text:retain)
                  0000c4bc    0000013c     os_port.obj (.text)
                  0000c5f8    000000b4     HL_sys_startup.obj (.text:retain)
                  0000c6ac    000000b0     rtsv7R4_A_le_v3D16_eabi.lib : memset32.obj (.text)
                  0000c75c    000000a8                                 : autoinit.obj (.text)
                  0000c804    00000090                                 : copy_decompress_lzss.obj (.text:decompress:lzss)
                  0000c894    00000090                                 : exit.obj (.text)
                  0000c924    00000084                                 : cpy_tbl.obj (.text)
                  0000c9a8    00000038     HL_sys_main.obj (.text)
                  0000c9e0    00000024     rtsv7R4_A_le_v3D16_eabi.lib : _lock.obj (.text)
                  0000ca04    00000014                                 : copy_decompress_none.obj (.text:decompress:none)
                  0000ca18    00000010                                 : copy_zero_init.obj (.text:decompress:ZI)
                  0000ca28    00000004     HL_sys_phantom.obj (.text:retain)
                  0000ca2c    00000004     rtsv7R4_A_le_v3D16_eabi.lib : startup.obj (.text)

.const     0    0000ca40    00000204     
                  0000ca40    00000200     HL_sys_vim.obj (.const:s_vim_init)
                  0000cc40    00000004     os_heap.obj (.const)

.kernelBSS 
*          0    08000800    00000108     UNINITIALIZED
                  08000800    000000d0     os_tasks.obj (.kernelBSS:uninit)
                  080008d0    00000030     os_tasks.obj (.kernelBSS:init)
                  08000900    00000008     os_port.obj (.kernelBSS)

.kernelHEAP 
*          0    08001000    00002000     UNINITIALIZED
                  08001000    00002000     os_heap.obj (.kernelHEAP)

.data      0    08003000    00000024     UNINITIALIZED
                  08003000    00000010     os_heap.obj (.data)
                  08003010    0000000c     rtsv7R4_A_le_v3D16_eabi.lib : exit.obj (.data:$O1$$)
                  0800301c    00000008                                 : _lock.obj (.data:$O1$$)

.bss       0    08003024    00000008     UNINITIALIZED
                  08003024    00000008     os_heap.obj (.bss:xStart)

MODULE SUMMARY

       Module                     code    ro data   rw data
       ------                     ----    -------   -------
    ./source/
       os_heap.obj                1576    4         8216   
       os_tasks.obj               9500    0         256    
       HL_sys_vim.obj             3192    512       0      
       HL_pinmux.obj              2496    0         0      
       HL_system.obj              2396    0         0      
       HL_esm.obj                 2336    0         0      
       os_port.obj                1304    0         8      
       os_portasm.obj             1212    0         0      
       HL_gio.obj                 1156    0         0      
       HL_sys_core.obj            964     0         0      
       HL_sys_mpu.obj             876     0         0      
       os_list.obj                568     0         0      
       HL_notification.obj        436     0         0      
       HL_sys_startup.obj         180     0         0      
       HL_sys_main.obj            56      0         0      
       HL_sys_intvecs.obj         32      0         0      
       HL_sys_phantom.obj         4       0         0      
    +--+--------------------------+-------+---------+---------+
       Total:                     28284   516       8480   
                                                           
    /home/kwrg/ti/ccsv7/tools/compiler/ti-cgt-arm_16.9.1.LTS/lib/rtsv7R4_A_le_v3D16_eabi.lib
       memcpy32.obj               384     0         0      
       memset32.obj               176     0         0      
       autoinit.obj               168     0         0      
       exit.obj                   144     0         12     
       copy_decompress_lzss.obj   144     0         0      
       cpy_tbl.obj                132     0         0      
       _lock.obj                  36      0         8      
       copy_decompress_none.obj   20      0         0      
       copy_zero_init.obj         16      0         0      
       startup.obj                4       0         0      
    +--+--------------------------+-------+---------+---------+
       Total:                     1224    0         20     
                                                           
       Linker Generated:          0       94        0      
    +--+--------------------------+-------+---------+---------+
       Grand Total:               29508   610       8500   


LINKER GENERATED COPY TABLES

__TI_cinit_table @ 00002980 records: 4, size/record: 8, table size: 32
	.kernelBSS: load addr=00002940, load size=00000013 bytes, run addr=08000800, run size=00000108 bytes, compression=lzss
	.data: load addr=00002953, load size=0000000f bytes, run addr=08003000, run size=00000024 bytes, compression=lzss
	.bss: load addr=00002970, load size=00000008 bytes, run addr=08003024, run size=00000008 bytes, compression=zero_init
	.kernelHEAP: load addr=00002978, load size=00000008 bytes, run addr=08001000, run size=00002000 bytes, compression=zero_init


LINKER GENERATED HANDLER TABLE

__TI_handler_table @ 00002964 records: 3, size/record: 4, table size: 12
	index: 0, handler: __TI_decompress_lzss
	index: 1, handler: __TI_decompress_none
	index: 2, handler: __TI_zero_init


GLOBAL SYMBOLS: SORTED ALPHABETICALLY BY Name 

address   name                                
-------   ----                                
0000c894  C$$EXIT                             
UNDEFED   SHT$$INIT_ARRAY$$Base               
UNDEFED   SHT$$INIT_ARRAY$$Limit              
00002980  __TI_CINIT_Base                     
000029a0  __TI_CINIT_Limit                    
00002964  __TI_Handler_Table_Base             
00002970  __TI_Handler_Table_Limit            
0000b4a4  __TI_PINIT_Base                     
0000b4a8  __TI_PINIT_Limit                    
0000c75c  __TI_auto_init                      
08003010  __TI_cleanup_ptr                    
0000c804  __TI_decompress_lzss                
0000ca04  __TI_decompress_none                
08003014  __TI_dtors_ptr                      
08003018  __TI_enable_exit_profile_output     
ffffffff  __TI_pprof_out_hndl                 
ffffffff  __TI_prof_data_size                 
ffffffff  __TI_prof_data_start                
00000000  __TI_static_base__                  
0000ca18  __TI_zero_init                      
0000c6ac  __aeabi_memclr                      
0000c6ac  __aeabi_memclr4                     
0000c6ac  __aeabi_memclr8                     
0000c1c4  __aeabi_memcpy                      
0000c1c4  __aeabi_memcpy4                     
0000c1c4  __aeabi_memcpy8                     
0000c6b0  __aeabi_memset                      
0000c6b0  __aeabi_memset4                     
0000c6b0  __aeabi_memset8                     
ffffffff  __binit__                           
ffffffff  __c_args__                          
0000c5f8  _c_int00                            
0000b458  _cacheDisable_                      
0000b414  _cacheEnable_                       
0000b3f4  _checkMemInitOn_                    
0000b300  _coreClearAuxiliaryDataFault_       
0000b314  _coreClearAuxiliaryInstructionFault_
0000b2d8  _coreClearDataFaultAddress_         
0000b2b0  _coreClearDataFault_                
0000b2ec  _coreClearInstructionFaultAddress_  
0000b2c4  _coreClearInstructionFault_         
0000b288  _coreDisableEventBusExport_         
0000b278  _coreEnableEventBusExport_          
0000b298  _coreEnableIrqVicOffset_            
0000b260  _coreEnableVfp_                     
0000b2f8  _coreGetAuxiliaryDataFault_         
0000b30c  _coreGetAuxiliaryInstructionFault_  
0000b2d0  _coreGetDataFaultAddress_           
0000b2a8  _coreGetDataFault_                  
0000b2e4  _coreGetInstructionFaultAddress_    
0000b2bc  _coreGetInstructionFault_           
0000b0e8  _coreInitRegisters_                 
0000b1f4  _coreInitStackPointer_              
0000b47c  _dCacheInvalidate_                  
0000b320  _disable_IRQ_interrupt_             
0000b328  _enable_IRQ_interrupt_              
0000b330  _enable_interrupt_                  
0000b338  _esmCcmErrorsClear_                 
0000b240  _getCPSRValue_                      
0000b248  _gotoCPUIdle_                       
0000b490  _iCacheInvalidate_                  
0800301c  _lock                               
0000b3c0  _memInit_                           
0000b7c0  _mpuAreRegionsSeparate_             
0000b7a4  _mpuDisableBackgroundRegion_        
0000b77c  _mpuDisable_                        
0000b794  _mpuEnableBackgroundRegion_         
0000b764  _mpuEnable_                         
0000b7b4  _mpuGetNumberOfRegions_             
0000b7e4  _mpuGetRegionBaseAddress_           
0000b804  _mpuGetRegionPermission_            
0000b7f8  _mpuGetRegionType_                  
0000b7d4  _mpuGetRegion_                      
0000b4ac  _mpuInit_                           
0000b7dc  _mpuSetRegionBaseAddress_           
0000b810  _mpuSetRegionSizeRegister_          
0000b7ec  _mpuSetRegionTypeAndPermission_     
0000b7cc  _mpuSetRegion_                      
0000c9f8  _nop                                
0000c9ec  _register_lock                      
0000c9e0  _register_unlock                    
0000ca2c  _system_post_cinit                  
08003020  _unlock                             
0000c89c  abort                               
0000c05c  adcNotification                     
ffffffff  binit                               
0000c070  canErrorNotification                
0000c098  canMessageNotification              
0000c084  canStatusChangeNotification         
0000c924  copy_in                             
0000c048  dmaGroupANotification               
0000c19c  ecapNotification                    
0000c13c  edgeNotification                    
0000c1b0  epcCAMFullNotification              
0000c1b4  epcFIFOFullNotification             
0000c188  eqepNotification                    
0000a6d4  esmActivateNormalOperation          
0000a830  esmClearStatus                      
0000a898  esmClearStatusBuffer                
0000a874  esmClearStatusUpper                 
0000a67c  esmDisableError                     
0000a6a8  esmDisableErrorUpper                
0000a72c  esmDisableInterrupt                 
0000a758  esmDisableInterruptUpper            
0000a634  esmEnableError                      
0000a660  esmEnableErrorUpper                 
0000a6e4  esmEnableInterrupt                  
0000a710  esmEnableInterruptUpper             
0000a9c8  esmEnterSelfTest                    
0000a618  esmError                            
0000aaa0  esmGetConfigValue                   
0000a8d4  esmGetStatus                        
0000a9a0  esmGetStatusBuffer                  
0000a958  esmGetStatusUpper                   
0000c010  esmGroup1Notification               
0000c024  esmGroup2Notification               
0000c038  esmGroup3Notification               
0000c344  esmHighInterrupt                    
0000a4bc  esmInit                             
0000aa50  esmSelfTestStatus                   
0000a8b4  esmSetCounterPreloadValue           
0000a774  esmSetInterruptLevel                
0000a7f0  esmSetInterruptLevelUpper           
0000a6c4  esmTriggerErrorPinReset             
0000c164  etpwmNotification                   
0000c174  etpwmTripNotification               
0000c8a8  exit                                
00008d4c  getResetSource                      
0000aec4  gioDisableNotification              
0000ae5c  gioEnableNotification               
0000adc4  gioGetBit                           
0000af2c  gioGetConfigValue                   
0000adec  gioGetPort                          
0000ac64  gioInit                             
0000c0ac  gioNotification                     
0000ad54  gioSetBit                           
0000ad34  gioSetDirection                     
0000ada4  gioSetPort                          
0000ae04  gioToggleBit                        
0000c150  hetNotification                     
0000c0c0  i2cNotification                     
0000c0d4  linNotification                     
0000c9a8  main                                
00008b7c  mapClocks                           
0000c1c4  memcpy                              
0000c6bc  memset                              
0000c0fc  mibspiGroupNotification             
0000c0e8  mibspiNotification                  
00008020  muxInit                             
00008ac8  periphInit                          
0000ca28  phantomInterrupt                    
0000218c  prvMpuDisable                       
00002174  prvMpuEnable                        
0000215c  prvMpuSetRegion                     
00002590  pvPortMalloc                        
0000c124  pwmNotification                     
080008d0  pxCurrentTCB                        
000021b4  pxPortInitialiseStack               
00000000  resetEntry                          
0000c110  sciNotification                     
00008a88  setupFlash                          
000089e0  setupPLL                            
00008e74  systemGetConfigValue                
00008ca8  systemInit                          
00008d1c  systemPowerDown                     
00008a40  trimLPO                             
08000900  ulCriticalNesting                   
00002078  ulPortCountLeadingZeros             
08000904  ulTaskHasFPUContext                 
00009d00  ulTaskNotifyTake                    
0000bf84  uxListRemove                        
00000f60  uxTaskGetNumberOfTasks              
00001bbc  uxTaskGetStackHighWaterMark         
00000660  uxTaskPriorityGet                   
000006a4  uxTaskPriorityGetFromISR            
00001c8c  uxTaskResetEventItemValue           
0000bdd8  vListInitialise                     
0000be30  vListInitialiseItem                 
0000bec0  vListInsert                         
0000be4c  vListInsertEnd                      
0000255c  vPortEndScheduler                   
00002800  vPortFree                           
00002918  vPortInitialiseBlocks               
0000206c  vPortInitialiseFPSCR                
00001f6c  vPortPreemptiveTick                 
00002080  vPortSWI                            
00001cfc  vPortStartFirstTask                 
000022c8  vPortStoreTaskMPUSettings           
00001e78  vPortYeildWithinAPI                 
00001d8c  vPortYieldProcessor                 
000018b4  vTaskAllocateMPURegions             
00000594  vTaskDelay                          
000003fc  vTaskDelayUntil                     
000002bc  vTaskDelete                         
00000d50  vTaskEndScheduler                   
00001784  vTaskMissedYield                    
0000a354  vTaskNotifyGiveFromISR              
00001298  vTaskPlaceOnEventList               
00001350  vTaskPlaceOnUnorderedEventList      
000006ec  vTaskPrioritySet                    
00000af0  vTaskResume                         
0000163c  vTaskSetTimeOutState                
00000cbc  vTaskStartScheduler                 
000008e4  vTaskSuspend                        
00000d6c  vTaskSuspendAll                     
000011b4  vTaskSwitchContext                  
00009410  vimChannelMap                       
0000967c  vimDisableInterrupt                 
0000b818  vimECCErrorHandler                  
000094b4  vimEnableInterrupt                  
00009728  vimGetConfigValue                   
0000933c  vimInit                             
00002900  xPortGetFreeHeapSize                
0000290c  xPortGetMinimumEverFreeHeapSize     
0000253c  xPortStartScheduler                 
0000167c  xTaskCheckForTimeOut                
00000020  xTaskGenericCreate                  
00001c3c  xTaskGetSchedulerState              
00000f20  xTaskGetTickCount                   
00000f3c  xTaskGetTickCountFromISR            
00000f7c  xTaskIncrementTick                  
00009fd4  xTaskNotify                         
0000a180  xTaskNotifyFromISR                  
00009e50  xTaskNotifyWait                     
0000144c  xTaskRemoveFromEventList            
00001538  xTaskRemoveFromUnorderedEventList   
00000d80  xTaskResumeAll                      
00000bd4  xTaskResumeFromISR                  


GLOBAL SYMBOLS: SORTED BY Symbol Address 

address   name                                
-------   ----                                
00000000  __TI_static_base__                  
00000000  resetEntry                          
00000020  xTaskGenericCreate                  
000002bc  vTaskDelete                         
000003fc  vTaskDelayUntil                     
00000594  vTaskDelay                          
00000660  uxTaskPriorityGet                   
000006a4  uxTaskPriorityGetFromISR            
000006ec  vTaskPrioritySet                    
000008e4  vTaskSuspend                        
00000af0  vTaskResume                         
00000bd4  xTaskResumeFromISR                  
00000cbc  vTaskStartScheduler                 
00000d50  vTaskEndScheduler                   
00000d6c  vTaskSuspendAll                     
00000d80  xTaskResumeAll                      
00000f20  xTaskGetTickCount                   
00000f3c  xTaskGetTickCountFromISR            
00000f60  uxTaskGetNumberOfTasks              
00000f7c  xTaskIncrementTick                  
000011b4  vTaskSwitchContext                  
00001298  vTaskPlaceOnEventList               
00001350  vTaskPlaceOnUnorderedEventList      
0000144c  xTaskRemoveFromEventList            
00001538  xTaskRemoveFromUnorderedEventList   
0000163c  vTaskSetTimeOutState                
0000167c  xTaskCheckForTimeOut                
00001784  vTaskMissedYield                    
000018b4  vTaskAllocateMPURegions             
00001bbc  uxTaskGetStackHighWaterMark         
00001c3c  xTaskGetSchedulerState              
00001c8c  uxTaskResetEventItemValue           
00001cfc  vPortStartFirstTask                 
00001d8c  vPortYieldProcessor                 
00001e78  vPortYeildWithinAPI                 
00001f6c  vPortPreemptiveTick                 
0000206c  vPortInitialiseFPSCR                
00002078  ulPortCountLeadingZeros             
00002080  vPortSWI                            
0000215c  prvMpuSetRegion                     
00002174  prvMpuEnable                        
0000218c  prvMpuDisable                       
000021b4  pxPortInitialiseStack               
000022c8  vPortStoreTaskMPUSettings           
0000253c  xPortStartScheduler                 
0000255c  vPortEndScheduler                   
00002590  pvPortMalloc                        
00002800  vPortFree                           
00002900  xPortGetFreeHeapSize                
0000290c  xPortGetMinimumEverFreeHeapSize     
00002918  vPortInitialiseBlocks               
00002964  __TI_Handler_Table_Base             
00002970  __TI_Handler_Table_Limit            
00002980  __TI_CINIT_Base                     
000029a0  __TI_CINIT_Limit                    
00008020  muxInit                             
000089e0  setupPLL                            
00008a40  trimLPO                             
00008a88  setupFlash                          
00008ac8  periphInit                          
00008b7c  mapClocks                           
00008ca8  systemInit                          
00008d1c  systemPowerDown                     
00008d4c  getResetSource                      
00008e74  systemGetConfigValue                
0000933c  vimInit                             
00009410  vimChannelMap                       
000094b4  vimEnableInterrupt                  
0000967c  vimDisableInterrupt                 
00009728  vimGetConfigValue                   
00009d00  ulTaskNotifyTake                    
00009e50  xTaskNotifyWait                     
00009fd4  xTaskNotify                         
0000a180  xTaskNotifyFromISR                  
0000a354  vTaskNotifyGiveFromISR              
0000a4bc  esmInit                             
0000a618  esmError                            
0000a634  esmEnableError                      
0000a660  esmEnableErrorUpper                 
0000a67c  esmDisableError                     
0000a6a8  esmDisableErrorUpper                
0000a6c4  esmTriggerErrorPinReset             
0000a6d4  esmActivateNormalOperation          
0000a6e4  esmEnableInterrupt                  
0000a710  esmEnableInterruptUpper             
0000a72c  esmDisableInterrupt                 
0000a758  esmDisableInterruptUpper            
0000a774  esmSetInterruptLevel                
0000a7f0  esmSetInterruptLevelUpper           
0000a830  esmClearStatus                      
0000a874  esmClearStatusUpper                 
0000a898  esmClearStatusBuffer                
0000a8b4  esmSetCounterPreloadValue           
0000a8d4  esmGetStatus                        
0000a958  esmGetStatusUpper                   
0000a9a0  esmGetStatusBuffer                  
0000a9c8  esmEnterSelfTest                    
0000aa50  esmSelfTestStatus                   
0000aaa0  esmGetConfigValue                   
0000ac64  gioInit                             
0000ad34  gioSetDirection                     
0000ad54  gioSetBit                           
0000ada4  gioSetPort                          
0000adc4  gioGetBit                           
0000adec  gioGetPort                          
0000ae04  gioToggleBit                        
0000ae5c  gioEnableNotification               
0000aec4  gioDisableNotification              
0000af2c  gioGetConfigValue                   
0000b0e8  _coreInitRegisters_                 
0000b1f4  _coreInitStackPointer_              
0000b240  _getCPSRValue_                      
0000b248  _gotoCPUIdle_                       
0000b260  _coreEnableVfp_                     
0000b278  _coreEnableEventBusExport_          
0000b288  _coreDisableEventBusExport_         
0000b298  _coreEnableIrqVicOffset_            
0000b2a8  _coreGetDataFault_                  
0000b2b0  _coreClearDataFault_                
0000b2bc  _coreGetInstructionFault_           
0000b2c4  _coreClearInstructionFault_         
0000b2d0  _coreGetDataFaultAddress_           
0000b2d8  _coreClearDataFaultAddress_         
0000b2e4  _coreGetInstructionFaultAddress_    
0000b2ec  _coreClearInstructionFaultAddress_  
0000b2f8  _coreGetAuxiliaryDataFault_         
0000b300  _coreClearAuxiliaryDataFault_       
0000b30c  _coreGetAuxiliaryInstructionFault_  
0000b314  _coreClearAuxiliaryInstructionFault_
0000b320  _disable_IRQ_interrupt_             
0000b328  _enable_IRQ_interrupt_              
0000b330  _enable_interrupt_                  
0000b338  _esmCcmErrorsClear_                 
0000b3c0  _memInit_                           
0000b3f4  _checkMemInitOn_                    
0000b414  _cacheEnable_                       
0000b458  _cacheDisable_                      
0000b47c  _dCacheInvalidate_                  
0000b490  _iCacheInvalidate_                  
0000b4a4  __TI_PINIT_Base                     
0000b4a8  __TI_PINIT_Limit                    
0000b4ac  _mpuInit_                           
0000b764  _mpuEnable_                         
0000b77c  _mpuDisable_                        
0000b794  _mpuEnableBackgroundRegion_         
0000b7a4  _mpuDisableBackgroundRegion_        
0000b7b4  _mpuGetNumberOfRegions_             
0000b7c0  _mpuAreRegionsSeparate_             
0000b7cc  _mpuSetRegion_                      
0000b7d4  _mpuGetRegion_                      
0000b7dc  _mpuSetRegionBaseAddress_           
0000b7e4  _mpuGetRegionBaseAddress_           
0000b7ec  _mpuSetRegionTypeAndPermission_     
0000b7f8  _mpuGetRegionType_                  
0000b804  _mpuGetRegionPermission_            
0000b810  _mpuSetRegionSizeRegister_          
0000b818  vimECCErrorHandler                  
0000bdd8  vListInitialise                     
0000be30  vListInitialiseItem                 
0000be4c  vListInsertEnd                      
0000bec0  vListInsert                         
0000bf84  uxListRemove                        
0000c010  esmGroup1Notification               
0000c024  esmGroup2Notification               
0000c038  esmGroup3Notification               
0000c048  dmaGroupANotification               
0000c05c  adcNotification                     
0000c070  canErrorNotification                
0000c084  canStatusChangeNotification         
0000c098  canMessageNotification              
0000c0ac  gioNotification                     
0000c0c0  i2cNotification                     
0000c0d4  linNotification                     
0000c0e8  mibspiNotification                  
0000c0fc  mibspiGroupNotification             
0000c110  sciNotification                     
0000c124  pwmNotification                     
0000c13c  edgeNotification                    
0000c150  hetNotification                     
0000c164  etpwmNotification                   
0000c174  etpwmTripNotification               
0000c188  eqepNotification                    
0000c19c  ecapNotification                    
0000c1b0  epcCAMFullNotification              
0000c1b4  epcFIFOFullNotification             
0000c1c4  __aeabi_memcpy                      
0000c1c4  __aeabi_memcpy4                     
0000c1c4  __aeabi_memcpy8                     
0000c1c4  memcpy                              
0000c344  esmHighInterrupt                    
0000c5f8  _c_int00                            
0000c6ac  __aeabi_memclr                      
0000c6ac  __aeabi_memclr4                     
0000c6ac  __aeabi_memclr8                     
0000c6b0  __aeabi_memset                      
0000c6b0  __aeabi_memset4                     
0000c6b0  __aeabi_memset8                     
0000c6bc  memset                              
0000c75c  __TI_auto_init                      
0000c804  __TI_decompress_lzss                
0000c894  C$$EXIT                             
0000c89c  abort                               
0000c8a8  exit                                
0000c924  copy_in                             
0000c9a8  main                                
0000c9e0  _register_unlock                    
0000c9ec  _register_lock                      
0000c9f8  _nop                                
0000ca04  __TI_decompress_none                
0000ca18  __TI_zero_init                      
0000ca28  phantomInterrupt                    
0000ca2c  _system_post_cinit                  
080008d0  pxCurrentTCB                        
08000900  ulCriticalNesting                   
08000904  ulTaskHasFPUContext                 
08003010  __TI_cleanup_ptr                    
08003014  __TI_dtors_ptr                      
08003018  __TI_enable_exit_profile_output     
0800301c  _lock                               
08003020  _unlock                             
ffffffff  __TI_pprof_out_hndl                 
ffffffff  __TI_prof_data_size                 
ffffffff  __TI_prof_data_start                
ffffffff  __binit__                           
ffffffff  __c_args__                          
ffffffff  binit                               
UNDEFED   SHT$$INIT_ARRAY$$Base               
UNDEFED   SHT$$INIT_ARRAY$$Limit              

[228 symbols]
