<?xml version="1.0"?>
<link_info>
   <banner>TI ARM Linker Unix v16.9.1.LTS</banner>
   <copyright>Copyright (c) 1996-2015 Texas Instruments Incorporated</copyright>
   <link_time>0x592af6fc</link_time>
   <link_errors>0x0</link_errors>
   <output_file>MCU_proj.out</output_file>
   <entry_point>
      <name>_c_int00</name>
      <address>0xc5f8</address>
   </entry_point>
   <input_file_list>
      <input_file id="fl-2">
         <path>./source/</path>
         <kind>object</kind>
         <file>HL_adc.obj</file>
         <name>HL_adc.obj</name>
      </input_file>
      <input_file id="fl-3">
         <path>./source/</path>
         <kind>object</kind>
         <file>HL_can.obj</file>
         <name>HL_can.obj</name>
      </input_file>
      <input_file id="fl-4">
         <path>./source/</path>
         <kind>object</kind>
         <file>HL_ecap.obj</file>
         <name>HL_ecap.obj</name>
      </input_file>
      <input_file id="fl-5">
         <path>./source/</path>
         <kind>object</kind>
         <file>HL_epc.obj</file>
         <name>HL_epc.obj</name>
      </input_file>
      <input_file id="fl-6">
         <path>./source/</path>
         <kind>object</kind>
         <file>HL_eqep.obj</file>
         <name>HL_eqep.obj</name>
      </input_file>
      <input_file id="fl-7">
         <path>./source/</path>
         <kind>object</kind>
         <file>HL_errata.obj</file>
         <name>HL_errata.obj</name>
      </input_file>
      <input_file id="fl-8">
         <path>./source/</path>
         <kind>object</kind>
         <file>HL_esm.obj</file>
         <name>HL_esm.obj</name>
      </input_file>
      <input_file id="fl-9">
         <path>./source/</path>
         <kind>object</kind>
         <file>HL_etpwm.obj</file>
         <name>HL_etpwm.obj</name>
      </input_file>
      <input_file id="fl-a">
         <path>./source/</path>
         <kind>object</kind>
         <file>HL_gio.obj</file>
         <name>HL_gio.obj</name>
      </input_file>
      <input_file id="fl-b">
         <path>./source/</path>
         <kind>object</kind>
         <file>HL_het.obj</file>
         <name>HL_het.obj</name>
      </input_file>
      <input_file id="fl-c">
         <path>./source/</path>
         <kind>object</kind>
         <file>HL_i2c.obj</file>
         <name>HL_i2c.obj</name>
      </input_file>
      <input_file id="fl-d">
         <path>./source/</path>
         <kind>object</kind>
         <file>HL_lin.obj</file>
         <name>HL_lin.obj</name>
      </input_file>
      <input_file id="fl-e">
         <path>./source/</path>
         <kind>object</kind>
         <file>HL_mibspi.obj</file>
         <name>HL_mibspi.obj</name>
      </input_file>
      <input_file id="fl-f">
         <path>./source/</path>
         <kind>object</kind>
         <file>HL_nmpu.obj</file>
         <name>HL_nmpu.obj</name>
      </input_file>
      <input_file id="fl-10">
         <path>./source/</path>
         <kind>object</kind>
         <file>HL_notification.obj</file>
         <name>HL_notification.obj</name>
      </input_file>
      <input_file id="fl-11">
         <path>./source/</path>
         <kind>object</kind>
         <file>HL_pinmux.obj</file>
         <name>HL_pinmux.obj</name>
      </input_file>
      <input_file id="fl-12">
         <path>./source/</path>
         <kind>object</kind>
         <file>HL_sci.obj</file>
         <name>HL_sci.obj</name>
      </input_file>
      <input_file id="fl-13">
         <path>./source/</path>
         <kind>object</kind>
         <file>HL_sys_core.obj</file>
         <name>HL_sys_core.obj</name>
      </input_file>
      <input_file id="fl-14">
         <path>./source/</path>
         <kind>object</kind>
         <file>HL_sys_dma.obj</file>
         <name>HL_sys_dma.obj</name>
      </input_file>
      <input_file id="fl-15">
         <path>./source/</path>
         <kind>object</kind>
         <file>HL_sys_intvecs.obj</file>
         <name>HL_sys_intvecs.obj</name>
      </input_file>
      <input_file id="fl-16">
         <path>./source/</path>
         <kind>object</kind>
         <file>HL_sys_main.obj</file>
         <name>HL_sys_main.obj</name>
      </input_file>
      <input_file id="fl-17">
         <path>./source/</path>
         <kind>object</kind>
         <file>HL_sys_mpu.obj</file>
         <name>HL_sys_mpu.obj</name>
      </input_file>
      <input_file id="fl-18">
         <path>./source/</path>
         <kind>object</kind>
         <file>HL_sys_pcr.obj</file>
         <name>HL_sys_pcr.obj</name>
      </input_file>
      <input_file id="fl-19">
         <path>./source/</path>
         <kind>object</kind>
         <file>HL_sys_phantom.obj</file>
         <name>HL_sys_phantom.obj</name>
      </input_file>
      <input_file id="fl-1a">
         <path>./source/</path>
         <kind>object</kind>
         <file>HL_sys_pmm.obj</file>
         <name>HL_sys_pmm.obj</name>
      </input_file>
      <input_file id="fl-1b">
         <path>./source/</path>
         <kind>object</kind>
         <file>HL_sys_pmu.obj</file>
         <name>HL_sys_pmu.obj</name>
      </input_file>
      <input_file id="fl-1c">
         <path>./source/</path>
         <kind>object</kind>
         <file>HL_sys_startup.obj</file>
         <name>HL_sys_startup.obj</name>
      </input_file>
      <input_file id="fl-1d">
         <path>./source/</path>
         <kind>object</kind>
         <file>HL_sys_vim.obj</file>
         <name>HL_sys_vim.obj</name>
      </input_file>
      <input_file id="fl-1e">
         <path>./source/</path>
         <kind>object</kind>
         <file>HL_system.obj</file>
         <name>HL_system.obj</name>
      </input_file>
      <input_file id="fl-1f">
         <path>./source/</path>
         <kind>object</kind>
         <file>os_croutine.obj</file>
         <name>os_croutine.obj</name>
      </input_file>
      <input_file id="fl-20">
         <path>./source/</path>
         <kind>object</kind>
         <file>os_event_groups.obj</file>
         <name>os_event_groups.obj</name>
      </input_file>
      <input_file id="fl-21">
         <path>./source/</path>
         <kind>object</kind>
         <file>os_heap.obj</file>
         <name>os_heap.obj</name>
      </input_file>
      <input_file id="fl-22">
         <path>./source/</path>
         <kind>object</kind>
         <file>os_list.obj</file>
         <name>os_list.obj</name>
      </input_file>
      <input_file id="fl-23">
         <path>./source/</path>
         <kind>object</kind>
         <file>os_mpu_wrappers.obj</file>
         <name>os_mpu_wrappers.obj</name>
      </input_file>
      <input_file id="fl-24">
         <path>./source/</path>
         <kind>object</kind>
         <file>os_port.obj</file>
         <name>os_port.obj</name>
      </input_file>
      <input_file id="fl-25">
         <path>./source/</path>
         <kind>object</kind>
         <file>os_portasm.obj</file>
         <name>os_portasm.obj</name>
      </input_file>
      <input_file id="fl-26">
         <path>./source/</path>
         <kind>object</kind>
         <file>os_queue.obj</file>
         <name>os_queue.obj</name>
      </input_file>
      <input_file id="fl-27">
         <path>./source/</path>
         <kind>object</kind>
         <file>os_tasks.obj</file>
         <name>os_tasks.obj</name>
      </input_file>
      <input_file id="fl-28">
         <path>./source/</path>
         <kind>object</kind>
         <file>os_timer.obj</file>
         <name>os_timer.obj</name>
      </input_file>
      <input_file id="fl-e2">
         <path>/home/kwrg/ti/ccsv7/tools/compiler/ti-cgt-arm_16.9.1.LTS/lib/</path>
         <kind>archive</kind>
         <file>rtsv7R4_A_le_v3D16_eabi.lib</file>
         <name>autoinit.obj</name>
      </input_file>
      <input_file id="fl-e3">
         <path>/home/kwrg/ti/ccsv7/tools/compiler/ti-cgt-arm_16.9.1.LTS/lib/</path>
         <kind>archive</kind>
         <file>rtsv7R4_A_le_v3D16_eabi.lib</file>
         <name>copy_decompress_lzss.obj</name>
      </input_file>
      <input_file id="fl-e4">
         <path>/home/kwrg/ti/ccsv7/tools/compiler/ti-cgt-arm_16.9.1.LTS/lib/</path>
         <kind>archive</kind>
         <file>rtsv7R4_A_le_v3D16_eabi.lib</file>
         <name>copy_decompress_none.obj</name>
      </input_file>
      <input_file id="fl-e5">
         <path>/home/kwrg/ti/ccsv7/tools/compiler/ti-cgt-arm_16.9.1.LTS/lib/</path>
         <kind>archive</kind>
         <file>rtsv7R4_A_le_v3D16_eabi.lib</file>
         <name>copy_zero_init.obj</name>
      </input_file>
      <input_file id="fl-e6">
         <path>/home/kwrg/ti/ccsv7/tools/compiler/ti-cgt-arm_16.9.1.LTS/lib/</path>
         <kind>archive</kind>
         <file>rtsv7R4_A_le_v3D16_eabi.lib</file>
         <name>cpy_tbl.obj</name>
      </input_file>
      <input_file id="fl-e7">
         <path>/home/kwrg/ti/ccsv7/tools/compiler/ti-cgt-arm_16.9.1.LTS/lib/</path>
         <kind>archive</kind>
         <file>rtsv7R4_A_le_v3D16_eabi.lib</file>
         <name>exit.obj</name>
      </input_file>
      <input_file id="fl-e8">
         <path>/home/kwrg/ti/ccsv7/tools/compiler/ti-cgt-arm_16.9.1.LTS/lib/</path>
         <kind>archive</kind>
         <file>rtsv7R4_A_le_v3D16_eabi.lib</file>
         <name>memcpy32.obj</name>
      </input_file>
      <input_file id="fl-e9">
         <path>/home/kwrg/ti/ccsv7/tools/compiler/ti-cgt-arm_16.9.1.LTS/lib/</path>
         <kind>archive</kind>
         <file>rtsv7R4_A_le_v3D16_eabi.lib</file>
         <name>memset32.obj</name>
      </input_file>
      <input_file id="fl-ea">
         <path>/home/kwrg/ti/ccsv7/tools/compiler/ti-cgt-arm_16.9.1.LTS/lib/</path>
         <kind>archive</kind>
         <file>rtsv7R4_A_le_v3D16_eabi.lib</file>
         <name>s_floor.obj</name>
      </input_file>
      <input_file id="fl-eb">
         <path>/home/kwrg/ti/ccsv7/tools/compiler/ti-cgt-arm_16.9.1.LTS/lib/</path>
         <kind>archive</kind>
         <file>rtsv7R4_A_le_v3D16_eabi.lib</file>
         <name>startup.obj</name>
      </input_file>
      <input_file id="fl-ec">
         <path>/home/kwrg/ti/ccsv7/tools/compiler/ti-cgt-arm_16.9.1.LTS/lib/</path>
         <kind>archive</kind>
         <file>rtsv7R4_A_le_v3D16_eabi.lib</file>
         <name>u_div32.obj</name>
      </input_file>
      <input_file id="fl-ed">
         <path>/home/kwrg/ti/ccsv7/tools/compiler/ti-cgt-arm_16.9.1.LTS/lib/</path>
         <kind>archive</kind>
         <file>rtsv7R4_A_le_v3D16_eabi.lib</file>
         <name>_lock.obj</name>
      </input_file>
      <input_file id="fl-ee">
         <path>/home/kwrg/ti/ccsv7/tools/compiler/ti-cgt-arm_16.9.1.LTS/lib/</path>
         <kind>archive</kind>
         <file>rtsv7R4_A_le_v3D16_eabi.lib</file>
         <name>i_div0.obj</name>
      </input_file>
   </input_file_list>
   <object_component_list>
      <object_component id="oc-2f">
         <name>.intvecs</name>
         <load_address>0x0</load_address>
         <run_address>0x0</run_address>
         <size>0x20</size>
         <input_file_ref idref="fl-15"/>
      </object_component>
      <object_component id="oc-10f">
         <name>.kernelTEXT</name>
         <load_address>0x20</load_address>
         <run_address>0x20</run_address>
         <size>0x1cd8</size>
         <input_file_ref idref="fl-27"/>
      </object_component>
      <object_component id="oc-9e">
         <name>.kernelTEXT</name>
         <load_address>0x1cf8</load_address>
         <run_address>0x1cf8</run_address>
         <size>0x4bc</size>
         <input_file_ref idref="fl-25"/>
      </object_component>
      <object_component id="oc-1b5">
         <name>.kernelTEXT</name>
         <load_address>0x21b4</load_address>
         <run_address>0x21b4</run_address>
         <size>0x3dc</size>
         <input_file_ref idref="fl-24"/>
      </object_component>
      <object_component id="oc-1ca">
         <name>.kernelTEXT</name>
         <load_address>0x2590</load_address>
         <run_address>0x2590</run_address>
         <size>0x3a4</size>
         <input_file_ref idref="fl-21"/>
      </object_component>
      <object_component id="oc-2d3">
         <name>.cinit..kernelBSS.load</name>
         <load_address>0x2940</load_address>
         <run_address>0x2940</run_address>
         <size>0x13</size>
      </object_component>
      <object_component id="oc-2d6">
         <name>.cinit..data.load</name>
         <load_address>0x2953</load_address>
         <run_address>0x2953</run_address>
         <size>0xf</size>
      </object_component>
      <object_component id="oc-2d1">
         <name>__TI_handler_table</name>
         <load_address>0x2964</load_address>
         <run_address>0x2964</run_address>
         <size>0xc</size>
      </object_component>
      <object_component id="oc-2d5">
         <name>.cinit..bss.load</name>
         <load_address>0x2970</load_address>
         <run_address>0x2970</run_address>
         <size>0x8</size>
      </object_component>
      <object_component id="oc-2d4">
         <name>.cinit..kernelHEAP.load</name>
         <load_address>0x2978</load_address>
         <run_address>0x2978</run_address>
         <size>0x8</size>
      </object_component>
      <object_component id="oc-2d2">
         <name>__TI_cinit_table</name>
         <load_address>0x2980</load_address>
         <run_address>0x2980</run_address>
         <size>0x20</size>
      </object_component>
      <object_component id="oc-d2">
         <name>.text</name>
         <load_address>0x8020</load_address>
         <run_address>0x8020</run_address>
         <size>0x9c0</size>
         <input_file_ref idref="fl-11"/>
      </object_component>
      <object_component id="oc-74">
         <name>.text</name>
         <load_address>0x89e0</load_address>
         <run_address>0x89e0</run_address>
         <size>0x95c</size>
         <input_file_ref idref="fl-1e"/>
      </object_component>
      <object_component id="oc-3b">
         <name>.text</name>
         <load_address>0x933c</load_address>
         <run_address>0x933c</run_address>
         <size>0x93c</size>
         <input_file_ref idref="fl-1d"/>
      </object_component>
      <object_component id="oc-1c1">
         <name>.text</name>
         <load_address>0x9c78</load_address>
         <run_address>0x9c78</run_address>
         <size>0x844</size>
         <input_file_ref idref="fl-27"/>
      </object_component>
      <object_component id="oc-7a">
         <name>.text</name>
         <load_address>0xa4bc</load_address>
         <run_address>0xa4bc</run_address>
         <size>0x7a8</size>
         <input_file_ref idref="fl-8"/>
      </object_component>
      <object_component id="oc-f5">
         <name>.text</name>
         <load_address>0xac64</load_address>
         <run_address>0xac64</run_address>
         <size>0x484</size>
         <input_file_ref idref="fl-a"/>
      </object_component>
      <object_component id="oc-69">
         <name>.text</name>
         <load_address>0xb0e8</load_address>
         <run_address>0xb0e8</run_address>
         <size>0x3c4</size>
         <input_file_ref idref="fl-13"/>
      </object_component>
      <object_component id="oc-80">
         <name>.text</name>
         <load_address>0xb4ac</load_address>
         <run_address>0xb4ac</run_address>
         <size>0x36c</size>
         <input_file_ref idref="fl-17"/>
      </object_component>
      <object_component id="oc-3a">
         <name>.text:retain</name>
         <load_address>0xb818</load_address>
         <run_address>0xb818</run_address>
         <size>0x33c</size>
         <input_file_ref idref="fl-1d"/>
      </object_component>
      <object_component id="oc-223">
         <name>.text</name>
         <load_address>0xbb54</load_address>
         <run_address>0xbb54</run_address>
         <size>0x284</size>
         <input_file_ref idref="fl-21"/>
      </object_component>
      <object_component id="oc-1bb">
         <name>.text</name>
         <load_address>0xbdd8</load_address>
         <run_address>0xbdd8</run_address>
         <size>0x238</size>
         <input_file_ref idref="fl-22"/>
      </object_component>
      <object_component id="oc-6e">
         <name>.text</name>
         <load_address>0xc010</load_address>
         <run_address>0xc010</run_address>
         <size>0x1b4</size>
         <input_file_ref idref="fl-10"/>
      </object_component>
      <object_component id="oc-51">
         <name>.text</name>
         <load_address>0xc1c4</load_address>
         <run_address>0xc1c4</run_address>
         <size>0x180</size>
         <input_file_ref idref="fl-e8"/>
      </object_component>
      <object_component id="oc-26">
         <name>.text:retain</name>
         <load_address>0xc344</load_address>
         <run_address>0xc344</run_address>
         <size>0x178</size>
         <input_file_ref idref="fl-8"/>
      </object_component>
      <object_component id="oc-20c">
         <name>.text</name>
         <load_address>0xc4bc</load_address>
         <run_address>0xc4bc</run_address>
         <size>0x13c</size>
         <input_file_ref idref="fl-24"/>
      </object_component>
      <object_component id="oc-20">
         <name>.text:retain</name>
         <load_address>0xc5f8</load_address>
         <run_address>0xc5f8</run_address>
         <size>0xb4</size>
         <input_file_ref idref="fl-1c"/>
      </object_component>
      <object_component id="oc-5d">
         <name>.text</name>
         <load_address>0xc6ac</load_address>
         <run_address>0xc6ac</run_address>
         <size>0xb0</size>
         <input_file_ref idref="fl-e9"/>
      </object_component>
      <object_component id="oc-85">
         <name>.text</name>
         <load_address>0xc75c</load_address>
         <run_address>0xc75c</run_address>
         <size>0xa8</size>
         <input_file_ref idref="fl-e2"/>
      </object_component>
      <object_component id="oc-e">
         <name>.text:decompress:lzss</name>
         <load_address>0xc804</load_address>
         <run_address>0xc804</run_address>
         <size>0x90</size>
         <input_file_ref idref="fl-e3"/>
      </object_component>
      <object_component id="oc-91">
         <name>.text</name>
         <load_address>0xc894</load_address>
         <run_address>0xc894</run_address>
         <size>0x90</size>
         <input_file_ref idref="fl-e7"/>
      </object_component>
      <object_component id="oc-e7">
         <name>.text</name>
         <load_address>0xc924</load_address>
         <run_address>0xc924</run_address>
         <size>0x84</size>
         <input_file_ref idref="fl-e6"/>
      </object_component>
      <object_component id="oc-8b">
         <name>.text</name>
         <load_address>0xc9a8</load_address>
         <run_address>0xc9a8</run_address>
         <size>0x38</size>
         <input_file_ref idref="fl-16"/>
      </object_component>
      <object_component id="oc-1a9">
         <name>.text</name>
         <load_address>0xc9e0</load_address>
         <run_address>0xc9e0</run_address>
         <size>0x24</size>
         <input_file_ref idref="fl-ed"/>
      </object_component>
      <object_component id="oc-14">
         <name>.text:decompress:none</name>
         <load_address>0xca04</load_address>
         <run_address>0xca04</run_address>
         <size>0x14</size>
         <input_file_ref idref="fl-e4"/>
      </object_component>
      <object_component id="oc-1a">
         <name>.text:decompress:ZI</name>
         <load_address>0xca18</load_address>
         <run_address>0xca18</run_address>
         <size>0x10</size>
         <input_file_ref idref="fl-e5"/>
      </object_component>
      <object_component id="oc-34">
         <name>.text:retain</name>
         <load_address>0xca28</load_address>
         <run_address>0xca28</run_address>
         <size>0x4</size>
         <input_file_ref idref="fl-19"/>
      </object_component>
      <object_component id="oc-ed">
         <name>.text</name>
         <load_address>0xca2c</load_address>
         <run_address>0xca2c</run_address>
         <size>0x4</size>
         <input_file_ref idref="fl-eb"/>
      </object_component>
      <object_component id="oc-2c">
         <name>.const:s_vim_init</name>
         <load_address>0xca40</load_address>
         <run_address>0xca40</run_address>
         <size>0x200</size>
         <input_file_ref idref="fl-1d"/>
      </object_component>
      <object_component id="oc-22c">
         <name>.const</name>
         <load_address>0xcc40</load_address>
         <run_address>0xcc40</run_address>
         <size>0x4</size>
         <input_file_ref idref="fl-21"/>
      </object_component>
      <object_component id="oc-118">
         <name>.kernelBSS</name>
         <load_address>0x8000900</load_address>
         <run_address>0x8000900</run_address>
         <size>0x8</size>
         <input_file_ref idref="fl-24"/>
      </object_component>
      <object_component id="oc-115">
         <name>.kernelBSS:init</name>
         <load_address>0x80008d0</load_address>
         <run_address>0x80008d0</run_address>
         <size>0x30</size>
         <input_file_ref idref="fl-27"/>
      </object_component>
      <object_component id="oc-1c7">
         <name>.kernelBSS:uninit</name>
         <load_address>0x8000800</load_address>
         <run_address>0x8000800</run_address>
         <size>0xd0</size>
         <input_file_ref idref="fl-27"/>
      </object_component>
      <object_component id="oc-287">
         <name>.kernelHEAP</name>
         <uninitialized>true</uninitialized>
         <run_address>0x8001000</run_address>
         <size>0x2000</size>
         <input_file_ref idref="fl-21"/>
      </object_component>
      <object_component id="oc-22f">
         <name>.bss:xStart</name>
         <uninitialized>true</uninitialized>
         <run_address>0x8003024</run_address>
         <size>0x8</size>
         <input_file_ref idref="fl-21"/>
      </object_component>
      <object_component id="oc-229">
         <name>.data</name>
         <load_address>0x8003000</load_address>
         <run_address>0x8003000</run_address>
         <size>0x10</size>
         <input_file_ref idref="fl-21"/>
      </object_component>
      <object_component id="oc-101">
         <name>.data:$O1$$</name>
         <load_address>0x8003010</load_address>
         <run_address>0x8003010</run_address>
         <size>0xc</size>
         <input_file_ref idref="fl-e7"/>
      </object_component>
      <object_component id="oc-104">
         <name>.data:$O1$$</name>
         <load_address>0x800301c</load_address>
         <run_address>0x800301c</run_address>
         <size>0x8</size>
         <input_file_ref idref="fl-ed"/>
      </object_component>
      <object_component id="oc-146">
         <name>.debug_info</name>
         <load_address>0x0</load_address>
         <run_address>0x0</run_address>
         <size>0x187</size>
         <input_file_ref idref="fl-2"/>
      </object_component>
      <object_component id="oc-14b">
         <name>.debug_info</name>
         <load_address>0x187</load_address>
         <run_address>0x187</run_address>
         <size>0x791</size>
         <input_file_ref idref="fl-2"/>
      </object_component>
      <object_component id="oc-99">
         <name>.debug_info</name>
         <load_address>0x918</load_address>
         <run_address>0x918</run_address>
         <size>0x157</size>
         <input_file_ref idref="fl-2"/>
      </object_component>
      <object_component id="oc-fc">
         <name>.debug_info</name>
         <load_address>0xa6f</load_address>
         <run_address>0xa6f</run_address>
         <size>0x8b</size>
         <input_file_ref idref="fl-2"/>
      </object_component>
      <object_component id="oc-a9">
         <name>.debug_info</name>
         <load_address>0xafa</load_address>
         <run_address>0xafa</run_address>
         <size>0x18c</size>
         <input_file_ref idref="fl-2"/>
      </object_component>
      <object_component id="oc-10a">
         <name>.debug_info</name>
         <load_address>0xc86</load_address>
         <run_address>0xc86</run_address>
         <size>0x18b</size>
         <input_file_ref idref="fl-2"/>
      </object_component>
      <object_component id="oc-ae">
         <name>.debug_info</name>
         <load_address>0xe11</load_address>
         <run_address>0xe11</run_address>
         <size>0x86</size>
         <input_file_ref idref="fl-2"/>
      </object_component>
      <object_component id="oc-1e8">
         <name>.debug_info</name>
         <load_address>0xe97</load_address>
         <run_address>0xe97</run_address>
         <size>0x38f</size>
         <input_file_ref idref="fl-2"/>
      </object_component>
      <object_component id="oc-13c">
         <name>.debug_info</name>
         <load_address>0x1226</load_address>
         <run_address>0x1226</run_address>
         <size>0x36d</size>
         <input_file_ref idref="fl-2"/>
      </object_component>
      <object_component id="oc-1ee">
         <name>.debug_info</name>
         <load_address>0x1593</load_address>
         <run_address>0x1593</run_address>
         <size>0x170</size>
         <input_file_ref idref="fl-3"/>
      </object_component>
      <object_component id="oc-15a">
         <name>.debug_info</name>
         <load_address>0x1703</load_address>
         <run_address>0x1703</run_address>
         <size>0x49b</size>
         <input_file_ref idref="fl-3"/>
      </object_component>
      <object_component id="oc-24c">
         <name>.debug_info</name>
         <load_address>0x1b9e</load_address>
         <run_address>0x1b9e</run_address>
         <size>0x15f</size>
         <input_file_ref idref="fl-3"/>
      </object_component>
      <object_component id="oc-1ef">
         <name>.debug_info</name>
         <load_address>0x1cfd</load_address>
         <run_address>0x1cfd</run_address>
         <size>0x123</size>
         <input_file_ref idref="fl-4"/>
      </object_component>
      <object_component id="oc-253">
         <name>.debug_info</name>
         <load_address>0x1e20</load_address>
         <run_address>0x1e20</run_address>
         <size>0x359</size>
         <input_file_ref idref="fl-4"/>
      </object_component>
      <object_component id="oc-15f">
         <name>.debug_info</name>
         <load_address>0x2179</load_address>
         <run_address>0x2179</run_address>
         <size>0x152</size>
         <input_file_ref idref="fl-4"/>
      </object_component>
      <object_component id="oc-1e5">
         <name>.debug_info</name>
         <load_address>0x22cb</load_address>
         <run_address>0x22cb</run_address>
         <size>0x1da</size>
         <input_file_ref idref="fl-5"/>
      </object_component>
      <object_component id="oc-d9">
         <name>.debug_info</name>
         <load_address>0x24a5</load_address>
         <run_address>0x24a5</run_address>
         <size>0x429</size>
         <input_file_ref idref="fl-5"/>
      </object_component>
      <object_component id="oc-11e">
         <name>.debug_info</name>
         <load_address>0x28ce</load_address>
         <run_address>0x28ce</run_address>
         <size>0x102</size>
         <input_file_ref idref="fl-5"/>
      </object_component>
      <object_component id="oc-164">
         <name>.debug_info</name>
         <load_address>0x29d0</load_address>
         <run_address>0x29d0</run_address>
         <size>0x142</size>
         <input_file_ref idref="fl-5"/>
      </object_component>
      <object_component id="oc-123">
         <name>.debug_info</name>
         <load_address>0x2b12</load_address>
         <run_address>0x2b12</run_address>
         <size>0x285</size>
         <input_file_ref idref="fl-5"/>
      </object_component>
      <object_component id="oc-128">
         <name>.debug_info</name>
         <load_address>0x2d97</load_address>
         <run_address>0x2d97</run_address>
         <size>0x44a</size>
         <input_file_ref idref="fl-5"/>
      </object_component>
      <object_component id="oc-12d">
         <name>.debug_info</name>
         <load_address>0x31e1</load_address>
         <run_address>0x31e1</run_address>
         <size>0x1f9</size>
         <input_file_ref idref="fl-5"/>
      </object_component>
      <object_component id="oc-132">
         <name>.debug_info</name>
         <load_address>0x33da</load_address>
         <run_address>0x33da</run_address>
         <size>0x152</size>
         <input_file_ref idref="fl-5"/>
      </object_component>
      <object_component id="oc-137">
         <name>.debug_info</name>
         <load_address>0x352c</load_address>
         <run_address>0x352c</run_address>
         <size>0x70a</size>
         <input_file_ref idref="fl-5"/>
      </object_component>
      <object_component id="oc-1f0">
         <name>.debug_info</name>
         <load_address>0x3c36</load_address>
         <run_address>0x3c36</run_address>
         <size>0x107</size>
         <input_file_ref idref="fl-6"/>
      </object_component>
      <object_component id="oc-25a">
         <name>.debug_info</name>
         <load_address>0x3d3d</load_address>
         <run_address>0x3d3d</run_address>
         <size>0x669</size>
         <input_file_ref idref="fl-6"/>
      </object_component>
      <object_component id="oc-169">
         <name>.debug_info</name>
         <load_address>0x43a6</load_address>
         <run_address>0x43a6</run_address>
         <size>0x22e</size>
         <input_file_ref idref="fl-6"/>
      </object_component>
      <object_component id="oc-e5">
         <name>.debug_info</name>
         <load_address>0x45d4</load_address>
         <run_address>0x45d4</run_address>
         <size>0x1a6</size>
         <input_file_ref idref="fl-8"/>
      </object_component>
      <object_component id="oc-7b">
         <name>.debug_info</name>
         <load_address>0x477a</load_address>
         <run_address>0x477a</run_address>
         <size>0x10c7</size>
         <input_file_ref idref="fl-8"/>
      </object_component>
      <object_component id="oc-27">
         <name>.debug_info</name>
         <load_address>0x5841</load_address>
         <run_address>0x5841</run_address>
         <size>0x1af</size>
         <input_file_ref idref="fl-8"/>
      </object_component>
      <object_component id="oc-e0">
         <name>.debug_info</name>
         <load_address>0x59f0</load_address>
         <run_address>0x59f0</run_address>
         <size>0x168</size>
         <input_file_ref idref="fl-8"/>
      </object_component>
      <object_component id="oc-1f1">
         <name>.debug_info</name>
         <load_address>0x5b58</load_address>
         <run_address>0x5b58</run_address>
         <size>0x162</size>
         <input_file_ref idref="fl-9"/>
      </object_component>
      <object_component id="oc-261">
         <name>.debug_info</name>
         <load_address>0x5cba</load_address>
         <run_address>0x5cba</run_address>
         <size>0xc6d</size>
         <input_file_ref idref="fl-9"/>
      </object_component>
      <object_component id="oc-16e">
         <name>.debug_info</name>
         <load_address>0x6927</load_address>
         <run_address>0x6927</run_address>
         <size>0x396</size>
         <input_file_ref idref="fl-9"/>
      </object_component>
      <object_component id="oc-18f">
         <name>.debug_info</name>
         <load_address>0x6cbd</load_address>
         <run_address>0x6cbd</run_address>
         <size>0x199</size>
         <input_file_ref idref="fl-9"/>
      </object_component>
      <object_component id="oc-1a6">
         <name>.debug_info</name>
         <load_address>0x6e56</load_address>
         <run_address>0x6e56</run_address>
         <size>0x10b</size>
         <input_file_ref idref="fl-a"/>
      </object_component>
      <object_component id="oc-f6">
         <name>.debug_info</name>
         <load_address>0x6f61</load_address>
         <run_address>0x6f61</run_address>
         <size>0x721</size>
         <input_file_ref idref="fl-a"/>
      </object_component>
      <object_component id="oc-204">
         <name>.debug_info</name>
         <load_address>0x7682</load_address>
         <run_address>0x7682</run_address>
         <size>0x12a</size>
         <input_file_ref idref="fl-a"/>
      </object_component>
      <object_component id="oc-1f2">
         <name>.debug_info</name>
         <load_address>0x77ac</load_address>
         <run_address>0x77ac</run_address>
         <size>0x19e</size>
         <input_file_ref idref="fl-b"/>
      </object_component>
      <object_component id="oc-c3">
         <name>.debug_info</name>
         <load_address>0x794a</load_address>
         <run_address>0x794a</run_address>
         <size>0x2c</size>
         <input_file_ref idref="fl-b"/>
      </object_component>
      <object_component id="oc-173">
         <name>.debug_info</name>
         <load_address>0x7976</load_address>
         <run_address>0x7976</run_address>
         <size>0x3d3</size>
         <input_file_ref idref="fl-b"/>
      </object_component>
      <object_component id="oc-268">
         <name>.debug_info</name>
         <load_address>0x7d49</load_address>
         <run_address>0x7d49</run_address>
         <size>0x2e3</size>
         <input_file_ref idref="fl-b"/>
      </object_component>
      <object_component id="oc-1f3">
         <name>.debug_info</name>
         <load_address>0x802c</load_address>
         <run_address>0x802c</run_address>
         <size>0x124</size>
         <input_file_ref idref="fl-c"/>
      </object_component>
      <object_component id="oc-26f">
         <name>.debug_info</name>
         <load_address>0x8150</load_address>
         <run_address>0x8150</run_address>
         <size>0x69</size>
         <input_file_ref idref="fl-c"/>
      </object_component>
      <object_component id="oc-178">
         <name>.debug_info</name>
         <load_address>0x81b9</load_address>
         <run_address>0x81b9</run_address>
         <size>0x26a</size>
         <input_file_ref idref="fl-c"/>
      </object_component>
      <object_component id="oc-274">
         <name>.debug_info</name>
         <load_address>0x8423</load_address>
         <run_address>0x8423</run_address>
         <size>0x34f</size>
         <input_file_ref idref="fl-c"/>
      </object_component>
      <object_component id="oc-1f4">
         <name>.debug_info</name>
         <load_address>0x8772</load_address>
         <run_address>0x8772</run_address>
         <size>0x137</size>
         <input_file_ref idref="fl-d"/>
      </object_component>
      <object_component id="oc-17d">
         <name>.debug_info</name>
         <load_address>0x88a9</load_address>
         <run_address>0x88a9</run_address>
         <size>0x2bc</size>
         <input_file_ref idref="fl-d"/>
      </object_component>
      <object_component id="oc-27b">
         <name>.debug_info</name>
         <load_address>0x8b65</load_address>
         <run_address>0x8b65</run_address>
         <size>0x186</size>
         <input_file_ref idref="fl-d"/>
      </object_component>
      <object_component id="oc-1ed">
         <name>.debug_info</name>
         <load_address>0x8ceb</load_address>
         <run_address>0x8ceb</run_address>
         <size>0x17f</size>
         <input_file_ref idref="fl-e"/>
      </object_component>
      <object_component id="oc-150">
         <name>.debug_info</name>
         <load_address>0x8e6a</load_address>
         <run_address>0x8e6a</run_address>
         <size>0x547</size>
         <input_file_ref idref="fl-e"/>
      </object_component>
      <object_component id="oc-245">
         <name>.debug_info</name>
         <load_address>0x93b1</load_address>
         <run_address>0x93b1</run_address>
         <size>0x44e</size>
         <input_file_ref idref="fl-e"/>
      </object_component>
      <object_component id="oc-cc">
         <name>.debug_info</name>
         <load_address>0x97ff</load_address>
         <run_address>0x97ff</run_address>
         <size>0x31d</size>
         <input_file_ref idref="fl-10"/>
      </object_component>
      <object_component id="oc-6f">
         <name>.debug_info</name>
         <load_address>0x9b1c</load_address>
         <run_address>0x9b1c</run_address>
         <size>0x12e3</size>
         <input_file_ref idref="fl-10"/>
      </object_component>
      <object_component id="oc-155">
         <name>.debug_info</name>
         <load_address>0xadff</load_address>
         <run_address>0xadff</run_address>
         <size>0xadd</size>
         <input_file_ref idref="fl-10"/>
      </object_component>
      <object_component id="oc-cd">
         <name>.debug_info</name>
         <load_address>0xb8dc</load_address>
         <run_address>0xb8dc</run_address>
         <size>0x6eb</size>
         <input_file_ref idref="fl-10"/>
      </object_component>
      <object_component id="oc-182">
         <name>.debug_info</name>
         <load_address>0xbfc7</load_address>
         <run_address>0xbfc7</run_address>
         <size>0x243</size>
         <input_file_ref idref="fl-10"/>
      </object_component>
      <object_component id="oc-d3">
         <name>.debug_info</name>
         <load_address>0xc20a</load_address>
         <run_address>0xc20a</run_address>
         <size>0x123</size>
         <input_file_ref idref="fl-11"/>
      </object_component>
      <object_component id="oc-6a">
         <name>.debug_info</name>
         <load_address>0xc32d</load_address>
         <run_address>0xc32d</run_address>
         <size>0x819</size>
         <input_file_ref idref="fl-13"/>
      </object_component>
      <object_component id="oc-30">
         <name>.debug_info</name>
         <load_address>0xcb46</load_address>
         <run_address>0xcb46</run_address>
         <size>0x10f</size>
         <input_file_ref idref="fl-15"/>
      </object_component>
      <object_component id="oc-8c">
         <name>.debug_info</name>
         <load_address>0xcc55</load_address>
         <run_address>0xcc55</run_address>
         <size>0x165</size>
         <input_file_ref idref="fl-16"/>
      </object_component>
      <object_component id="oc-81">
         <name>.debug_info</name>
         <load_address>0xcdba</load_address>
         <run_address>0xcdba</run_address>
         <size>0x446</size>
         <input_file_ref idref="fl-17"/>
      </object_component>
      <object_component id="oc-1f5">
         <name>.debug_info</name>
         <load_address>0xd200</load_address>
         <run_address>0xd200</run_address>
         <size>0x14e</size>
         <input_file_ref idref="fl-18"/>
      </object_component>
      <object_component id="oc-18a">
         <name>.debug_info</name>
         <load_address>0xd34e</load_address>
         <run_address>0xd34e</run_address>
         <size>0x457</size>
         <input_file_ref idref="fl-18"/>
      </object_component>
      <object_component id="oc-35">
         <name>.debug_info</name>
         <load_address>0xd7a5</load_address>
         <run_address>0xd7a5</run_address>
         <size>0x144</size>
         <input_file_ref idref="fl-19"/>
      </object_component>
      <object_component id="oc-21">
         <name>.debug_info</name>
         <load_address>0xd8e9</load_address>
         <run_address>0xd8e9</run_address>
         <size>0x283</size>
         <input_file_ref idref="fl-1c"/>
      </object_component>
      <object_component id="oc-a5">
         <name>.debug_info</name>
         <load_address>0xdb6c</load_address>
         <run_address>0xdb6c</run_address>
         <size>0x305</size>
         <input_file_ref idref="fl-1d"/>
      </object_component>
      <object_component id="oc-2d">
         <name>.debug_info</name>
         <load_address>0xde71</load_address>
         <run_address>0xde71</run_address>
         <size>0xe6</size>
         <input_file_ref idref="fl-1d"/>
      </object_component>
      <object_component id="oc-3c">
         <name>.debug_info</name>
         <load_address>0xdf57</load_address>
         <run_address>0xdf57</run_address>
         <size>0x496</size>
         <input_file_ref idref="fl-1d"/>
      </object_component>
      <object_component id="oc-41">
         <name>.debug_info</name>
         <load_address>0xe3ed</load_address>
         <run_address>0xe3ed</run_address>
         <size>0x201</size>
         <input_file_ref idref="fl-1d"/>
      </object_component>
      <object_component id="oc-141">
         <name>.debug_info</name>
         <load_address>0xe5ee</load_address>
         <run_address>0xe5ee</run_address>
         <size>0x4f</size>
         <input_file_ref idref="fl-1d"/>
      </object_component>
      <object_component id="oc-de">
         <name>.debug_info</name>
         <load_address>0xe63d</load_address>
         <run_address>0xe63d</run_address>
         <size>0x23c</size>
         <input_file_ref idref="fl-1e"/>
      </object_component>
      <object_component id="oc-75">
         <name>.debug_info</name>
         <load_address>0xe879</load_address>
         <run_address>0xe879</run_address>
         <size>0x596</size>
         <input_file_ref idref="fl-1e"/>
      </object_component>
      <object_component id="oc-239">
         <name>.debug_info</name>
         <load_address>0xee0f</load_address>
         <run_address>0xee0f</run_address>
         <size>0x349</size>
         <input_file_ref idref="fl-1f"/>
      </object_component>
      <object_component id="oc-1dc">
         <name>.debug_info</name>
         <load_address>0xf158</load_address>
         <run_address>0xf158</run_address>
         <size>0x2ef</size>
         <input_file_ref idref="fl-1f"/>
      </object_component>
      <object_component id="oc-1d1">
         <name>.debug_info</name>
         <load_address>0xf447</load_address>
         <run_address>0xf447</run_address>
         <size>0xe1</size>
         <input_file_ref idref="fl-1f"/>
      </object_component>
      <object_component id="oc-4c">
         <name>.debug_info</name>
         <load_address>0xf528</load_address>
         <run_address>0xf528</run_address>
         <size>0x84</size>
         <input_file_ref idref="fl-1f"/>
      </object_component>
      <object_component id="oc-29b">
         <name>.debug_info</name>
         <load_address>0xf5ac</load_address>
         <run_address>0xf5ac</run_address>
         <size>0xcc</size>
         <input_file_ref idref="fl-1f"/>
      </object_component>
      <object_component id="oc-1d6">
         <name>.debug_info</name>
         <load_address>0xf678</load_address>
         <run_address>0xf678</run_address>
         <size>0x2c</size>
         <input_file_ref idref="fl-1f"/>
      </object_component>
      <object_component id="oc-2a0">
         <name>.debug_info</name>
         <load_address>0xf6a4</load_address>
         <run_address>0xf6a4</run_address>
         <size>0x46</size>
         <input_file_ref idref="fl-1f"/>
      </object_component>
      <object_component id="oc-21e">
         <name>.debug_info</name>
         <load_address>0xf6ea</load_address>
         <run_address>0xf6ea</run_address>
         <size>0x14c</size>
         <input_file_ref idref="fl-1f"/>
      </object_component>
      <object_component id="oc-298">
         <name>.debug_info</name>
         <load_address>0xf836</load_address>
         <run_address>0xf836</run_address>
         <size>0x457</size>
         <input_file_ref idref="fl-20"/>
      </object_component>
      <object_component id="oc-234">
         <name>.debug_info</name>
         <load_address>0xfc8d</load_address>
         <run_address>0xfc8d</run_address>
         <size>0x110</size>
         <input_file_ref idref="fl-20"/>
      </object_component>
      <object_component id="oc-2a9">
         <name>.debug_info</name>
         <load_address>0xfd9d</load_address>
         <run_address>0xfd9d</run_address>
         <size>0x39</size>
         <input_file_ref idref="fl-20"/>
      </object_component>
      <object_component id="oc-23c">
         <name>.debug_info</name>
         <load_address>0xfdd6</load_address>
         <run_address>0xfdd6</run_address>
         <size>0x46</size>
         <input_file_ref idref="fl-20"/>
      </object_component>
      <object_component id="oc-2ae">
         <name>.debug_info</name>
         <load_address>0xfe1c</load_address>
         <run_address>0xfe1c</run_address>
         <size>0x62</size>
         <input_file_ref idref="fl-20"/>
      </object_component>
      <object_component id="oc-233">
         <name>.debug_info</name>
         <load_address>0xfe7e</load_address>
         <run_address>0xfe7e</run_address>
         <size>0x204</size>
         <input_file_ref idref="fl-21"/>
      </object_component>
      <object_component id="oc-288">
         <name>.debug_info</name>
         <load_address>0x10082</load_address>
         <run_address>0x10082</run_address>
         <size>0xdb</size>
         <input_file_ref idref="fl-21"/>
      </object_component>
      <object_component id="oc-22d">
         <name>.debug_info</name>
         <load_address>0x1015d</load_address>
         <run_address>0x1015d</run_address>
         <size>0xed</size>
         <input_file_ref idref="fl-21"/>
      </object_component>
      <object_component id="oc-230">
         <name>.debug_info</name>
         <load_address>0x1024a</load_address>
         <run_address>0x1024a</run_address>
         <size>0xdb</size>
         <input_file_ref idref="fl-21"/>
      </object_component>
      <object_component id="oc-22a">
         <name>.debug_info</name>
         <load_address>0x10325</load_address>
         <run_address>0x10325</run_address>
         <size>0x18f</size>
         <input_file_ref idref="fl-21"/>
      </object_component>
      <object_component id="oc-1cb">
         <name>.debug_info</name>
         <load_address>0x104b4</load_address>
         <run_address>0x104b4</run_address>
         <size>0x538</size>
         <input_file_ref idref="fl-21"/>
      </object_component>
      <object_component id="oc-224">
         <name>.debug_info</name>
         <load_address>0x109ec</load_address>
         <run_address>0x109ec</run_address>
         <size>0x2b2</size>
         <input_file_ref idref="fl-21"/>
      </object_component>
      <object_component id="oc-291">
         <name>.debug_info</name>
         <load_address>0x10c9e</load_address>
         <run_address>0x10c9e</run_address>
         <size>0x62</size>
         <input_file_ref idref="fl-21"/>
      </object_component>
      <object_component id="oc-215">
         <name>.debug_info</name>
         <load_address>0x10d00</load_address>
         <run_address>0x10d00</run_address>
         <size>0x13a</size>
         <input_file_ref idref="fl-22"/>
      </object_component>
      <object_component id="oc-1bc">
         <name>.debug_info</name>
         <load_address>0x10e3a</load_address>
         <run_address>0x10e3a</run_address>
         <size>0x4b9</size>
         <input_file_ref idref="fl-22"/>
      </object_component>
      <object_component id="oc-213">
         <name>.debug_info</name>
         <load_address>0x112f3</load_address>
         <run_address>0x112f3</run_address>
         <size>0x1d7</size>
         <input_file_ref idref="fl-24"/>
      </object_component>
      <object_component id="oc-119">
         <name>.debug_info</name>
         <load_address>0x114ca</load_address>
         <run_address>0x114ca</run_address>
         <size>0x129</size>
         <input_file_ref idref="fl-24"/>
      </object_component>
      <object_component id="oc-1b6">
         <name>.debug_info</name>
         <load_address>0x115f3</load_address>
         <run_address>0x115f3</run_address>
         <size>0x5a4</size>
         <input_file_ref idref="fl-24"/>
      </object_component>
      <object_component id="oc-20d">
         <name>.debug_info</name>
         <load_address>0x11b97</load_address>
         <run_address>0x11b97</run_address>
         <size>0x260</size>
         <input_file_ref idref="fl-24"/>
      </object_component>
      <object_component id="oc-9f">
         <name>.debug_info</name>
         <load_address>0x11df7</load_address>
         <run_address>0x11df7</run_address>
         <size>0x4e2</size>
         <input_file_ref idref="fl-25"/>
      </object_component>
      <object_component id="oc-1db">
         <name>.debug_info</name>
         <load_address>0x122d9</load_address>
         <run_address>0x122d9</run_address>
         <size>0x5e6</size>
         <input_file_ref idref="fl-27"/>
      </object_component>
      <object_component id="oc-116">
         <name>.debug_info</name>
         <load_address>0x128bf</load_address>
         <run_address>0x128bf</run_address>
         <size>0x2f6</size>
         <input_file_ref idref="fl-27"/>
      </object_component>
      <object_component id="oc-1c8">
         <name>.debug_info</name>
         <load_address>0x12bb5</load_address>
         <run_address>0x12bb5</run_address>
         <size>0x270</size>
         <input_file_ref idref="fl-27"/>
      </object_component>
      <object_component id="oc-110">
         <name>.debug_info</name>
         <load_address>0x12e25</load_address>
         <run_address>0x12e25</run_address>
         <size>0x3083</size>
         <input_file_ref idref="fl-27"/>
      </object_component>
      <object_component id="oc-1c2">
         <name>.debug_info</name>
         <load_address>0x15ea8</load_address>
         <run_address>0x15ea8</run_address>
         <size>0xda2</size>
         <input_file_ref idref="fl-27"/>
      </object_component>
      <object_component id="oc-217">
         <name>.debug_info</name>
         <load_address>0x16c4a</load_address>
         <run_address>0x16c4a</run_address>
         <size>0x141</size>
         <input_file_ref idref="fl-27"/>
      </object_component>
      <object_component id="oc-f4">
         <name>.debug_info</name>
         <load_address>0x16d8b</load_address>
         <run_address>0x16d8b</run_address>
         <size>0x2cc</size>
         <input_file_ref idref="fl-e2"/>
      </object_component>
      <object_component id="oc-86">
         <name>.debug_info</name>
         <load_address>0x17057</load_address>
         <run_address>0x17057</run_address>
         <size>0x173</size>
         <input_file_ref idref="fl-e2"/>
      </object_component>
      <object_component id="oc-19b">
         <name>.debug_info</name>
         <load_address>0x171ca</load_address>
         <run_address>0x171ca</run_address>
         <size>0x39</size>
         <input_file_ref idref="fl-e2"/>
      </object_component>
      <object_component id="oc-1fd">
         <name>.debug_info</name>
         <load_address>0x17203</load_address>
         <run_address>0x17203</run_address>
         <size>0x39</size>
         <input_file_ref idref="fl-e2"/>
      </object_component>
      <object_component id="oc-1a0">
         <name>.debug_info</name>
         <load_address>0x1723c</load_address>
         <run_address>0x1723c</run_address>
         <size>0xcd</size>
         <input_file_ref idref="fl-e2"/>
      </object_component>
      <object_component id="oc-b9">
         <name>.debug_info</name>
         <load_address>0x17309</load_address>
         <run_address>0x17309</run_address>
         <size>0xdc</size>
         <input_file_ref idref="fl-e3"/>
      </object_component>
      <object_component id="oc-f">
         <name>.debug_info</name>
         <load_address>0x173e5</load_address>
         <run_address>0x173e5</run_address>
         <size>0x228</size>
         <input_file_ref idref="fl-e3"/>
      </object_component>
      <object_component id="oc-47">
         <name>.debug_info</name>
         <load_address>0x1760d</load_address>
         <run_address>0x1760d</run_address>
         <size>0x60</size>
         <input_file_ref idref="fl-e3"/>
      </object_component>
      <object_component id="oc-b4">
         <name>.debug_info</name>
         <load_address>0x1766d</load_address>
         <run_address>0x1766d</run_address>
         <size>0x46</size>
         <input_file_ref idref="fl-e3"/>
      </object_component>
      <object_component id="oc-5c">
         <name>.debug_info</name>
         <load_address>0x176b3</load_address>
         <run_address>0x176b3</run_address>
         <size>0x11e</size>
         <input_file_ref idref="fl-e4"/>
      </object_component>
      <object_component id="oc-15">
         <name>.debug_info</name>
         <load_address>0x177d1</load_address>
         <run_address>0x177d1</run_address>
         <size>0x1ad</size>
         <input_file_ref idref="fl-e4"/>
      </object_component>
      <object_component id="oc-57">
         <name>.debug_info</name>
         <load_address>0x1797e</load_address>
         <run_address>0x1797e</run_address>
         <size>0x46</size>
         <input_file_ref idref="fl-e4"/>
      </object_component>
      <object_component id="oc-bb">
         <name>.debug_info</name>
         <load_address>0x179c4</load_address>
         <run_address>0x179c4</run_address>
         <size>0x2c</size>
         <input_file_ref idref="fl-e4"/>
      </object_component>
      <object_component id="oc-68">
         <name>.debug_info</name>
         <load_address>0x179f0</load_address>
         <run_address>0x179f0</run_address>
         <size>0x10d</size>
         <input_file_ref idref="fl-e5"/>
      </object_component>
      <object_component id="oc-1b">
         <name>.debug_info</name>
         <load_address>0x17afd</load_address>
         <run_address>0x17afd</run_address>
         <size>0x178</size>
         <input_file_ref idref="fl-e5"/>
      </object_component>
      <object_component id="oc-63">
         <name>.debug_info</name>
         <load_address>0x17c75</load_address>
         <run_address>0x17c75</run_address>
         <size>0x46</size>
         <input_file_ref idref="fl-e5"/>
      </object_component>
      <object_component id="oc-197">
         <name>.debug_info</name>
         <load_address>0x17cbb</load_address>
         <run_address>0x17cbb</run_address>
         <size>0x1c3</size>
         <input_file_ref idref="fl-e6"/>
      </object_component>
      <object_component id="oc-e8">
         <name>.debug_info</name>
         <load_address>0x17e7e</load_address>
         <run_address>0x17e7e</run_address>
         <size>0x166</size>
         <input_file_ref idref="fl-e6"/>
      </object_component>
      <object_component id="oc-1f8">
         <name>.debug_info</name>
         <load_address>0x17fe4</load_address>
         <run_address>0x17fe4</run_address>
         <size>0x2c</size>
         <input_file_ref idref="fl-e6"/>
      </object_component>
      <object_component id="oc-108">
         <name>.debug_info</name>
         <load_address>0x18010</load_address>
         <run_address>0x18010</run_address>
         <size>0x217</size>
         <input_file_ref idref="fl-e7"/>
      </object_component>
      <object_component id="oc-102">
         <name>.debug_info</name>
         <load_address>0x18227</load_address>
         <run_address>0x18227</run_address>
         <size>0x168</size>
         <input_file_ref idref="fl-e7"/>
      </object_component>
      <object_component id="oc-92">
         <name>.debug_info</name>
         <load_address>0x1838f</load_address>
         <run_address>0x1838f</run_address>
         <size>0x1f7</size>
         <input_file_ref idref="fl-e7"/>
      </object_component>
      <object_component id="oc-52">
         <name>.debug_info</name>
         <load_address>0x18586</load_address>
         <run_address>0x18586</run_address>
         <size>0x15f</size>
         <input_file_ref idref="fl-e8"/>
      </object_component>
      <object_component id="oc-5e">
         <name>.debug_info</name>
         <load_address>0x186e5</load_address>
         <run_address>0x186e5</run_address>
         <size>0x127</size>
         <input_file_ref idref="fl-e9"/>
      </object_component>
      <object_component id="oc-ee">
         <name>.debug_info</name>
         <load_address>0x1880c</load_address>
         <run_address>0x1880c</run_address>
         <size>0x128</size>
         <input_file_ref idref="fl-eb"/>
      </object_component>
      <object_component id="oc-1b1">
         <name>.debug_info</name>
         <load_address>0x18934</load_address>
         <run_address>0x18934</run_address>
         <size>0x107</size>
         <input_file_ref idref="fl-ed"/>
      </object_component>
      <object_component id="oc-105">
         <name>.debug_info</name>
         <load_address>0x18a3b</load_address>
         <run_address>0x18a3b</run_address>
         <size>0xf6</size>
         <input_file_ref idref="fl-ed"/>
      </object_component>
      <object_component id="oc-1aa">
         <name>.debug_info</name>
         <load_address>0x18b31</load_address>
         <run_address>0x18b31</run_address>
         <size>0x202</size>
         <input_file_ref idref="fl-ed"/>
      </object_component>
      <object_component id="oc-2d7">
         <name>.debug_info</name>
         <load_address>0x18d33</load_address>
         <run_address>0x18d33</run_address>
         <size>0xa8</size>
      </object_component>
      <object_component id="oc-1e7">
         <name>.debug_line</name>
         <load_address>0x0</load_address>
         <run_address>0x0</run_address>
         <size>0x20</size>
         <input_file_ref idref="fl-2"/>
      </object_component>
      <object_component id="oc-14e">
         <name>.debug_line</name>
         <load_address>0x20</load_address>
         <run_address>0x20</run_address>
         <size>0x6a</size>
         <input_file_ref idref="fl-2"/>
      </object_component>
      <object_component id="oc-9c">
         <name>.debug_line</name>
         <load_address>0x8a</load_address>
         <run_address>0x8a</run_address>
         <size>0x6f</size>
         <input_file_ref idref="fl-2"/>
      </object_component>
      <object_component id="oc-ff">
         <name>.debug_line</name>
         <load_address>0xf9</load_address>
         <run_address>0xf9</run_address>
         <size>0x20</size>
         <input_file_ref idref="fl-2"/>
      </object_component>
      <object_component id="oc-ac">
         <name>.debug_line</name>
         <load_address>0x119</load_address>
         <run_address>0x119</run_address>
         <size>0x6a</size>
         <input_file_ref idref="fl-2"/>
      </object_component>
      <object_component id="oc-10d">
         <name>.debug_line</name>
         <load_address>0x183</load_address>
         <run_address>0x183</run_address>
         <size>0x6d</size>
         <input_file_ref idref="fl-2"/>
      </object_component>
      <object_component id="oc-b1">
         <name>.debug_line</name>
         <load_address>0x1f0</load_address>
         <run_address>0x1f0</run_address>
         <size>0x6d</size>
         <input_file_ref idref="fl-2"/>
      </object_component>
      <object_component id="oc-1eb">
         <name>.debug_line</name>
         <load_address>0x25d</load_address>
         <run_address>0x25d</run_address>
         <size>0x66</size>
         <input_file_ref idref="fl-2"/>
      </object_component>
      <object_component id="oc-13f">
         <name>.debug_line</name>
         <load_address>0x2c3</load_address>
         <run_address>0x2c3</run_address>
         <size>0x6a</size>
         <input_file_ref idref="fl-2"/>
      </object_component>
      <object_component id="oc-24b">
         <name>.debug_line</name>
         <load_address>0x32d</load_address>
         <run_address>0x32d</run_address>
         <size>0x20</size>
         <input_file_ref idref="fl-3"/>
      </object_component>
      <object_component id="oc-15d">
         <name>.debug_line</name>
         <load_address>0x34d</load_address>
         <run_address>0x34d</run_address>
         <size>0x6a</size>
         <input_file_ref idref="fl-3"/>
      </object_component>
      <object_component id="oc-24f">
         <name>.debug_line</name>
         <load_address>0x3b7</load_address>
         <run_address>0x3b7</run_address>
         <size>0x66</size>
         <input_file_ref idref="fl-3"/>
      </object_component>
      <object_component id="oc-252">
         <name>.debug_line</name>
         <load_address>0x41d</load_address>
         <run_address>0x41d</run_address>
         <size>0x20</size>
         <input_file_ref idref="fl-4"/>
      </object_component>
      <object_component id="oc-256">
         <name>.debug_line</name>
         <load_address>0x43d</load_address>
         <run_address>0x43d</run_address>
         <size>0x67</size>
         <input_file_ref idref="fl-4"/>
      </object_component>
      <object_component id="oc-162">
         <name>.debug_line</name>
         <load_address>0x4a4</load_address>
         <run_address>0x4a4</run_address>
         <size>0x6b</size>
         <input_file_ref idref="fl-4"/>
      </object_component>
      <object_component id="oc-242">
         <name>.debug_line</name>
         <load_address>0x50f</load_address>
         <run_address>0x50f</run_address>
         <size>0x20</size>
         <input_file_ref idref="fl-5"/>
      </object_component>
      <object_component id="oc-dc">
         <name>.debug_line</name>
         <load_address>0x52f</load_address>
         <run_address>0x52f</run_address>
         <size>0x69</size>
         <input_file_ref idref="fl-5"/>
      </object_component>
      <object_component id="oc-121">
         <name>.debug_line</name>
         <load_address>0x598</load_address>
         <run_address>0x598</run_address>
         <size>0x6c</size>
         <input_file_ref idref="fl-5"/>
      </object_component>
      <object_component id="oc-167">
         <name>.debug_line</name>
         <load_address>0x604</load_address>
         <run_address>0x604</run_address>
         <size>0x6a</size>
         <input_file_ref idref="fl-5"/>
      </object_component>
      <object_component id="oc-126">
         <name>.debug_line</name>
         <load_address>0x66e</load_address>
         <run_address>0x66e</run_address>
         <size>0x6a</size>
         <input_file_ref idref="fl-5"/>
      </object_component>
      <object_component id="oc-12b">
         <name>.debug_line</name>
         <load_address>0x6d8</load_address>
         <run_address>0x6d8</run_address>
         <size>0x6c</size>
         <input_file_ref idref="fl-5"/>
      </object_component>
      <object_component id="oc-130">
         <name>.debug_line</name>
         <load_address>0x744</load_address>
         <run_address>0x744</run_address>
         <size>0x6a</size>
         <input_file_ref idref="fl-5"/>
      </object_component>
      <object_component id="oc-135">
         <name>.debug_line</name>
         <load_address>0x7ae</load_address>
         <run_address>0x7ae</run_address>
         <size>0x6d</size>
         <input_file_ref idref="fl-5"/>
      </object_component>
      <object_component id="oc-13a">
         <name>.debug_line</name>
         <load_address>0x81b</load_address>
         <run_address>0x81b</run_address>
         <size>0x6d</size>
         <input_file_ref idref="fl-5"/>
      </object_component>
      <object_component id="oc-259">
         <name>.debug_line</name>
         <load_address>0x888</load_address>
         <run_address>0x888</run_address>
         <size>0x20</size>
         <input_file_ref idref="fl-6"/>
      </object_component>
      <object_component id="oc-25d">
         <name>.debug_line</name>
         <load_address>0x8a8</load_address>
         <run_address>0x8a8</run_address>
         <size>0x67</size>
         <input_file_ref idref="fl-6"/>
      </object_component>
      <object_component id="oc-16c">
         <name>.debug_line</name>
         <load_address>0x90f</load_address>
         <run_address>0x90f</run_address>
         <size>0x6b</size>
         <input_file_ref idref="fl-6"/>
      </object_component>
      <object_component id="oc-195">
         <name>.debug_line</name>
         <load_address>0x97a</load_address>
         <run_address>0x97a</run_address>
         <size>0x66</size>
         <input_file_ref idref="fl-8"/>
      </object_component>
      <object_component id="oc-7e">
         <name>.debug_line</name>
         <load_address>0x9e0</load_address>
         <run_address>0x9e0</run_address>
         <size>0x365</size>
         <input_file_ref idref="fl-8"/>
      </object_component>
      <object_component id="oc-2a">
         <name>.debug_line</name>
         <load_address>0xd45</load_address>
         <run_address>0xd45</run_address>
         <size>0x7c</size>
         <input_file_ref idref="fl-8"/>
      </object_component>
      <object_component id="oc-e3">
         <name>.debug_line</name>
         <load_address>0xdc1</load_address>
         <run_address>0xdc1</run_address>
         <size>0x66</size>
         <input_file_ref idref="fl-8"/>
      </object_component>
      <object_component id="oc-260">
         <name>.debug_line</name>
         <load_address>0xe27</load_address>
         <run_address>0xe27</run_address>
         <size>0x20</size>
         <input_file_ref idref="fl-9"/>
      </object_component>
      <object_component id="oc-264">
         <name>.debug_line</name>
         <load_address>0xe47</load_address>
         <run_address>0xe47</run_address>
         <size>0x68</size>
         <input_file_ref idref="fl-9"/>
      </object_component>
      <object_component id="oc-171">
         <name>.debug_line</name>
         <load_address>0xeaf</load_address>
         <run_address>0xeaf</run_address>
         <size>0x6c</size>
         <input_file_ref idref="fl-9"/>
      </object_component>
      <object_component id="oc-192">
         <name>.debug_line</name>
         <load_address>0xf1b</load_address>
         <run_address>0xf1b</run_address>
         <size>0x6d</size>
         <input_file_ref idref="fl-9"/>
      </object_component>
      <object_component id="oc-203">
         <name>.debug_line</name>
         <load_address>0xf88</load_address>
         <run_address>0xf88</run_address>
         <size>0x20</size>
         <input_file_ref idref="fl-a"/>
      </object_component>
      <object_component id="oc-f9">
         <name>.debug_line</name>
         <load_address>0xfa8</load_address>
         <run_address>0xfa8</run_address>
         <size>0x199</size>
         <input_file_ref idref="fl-a"/>
      </object_component>
      <object_component id="oc-207">
         <name>.debug_line</name>
         <load_address>0x1141</load_address>
         <run_address>0x1141</run_address>
         <size>0x66</size>
         <input_file_ref idref="fl-a"/>
      </object_component>
      <object_component id="oc-267">
         <name>.debug_line</name>
         <load_address>0x11a7</load_address>
         <run_address>0x11a7</run_address>
         <size>0x6d</size>
         <input_file_ref idref="fl-b"/>
      </object_component>
      <object_component id="oc-c6">
         <name>.debug_line</name>
         <load_address>0x1214</load_address>
         <run_address>0x1214</run_address>
         <size>0x6d</size>
         <input_file_ref idref="fl-b"/>
      </object_component>
      <object_component id="oc-176">
         <name>.debug_line</name>
         <load_address>0x1281</load_address>
         <run_address>0x1281</run_address>
         <size>0x6a</size>
         <input_file_ref idref="fl-b"/>
      </object_component>
      <object_component id="oc-26b">
         <name>.debug_line</name>
         <load_address>0x12eb</load_address>
         <run_address>0x12eb</run_address>
         <size>0x66</size>
         <input_file_ref idref="fl-b"/>
      </object_component>
      <object_component id="oc-26e">
         <name>.debug_line</name>
         <load_address>0x1351</load_address>
         <run_address>0x1351</run_address>
         <size>0x20</size>
         <input_file_ref idref="fl-c"/>
      </object_component>
      <object_component id="oc-272">
         <name>.debug_line</name>
         <load_address>0x1371</load_address>
         <run_address>0x1371</run_address>
         <size>0x36</size>
         <input_file_ref idref="fl-c"/>
      </object_component>
      <object_component id="oc-17b">
         <name>.debug_line</name>
         <load_address>0x13a7</load_address>
         <run_address>0x13a7</run_address>
         <size>0x6a</size>
         <input_file_ref idref="fl-c"/>
      </object_component>
      <object_component id="oc-277">
         <name>.debug_line</name>
         <load_address>0x1411</load_address>
         <run_address>0x1411</run_address>
         <size>0x66</size>
         <input_file_ref idref="fl-c"/>
      </object_component>
      <object_component id="oc-27a">
         <name>.debug_line</name>
         <load_address>0x1477</load_address>
         <run_address>0x1477</run_address>
         <size>0x20</size>
         <input_file_ref idref="fl-d"/>
      </object_component>
      <object_component id="oc-180">
         <name>.debug_line</name>
         <load_address>0x1497</load_address>
         <run_address>0x1497</run_address>
         <size>0x6a</size>
         <input_file_ref idref="fl-d"/>
      </object_component>
      <object_component id="oc-27e">
         <name>.debug_line</name>
         <load_address>0x1501</load_address>
         <run_address>0x1501</run_address>
         <size>0x66</size>
         <input_file_ref idref="fl-d"/>
      </object_component>
      <object_component id="oc-244">
         <name>.debug_line</name>
         <load_address>0x1567</load_address>
         <run_address>0x1567</run_address>
         <size>0x20</size>
         <input_file_ref idref="fl-e"/>
      </object_component>
      <object_component id="oc-153">
         <name>.debug_line</name>
         <load_address>0x1587</load_address>
         <run_address>0x1587</run_address>
         <size>0x6d</size>
         <input_file_ref idref="fl-e"/>
      </object_component>
      <object_component id="oc-248">
         <name>.debug_line</name>
         <load_address>0x15f4</load_address>
         <run_address>0x15f4</run_address>
         <size>0x69</size>
         <input_file_ref idref="fl-e"/>
      </object_component>
      <object_component id="oc-14a">
         <name>.debug_line</name>
         <load_address>0x165d</load_address>
         <run_address>0x165d</run_address>
         <size>0x20</size>
         <input_file_ref idref="fl-10"/>
      </object_component>
      <object_component id="oc-72">
         <name>.debug_line</name>
         <load_address>0x167d</load_address>
         <run_address>0x167d</run_address>
         <size>0x238</size>
         <input_file_ref idref="fl-10"/>
      </object_component>
      <object_component id="oc-158">
         <name>.debug_line</name>
         <load_address>0x18b5</load_address>
         <run_address>0x18b5</run_address>
         <size>0x6a</size>
         <input_file_ref idref="fl-10"/>
      </object_component>
      <object_component id="oc-d0">
         <name>.debug_line</name>
         <load_address>0x191f</load_address>
         <run_address>0x191f</run_address>
         <size>0x6a</size>
         <input_file_ref idref="fl-10"/>
      </object_component>
      <object_component id="oc-185">
         <name>.debug_line</name>
         <load_address>0x1989</load_address>
         <run_address>0x1989</run_address>
         <size>0x6a</size>
         <input_file_ref idref="fl-10"/>
      </object_component>
      <object_component id="oc-d6">
         <name>.debug_line</name>
         <load_address>0x19f3</load_address>
         <run_address>0x19f3</run_address>
         <size>0xdc</size>
         <input_file_ref idref="fl-11"/>
      </object_component>
      <object_component id="oc-6d">
         <name>.debug_line</name>
         <load_address>0x1acf</load_address>
         <run_address>0x1acf</run_address>
         <size>0x2f2</size>
         <input_file_ref idref="fl-13"/>
      </object_component>
      <object_component id="oc-33">
         <name>.debug_line</name>
         <load_address>0x1dc1</load_address>
         <run_address>0x1dc1</run_address>
         <size>0x52</size>
         <input_file_ref idref="fl-15"/>
      </object_component>
      <object_component id="oc-8f">
         <name>.debug_line</name>
         <load_address>0x1e13</load_address>
         <run_address>0x1e13</run_address>
         <size>0x56</size>
         <input_file_ref idref="fl-16"/>
      </object_component>
      <object_component id="oc-84">
         <name>.debug_line</name>
         <load_address>0x1e69</load_address>
         <run_address>0x1e69</run_address>
         <size>0x1f3</size>
         <input_file_ref idref="fl-17"/>
      </object_component>
      <object_component id="oc-281">
         <name>.debug_line</name>
         <load_address>0x205c</load_address>
         <run_address>0x205c</run_address>
         <size>0x20</size>
         <input_file_ref idref="fl-18"/>
      </object_component>
      <object_component id="oc-18d">
         <name>.debug_line</name>
         <load_address>0x207c</load_address>
         <run_address>0x207c</run_address>
         <size>0x6a</size>
         <input_file_ref idref="fl-18"/>
      </object_component>
      <object_component id="oc-38">
         <name>.debug_line</name>
         <load_address>0x20e6</load_address>
         <run_address>0x20e6</run_address>
         <size>0x4e</size>
         <input_file_ref idref="fl-19"/>
      </object_component>
      <object_component id="oc-24">
         <name>.debug_line</name>
         <load_address>0x2134</load_address>
         <run_address>0x2134</run_address>
         <size>0x7b</size>
         <input_file_ref idref="fl-1c"/>
      </object_component>
      <object_component id="oc-11d">
         <name>.debug_line</name>
         <load_address>0x21af</load_address>
         <run_address>0x21af</run_address>
         <size>0xb0</size>
         <input_file_ref idref="fl-1d"/>
      </object_component>
      <object_component id="oc-a4">
         <name>.debug_line</name>
         <load_address>0x225f</load_address>
         <run_address>0x225f</run_address>
         <size>0x3a</size>
         <input_file_ref idref="fl-1d"/>
      </object_component>
      <object_component id="oc-3f">
         <name>.debug_line</name>
         <load_address>0x2299</load_address>
         <run_address>0x2299</run_address>
         <size>0x1b2</size>
         <input_file_ref idref="fl-1d"/>
      </object_component>
      <object_component id="oc-44">
         <name>.debug_line</name>
         <load_address>0x244b</load_address>
         <run_address>0x244b</run_address>
         <size>0xbc</size>
         <input_file_ref idref="fl-1d"/>
      </object_component>
      <object_component id="oc-144">
         <name>.debug_line</name>
         <load_address>0x2507</load_address>
         <run_address>0x2507</run_address>
         <size>0x3a</size>
         <input_file_ref idref="fl-1d"/>
      </object_component>
      <object_component id="oc-189">
         <name>.debug_line</name>
         <load_address>0x2541</load_address>
         <run_address>0x2541</run_address>
         <size>0xb4</size>
         <input_file_ref idref="fl-1e"/>
      </object_component>
      <object_component id="oc-78">
         <name>.debug_line</name>
         <load_address>0x25f5</load_address>
         <run_address>0x25f5</run_address>
         <size>0x21e</size>
         <input_file_ref idref="fl-1e"/>
      </object_component>
      <object_component id="oc-29a">
         <name>.debug_line</name>
         <load_address>0x2813</load_address>
         <run_address>0x2813</run_address>
         <size>0x145</size>
         <input_file_ref idref="fl-1f"/>
      </object_component>
      <object_component id="oc-1df">
         <name>.debug_line</name>
         <load_address>0x2958</load_address>
         <run_address>0x2958</run_address>
         <size>0x67</size>
         <input_file_ref idref="fl-1f"/>
      </object_component>
      <object_component id="oc-1d4">
         <name>.debug_line</name>
         <load_address>0x29bf</load_address>
         <run_address>0x29bf</run_address>
         <size>0x6c</size>
         <input_file_ref idref="fl-1f"/>
      </object_component>
      <object_component id="oc-4f">
         <name>.debug_line</name>
         <load_address>0x2a2b</load_address>
         <run_address>0x2a2b</run_address>
         <size>0x20</size>
         <input_file_ref idref="fl-1f"/>
      </object_component>
      <object_component id="oc-29e">
         <name>.debug_line</name>
         <load_address>0x2a4b</load_address>
         <run_address>0x2a4b</run_address>
         <size>0x6b</size>
         <input_file_ref idref="fl-1f"/>
      </object_component>
      <object_component id="oc-1d9">
         <name>.debug_line</name>
         <load_address>0x2ab6</load_address>
         <run_address>0x2ab6</run_address>
         <size>0x6b</size>
         <input_file_ref idref="fl-1f"/>
      </object_component>
      <object_component id="oc-2a3">
         <name>.debug_line</name>
         <load_address>0x2b21</load_address>
         <run_address>0x2b21</run_address>
         <size>0x6d</size>
         <input_file_ref idref="fl-1f"/>
      </object_component>
      <object_component id="oc-221">
         <name>.debug_line</name>
         <load_address>0x2b8e</load_address>
         <run_address>0x2b8e</run_address>
         <size>0x67</size>
         <input_file_ref idref="fl-1f"/>
      </object_component>
      <object_component id="oc-2a8">
         <name>.debug_line</name>
         <load_address>0x2bf5</load_address>
         <run_address>0x2bf5</run_address>
         <size>0x145</size>
         <input_file_ref idref="fl-20"/>
      </object_component>
      <object_component id="oc-237">
         <name>.debug_line</name>
         <load_address>0x2d3a</load_address>
         <run_address>0x2d3a</run_address>
         <size>0x6d</size>
         <input_file_ref idref="fl-20"/>
      </object_component>
      <object_component id="oc-2ac">
         <name>.debug_line</name>
         <load_address>0x2da7</load_address>
         <run_address>0x2da7</run_address>
         <size>0x6f</size>
         <input_file_ref idref="fl-20"/>
      </object_component>
      <object_component id="oc-23f">
         <name>.debug_line</name>
         <load_address>0x2e16</load_address>
         <run_address>0x2e16</run_address>
         <size>0x68</size>
         <input_file_ref idref="fl-20"/>
      </object_component>
      <object_component id="oc-2b1">
         <name>.debug_line</name>
         <load_address>0x2e7e</load_address>
         <run_address>0x2e7e</run_address>
         <size>0x3f</size>
         <input_file_ref idref="fl-20"/>
      </object_component>
      <object_component id="oc-297">
         <name>.debug_line</name>
         <load_address>0x2ebd</load_address>
         <run_address>0x2ebd</run_address>
         <size>0xb3</size>
         <input_file_ref idref="fl-21"/>
      </object_component>
      <object_component id="oc-2a6">
         <name>.debug_line</name>
         <load_address>0x2f70</load_address>
         <run_address>0x2f70</run_address>
         <size>0x37</size>
         <input_file_ref idref="fl-21"/>
      </object_component>
      <object_component id="oc-28e">
         <name>.debug_line</name>
         <load_address>0x2fa7</load_address>
         <run_address>0x2fa7</run_address>
         <size>0x37</size>
         <input_file_ref idref="fl-21"/>
      </object_component>
      <object_component id="oc-290">
         <name>.debug_line</name>
         <load_address>0x2fde</load_address>
         <run_address>0x2fde</run_address>
         <size>0x37</size>
         <input_file_ref idref="fl-21"/>
      </object_component>
      <object_component id="oc-28c">
         <name>.debug_line</name>
         <load_address>0x3015</load_address>
         <run_address>0x3015</run_address>
         <size>0x37</size>
         <input_file_ref idref="fl-21"/>
[...]
         <value>0xb7dc</value>
         <object_component_ref idref="oc-80"/>
      </symbol>
      <symbol id="sm-2e7">
         <name>_mpuInit_</name>
         <value>0xb4ac</value>
         <object_component_ref idref="oc-80"/>
      </symbol>
      <symbol id="sm-2e8">
         <name>_mpuSetRegionSizeRegister_</name>
         <value>0xb810</value>
         <object_component_ref idref="oc-80"/>
      </symbol>
      <symbol id="sm-2e9">
         <name>_mpuDisableBackgroundRegion_</name>
         <value>0xb7a4</value>
         <object_component_ref idref="oc-80"/>
      </symbol>
      <symbol id="sm-2ea">
         <name>_mpuSetRegionTypeAndPermission_</name>
         <value>0xb7ec</value>
         <object_component_ref idref="oc-80"/>
      </symbol>
      <symbol id="sm-2eb">
         <name>_mpuGetRegionPermission_</name>
         <value>0xb804</value>
         <object_component_ref idref="oc-80"/>
      </symbol>
      <symbol id="sm-2ec">
         <name>_mpuEnable_</name>
         <value>0xb764</value>
         <object_component_ref idref="oc-80"/>
      </symbol>
      <symbol id="sm-2ed">
         <name>_mpuGetNumberOfRegions_</name>
         <value>0xb7b4</value>
         <object_component_ref idref="oc-80"/>
      </symbol>
      <symbol id="sm-2ee">
         <name>_mpuAreRegionsSeparate_</name>
         <value>0xb7c0</value>
         <object_component_ref idref="oc-80"/>
      </symbol>
      <symbol id="sm-2ef">
         <name>_mpuEnableBackgroundRegion_</name>
         <value>0xb794</value>
         <object_component_ref idref="oc-80"/>
      </symbol>
      <symbol id="sm-2f0">
         <name>_mpuGetRegionType_</name>
         <value>0xb7f8</value>
         <object_component_ref idref="oc-80"/>
      </symbol>
      <symbol id="sm-2f1">
         <name>_mpuDisable_</name>
         <value>0xb77c</value>
         <object_component_ref idref="oc-80"/>
      </symbol>
      <symbol id="sm-2f2">
         <name>_mpuGetRegionBaseAddress_</name>
         <value>0xb7e4</value>
         <object_component_ref idref="oc-80"/>
      </symbol>
      <symbol id="sm-2f3">
         <name>_mpuSetRegion_</name>
         <value>0xb7cc</value>
         <object_component_ref idref="oc-80"/>
      </symbol>
      <symbol id="sm-2f4">
         <name>_mpuGetRegion_</name>
         <value>0xb7d4</value>
         <object_component_ref idref="oc-80"/>
      </symbol>
      <symbol id="sm-307">
         <name>phantomInterrupt</name>
         <value>0xca28</value>
         <object_component_ref idref="oc-34"/>
      </symbol>
      <symbol id="sm-31b">
         <name>_c_int00</name>
         <value>0xc5f8</value>
         <object_component_ref idref="oc-20"/>
      </symbol>
      <symbol id="sm-3bf">
         <name>vimChannelMap</name>
         <value>0x9410</value>
         <object_component_ref idref="oc-3b"/>
      </symbol>
      <symbol id="sm-3c0">
         <name>vimInit</name>
         <value>0x933c</value>
         <object_component_ref idref="oc-3b"/>
      </symbol>
      <symbol id="sm-3c1">
         <name>vimEnableInterrupt</name>
         <value>0x94b4</value>
         <object_component_ref idref="oc-3b"/>
      </symbol>
      <symbol id="sm-3c2">
         <name>vimDisableInterrupt</name>
         <value>0x967c</value>
         <object_component_ref idref="oc-3b"/>
      </symbol>
      <symbol id="sm-3c3">
         <name>vimGetConfigValue</name>
         <value>0x9728</value>
         <object_component_ref idref="oc-3b"/>
      </symbol>
      <symbol id="sm-3c4">
         <name>vimECCErrorHandler</name>
         <value>0xb818</value>
         <object_component_ref idref="oc-3a"/>
      </symbol>
      <symbol id="sm-412">
         <name>systemGetConfigValue</name>
         <value>0x8e74</value>
         <object_component_ref idref="oc-74"/>
      </symbol>
      <symbol id="sm-413">
         <name>trimLPO</name>
         <value>0x8a40</value>
         <object_component_ref idref="oc-74"/>
      </symbol>
      <symbol id="sm-414">
         <name>systemInit</name>
         <value>0x8ca8</value>
         <object_component_ref idref="oc-74"/>
      </symbol>
      <symbol id="sm-415">
         <name>periphInit</name>
         <value>0x8ac8</value>
         <object_component_ref idref="oc-74"/>
      </symbol>
      <symbol id="sm-416">
         <name>setupFlash</name>
         <value>0x8a88</value>
         <object_component_ref idref="oc-74"/>
      </symbol>
      <symbol id="sm-417">
         <name>setupPLL</name>
         <value>0x89e0</value>
         <object_component_ref idref="oc-74"/>
      </symbol>
      <symbol id="sm-418">
         <name>getResetSource</name>
         <value>0x8d4c</value>
         <object_component_ref idref="oc-74"/>
      </symbol>
      <symbol id="sm-419">
         <name>mapClocks</name>
         <value>0x8b7c</value>
         <object_component_ref idref="oc-74"/>
      </symbol>
      <symbol id="sm-41a">
         <name>systemPowerDown</name>
         <value>0x8d1c</value>
         <object_component_ref idref="oc-74"/>
      </symbol>
      <symbol id="sm-4c9">
         <name>vPortInitialiseBlocks</name>
         <value>0x2918</value>
         <object_component_ref idref="oc-1ca"/>
      </symbol>
      <symbol id="sm-4ca">
         <name>xPortGetFreeHeapSize</name>
         <value>0x2900</value>
         <object_component_ref idref="oc-1ca"/>
      </symbol>
      <symbol id="sm-4cb">
         <name>pvPortMalloc</name>
         <value>0x2590</value>
         <object_component_ref idref="oc-1ca"/>
      </symbol>
      <symbol id="sm-4cc">
         <name>vPortFree</name>
         <value>0x2800</value>
         <object_component_ref idref="oc-1ca"/>
      </symbol>
      <symbol id="sm-4cd">
         <name>xPortGetMinimumEverFreeHeapSize</name>
         <value>0x290c</value>
         <object_component_ref idref="oc-1ca"/>
      </symbol>
      <symbol id="sm-4e3">
         <name>uxListRemove</name>
         <value>0xbf84</value>
         <object_component_ref idref="oc-1bb"/>
      </symbol>
      <symbol id="sm-4e4">
         <name>vListInsert</name>
         <value>0xbec0</value>
         <object_component_ref idref="oc-1bb"/>
      </symbol>
      <symbol id="sm-4e5">
         <name>vListInitialiseItem</name>
         <value>0xbe30</value>
         <object_component_ref idref="oc-1bb"/>
      </symbol>
      <symbol id="sm-4e6">
         <name>vListInsertEnd</name>
         <value>0xbe4c</value>
         <object_component_ref idref="oc-1bb"/>
      </symbol>
      <symbol id="sm-4e7">
         <name>vListInitialise</name>
         <value>0xbdd8</value>
         <object_component_ref idref="oc-1bb"/>
      </symbol>
      <symbol id="sm-52a">
         <name>vPortStoreTaskMPUSettings</name>
         <value>0x22c8</value>
         <object_component_ref idref="oc-1b5"/>
      </symbol>
      <symbol id="sm-52b">
         <name>ulTaskHasFPUContext</name>
         <value>0x8000904</value>
         <object_component_ref idref="oc-118"/>
      </symbol>
      <symbol id="sm-52c">
         <name>vPortEndScheduler</name>
         <value>0x255c</value>
         <object_component_ref idref="oc-1b5"/>
      </symbol>
      <symbol id="sm-52d">
         <name>ulCriticalNesting</name>
         <value>0x8000900</value>
         <object_component_ref idref="oc-118"/>
      </symbol>
      <symbol id="sm-52e">
         <name>pxPortInitialiseStack</name>
         <value>0x21b4</value>
         <object_component_ref idref="oc-1b5"/>
      </symbol>
      <symbol id="sm-52f">
         <name>xPortStartScheduler</name>
         <value>0x253c</value>
         <object_component_ref idref="oc-1b5"/>
      </symbol>
      <symbol id="sm-54a">
         <name>prvMpuSetRegion</name>
         <value>0x215c</value>
         <object_component_ref idref="oc-9e"/>
      </symbol>
      <symbol id="sm-54b">
         <name>vPortStartFirstTask</name>
         <value>0x1cfc</value>
         <object_component_ref idref="oc-9e"/>
      </symbol>
      <symbol id="sm-54c">
         <name>vPortYeildWithinAPI</name>
         <value>0x1e78</value>
         <object_component_ref idref="oc-9e"/>
      </symbol>
      <symbol id="sm-54d">
         <name>vPortPreemptiveTick</name>
         <value>0x1f6c</value>
         <object_component_ref idref="oc-9e"/>
      </symbol>
      <symbol id="sm-54e">
         <name>prvMpuDisable</name>
         <value>0x218c</value>
         <object_component_ref idref="oc-9e"/>
      </symbol>
      <symbol id="sm-54f">
         <name>prvMpuEnable</name>
         <value>0x2174</value>
         <object_component_ref idref="oc-9e"/>
      </symbol>
      <symbol id="sm-550">
         <name>vPortInitialiseFPSCR</name>
         <value>0x206c</value>
         <object_component_ref idref="oc-9e"/>
      </symbol>
      <symbol id="sm-551">
         <name>ulPortCountLeadingZeros</name>
         <value>0x2078</value>
         <object_component_ref idref="oc-9e"/>
      </symbol>
      <symbol id="sm-552">
         <name>vPortYieldProcessor</name>
         <value>0x1d8c</value>
         <object_component_ref idref="oc-9e"/>
      </symbol>
      <symbol id="sm-553">
         <name>vPortSWI</name>
         <value>0x2080</value>
         <object_component_ref idref="oc-9e"/>
      </symbol>
      <symbol id="sm-6e8">
         <name>vTaskDelay</name>
         <value>0x594</value>
         <object_component_ref idref="oc-10f"/>
      </symbol>
      <symbol id="sm-6e9">
         <name>vTaskSuspendAll</name>
         <value>0xd6c</value>
         <object_component_ref idref="oc-10f"/>
      </symbol>
      <symbol id="sm-6ea">
         <name>vTaskPlaceOnEventList</name>
         <value>0x1298</value>
         <object_component_ref idref="oc-10f"/>
      </symbol>
      <symbol id="sm-6eb">
         <name>uxTaskPriorityGetFromISR</name>
         <value>0x6a4</value>
         <object_component_ref idref="oc-10f"/>
      </symbol>
      <symbol id="sm-6ec">
         <name>ulTaskNotifyTake</name>
         <value>0x9d00</value>
         <object_component_ref idref="oc-1c1"/>
      </symbol>
      <symbol id="sm-6ed">
         <name>xTaskCheckForTimeOut</name>
         <value>0x167c</value>
         <object_component_ref idref="oc-10f"/>
      </symbol>
      <symbol id="sm-6ee">
         <name>xTaskRemoveFromUnorderedEventList</name>
         <value>0x1538</value>
         <object_component_ref idref="oc-10f"/>
      </symbol>
      <symbol id="sm-6ef">
         <name>vTaskPrioritySet</name>
         <value>0x6ec</value>
         <object_component_ref idref="oc-10f"/>
      </symbol>
      <symbol id="sm-6f0">
         <name>vTaskAllocateMPURegions</name>
         <value>0x18b4</value>
         <object_component_ref idref="oc-10f"/>
      </symbol>
      <symbol id="sm-6f1">
         <name>vTaskStartScheduler</name>
         <value>0xcbc</value>
         <object_component_ref idref="oc-10f"/>
      </symbol>
      <symbol id="sm-6f2">
         <name>uxTaskGetStackHighWaterMark</name>
         <value>0x1bbc</value>
         <object_component_ref idref="oc-10f"/>
      </symbol>
      <symbol id="sm-6f3">
         <name>xTaskNotify</name>
         <value>0x9fd4</value>
         <object_component_ref idref="oc-1c1"/>
      </symbol>
      <symbol id="sm-6f4">
         <name>vTaskDelayUntil</name>
         <value>0x3fc</value>
         <object_component_ref idref="oc-10f"/>
      </symbol>
      <symbol id="sm-6f5">
         <name>vTaskEndScheduler</name>
         <value>0xd50</value>
         <object_component_ref idref="oc-10f"/>
      </symbol>
      <symbol id="sm-6f6">
         <name>xTaskNotifyWait</name>
         <value>0x9e50</value>
         <object_component_ref idref="oc-1c1"/>
      </symbol>
      <symbol id="sm-6f7">
         <name>vTaskMissedYield</name>
         <value>0x1784</value>
         <object_component_ref idref="oc-10f"/>
      </symbol>
      <symbol id="sm-6f8">
         <name>uxTaskGetNumberOfTasks</name>
         <value>0xf60</value>
         <object_component_ref idref="oc-10f"/>
      </symbol>
      <symbol id="sm-6f9">
         <name>uxTaskPriorityGet</name>
         <value>0x660</value>
         <object_component_ref idref="oc-10f"/>
      </symbol>
      <symbol id="sm-6fa">
         <name>xTaskResumeAll</name>
         <value>0xd80</value>
         <object_component_ref idref="oc-10f"/>
      </symbol>
      <symbol id="sm-6fb">
         <name>xTaskGetTickCount</name>
         <value>0xf20</value>
         <object_component_ref idref="oc-10f"/>
      </symbol>
      <symbol id="sm-6fc">
         <name>xTaskGenericCreate</name>
         <value>0x20</value>
         <object_component_ref idref="oc-10f"/>
      </symbol>
      <symbol id="sm-6fd">
         <name>vTaskDelete</name>
         <value>0x2bc</value>
         <object_component_ref idref="oc-10f"/>
      </symbol>
      <symbol id="sm-6fe">
         <name>pxCurrentTCB</name>
         <value>0x80008d0</value>
         <object_component_ref idref="oc-115"/>
      </symbol>
      <symbol id="sm-6ff">
         <name>vTaskNotifyGiveFromISR</name>
         <value>0xa354</value>
         <object_component_ref idref="oc-1c1"/>
      </symbol>
      <symbol id="sm-700">
         <name>vTaskSuspend</name>
         <value>0x8e4</value>
         <object_component_ref idref="oc-10f"/>
      </symbol>
      <symbol id="sm-701">
         <name>xTaskGetTickCountFromISR</name>
         <value>0xf3c</value>
         <object_component_ref idref="oc-10f"/>
      </symbol>
      <symbol id="sm-702">
         <name>xTaskNotifyFromISR</name>
         <value>0xa180</value>
         <object_component_ref idref="oc-1c1"/>
      </symbol>
      <symbol id="sm-703">
         <name>vTaskResume</name>
         <value>0xaf0</value>
         <object_component_ref idref="oc-10f"/>
      </symbol>
      <symbol id="sm-704">
         <name>vTaskSetTimeOutState</name>
         <value>0x163c</value>
         <object_component_ref idref="oc-10f"/>
      </symbol>
      <symbol id="sm-705">
         <name>xTaskIncrementTick</name>
         <value>0xf7c</value>
         <object_component_ref idref="oc-10f"/>
      </symbol>
      <symbol id="sm-706">
         <name>vTaskSwitchContext</name>
         <value>0x11b4</value>
         <object_component_ref idref="oc-10f"/>
      </symbol>
      <symbol id="sm-707">
         <name>uxTaskResetEventItemValue</name>
         <value>0x1c8c</value>
         <object_component_ref idref="oc-10f"/>
      </symbol>
      <symbol id="sm-708">
         <name>xTaskGetSchedulerState</name>
         <value>0x1c3c</value>
         <object_component_ref idref="oc-10f"/>
      </symbol>
      <symbol id="sm-709">
         <name>xTaskResumeFromISR</name>
         <value>0xbd4</value>
         <object_component_ref idref="oc-10f"/>
      </symbol>
      <symbol id="sm-70a">
         <name>vTaskPlaceOnUnorderedEventList</name>
         <value>0x1350</value>
         <object_component_ref idref="oc-10f"/>
      </symbol>
      <symbol id="sm-70b">
         <name>xTaskRemoveFromEventList</name>
         <value>0x144c</value>
         <object_component_ref idref="oc-10f"/>
      </symbol>
      <symbol id="sm-736">
         <name>__TI_auto_init</name>
         <value>0xc75c</value>
         <object_component_ref idref="oc-85"/>
      </symbol>
      <symbol id="sm-754">
         <name>__TI_decompress_lzss</name>
         <value>0xc804</value>
         <object_component_ref idref="oc-e"/>
      </symbol>
      <symbol id="sm-76b">
         <name>__TI_decompress_none</name>
         <value>0xca04</value>
         <object_component_ref idref="oc-14"/>
      </symbol>
      <symbol id="sm-77d">
         <name>__TI_zero_init</name>
         <value>0xca18</value>
         <object_component_ref idref="oc-1a"/>
      </symbol>
      <symbol id="sm-797">
         <name>copy_in</name>
         <value>0xc924</value>
         <object_component_ref idref="oc-e7"/>
      </symbol>
      <symbol id="sm-7b8">
         <name>C$$EXIT</name>
         <value>0xc894</value>
         <object_component_ref idref="oc-91"/>
      </symbol>
      <symbol id="sm-7b9">
         <name>abort</name>
         <value>0xc89c</value>
         <object_component_ref idref="oc-91"/>
      </symbol>
      <symbol id="sm-7ba">
         <name>exit</name>
         <value>0xc8a8</value>
         <object_component_ref idref="oc-91"/>
      </symbol>
      <symbol id="sm-7bb">
         <name>__TI_dtors_ptr</name>
         <value>0x8003014</value>
         <object_component_ref idref="oc-101"/>
      </symbol>
      <symbol id="sm-7bc">
         <name>__TI_cleanup_ptr</name>
         <value>0x8003010</value>
         <object_component_ref idref="oc-101"/>
      </symbol>
      <symbol id="sm-7bd">
         <name>__TI_enable_exit_profile_output</name>
         <value>0x8003018</value>
         <object_component_ref idref="oc-101"/>
      </symbol>
      <symbol id="sm-7d6">
         <name>memcpy</name>
         <value>0xc1c4</value>
         <object_component_ref idref="oc-51"/>
      </symbol>
      <symbol id="sm-7d7">
         <name>__aeabi_memcpy</name>
         <value>0xc1c4</value>
         <object_component_ref idref="oc-51"/>
      </symbol>
      <symbol id="sm-7d8">
         <name>__aeabi_memcpy8</name>
         <value>0xc1c4</value>
         <object_component_ref idref="oc-51"/>
      </symbol>
      <symbol id="sm-7d9">
         <name>__aeabi_memcpy4</name>
         <value>0xc1c4</value>
         <object_component_ref idref="oc-51"/>
      </symbol>
      <symbol id="sm-7e8">
         <name>__aeabi_memset</name>
         <value>0xc6b0</value>
         <object_component_ref idref="oc-5d"/>
      </symbol>
      <symbol id="sm-7e9">
         <name>memset</name>
         <value>0xc6bc</value>
         <object_component_ref idref="oc-5d"/>
      </symbol>
      <symbol id="sm-7ea">
         <name>__aeabi_memset8</name>
         <value>0xc6b0</value>
         <object_component_ref idref="oc-5d"/>
      </symbol>
      <symbol id="sm-7eb">
         <name>__aeabi_memset4</name>
         <value>0xc6b0</value>
         <object_component_ref idref="oc-5d"/>
      </symbol>
      <symbol id="sm-7ec">
         <name>__aeabi_memclr8</name>
         <value>0xc6ac</value>
         <object_component_ref idref="oc-5d"/>
      </symbol>
      <symbol id="sm-7ed">
         <name>__aeabi_memclr4</name>
         <value>0xc6ac</value>
         <object_component_ref idref="oc-5d"/>
      </symbol>
      <symbol id="sm-7ee">
         <name>__aeabi_memclr</name>
         <value>0xc6ac</value>
         <object_component_ref idref="oc-5d"/>
      </symbol>
      <symbol id="sm-7f9">
         <name>_system_post_cinit</name>
         <value>0xca2c</value>
         <object_component_ref idref="oc-ed"/>
      </symbol>
      <symbol id="sm-814">
         <name>_nop</name>
         <value>0xc9f8</value>
         <object_component_ref idref="oc-1a9"/>
      </symbol>
      <symbol id="sm-815">
         <name>_lock</name>
         <value>0x800301c</value>
         <object_component_ref idref="oc-104"/>
      </symbol>
      <symbol id="sm-816">
         <name>_unlock</name>
         <value>0x8003020</value>
         <object_component_ref idref="oc-104"/>
      </symbol>
      <symbol id="sm-817">
         <name>_register_lock</name>
         <value>0xc9ec</value>
         <object_component_ref idref="oc-1a9"/>
      </symbol>
      <symbol id="sm-818">
         <name>_register_unlock</name>
         <value>0xc9e0</value>
         <object_component_ref idref="oc-1a9"/>
      </symbol>
      <symbol id="sm-81a">
         <name>__TI_static_base__</name>
         <value>0x0</value>
      </symbol>
      <symbol id="sm-81e">
         <name>SHT$$INIT_ARRAY$$Base</name>
         <value>0x0</value>
      </symbol>
      <symbol id="sm-81f">
         <name>SHT$$INIT_ARRAY$$Limit</name>
         <value>0x0</value>
      </symbol>
   </symbol_table>
   <title>Link successful</title>
</link_info>
