<?xml version="1.0"?>
<link_info>
   <banner>TI ARM Linker Unix v16.12.0.STS</banner>
   <copyright>Copyright (c) 1996-2015 Texas Instruments Incorporated</copyright>
   <link_time>0x593f7b27</link_time>
   <link_errors>0x0</link_errors>
   <output_file>gpio.out</output_file>
   <entry_point>
      <name>_c_int00</name>
      <address>0x3ca0</address>
   </entry_point>
   <input_file_list>
      <input_file id="fl-2">
         <path>./source/</path>
         <kind>object</kind>
         <file>HL_epc.obj</file>
         <name>HL_epc.obj</name>
      </input_file>
      <input_file id="fl-3">
         <path>./source/</path>
         <kind>object</kind>
         <file>HL_errata.obj</file>
         <name>HL_errata.obj</name>
      </input_file>
      <input_file id="fl-4">
         <path>./source/</path>
         <kind>object</kind>
         <file>HL_esm.obj</file>
         <name>HL_esm.obj</name>
      </input_file>
      <input_file id="fl-5">
         <path>./source/</path>
         <kind>object</kind>
         <file>HL_gio.obj</file>
         <name>HL_gio.obj</name>
      </input_file>
      <input_file id="fl-6">
         <path>./source/</path>
         <kind>object</kind>
         <file>HL_nmpu.obj</file>
         <name>HL_nmpu.obj</name>
      </input_file>
      <input_file id="fl-7">
         <path>./source/</path>
         <kind>object</kind>
         <file>HL_notification.obj</file>
         <name>HL_notification.obj</name>
      </input_file>
      <input_file id="fl-8">
         <path>./source/</path>
         <kind>object</kind>
         <file>HL_pinmux.obj</file>
         <name>HL_pinmux.obj</name>
      </input_file>
      <input_file id="fl-9">
         <path>./source/</path>
         <kind>object</kind>
         <file>HL_rti.obj</file>
         <name>HL_rti.obj</name>
      </input_file>
      <input_file id="fl-a">
         <path>./source/</path>
         <kind>object</kind>
         <file>HL_sys_core.obj</file>
         <name>HL_sys_core.obj</name>
      </input_file>
      <input_file id="fl-b">
         <path>./source/</path>
         <kind>object</kind>
         <file>HL_sys_dma.obj</file>
         <name>HL_sys_dma.obj</name>
      </input_file>
      <input_file id="fl-c">
         <path>./source/</path>
         <kind>object</kind>
         <file>HL_sys_intvecs.obj</file>
         <name>HL_sys_intvecs.obj</name>
      </input_file>
      <input_file id="fl-d">
         <path>./source/</path>
         <kind>object</kind>
         <file>HL_sys_main.obj</file>
         <name>HL_sys_main.obj</name>
      </input_file>
      <input_file id="fl-e">
         <path>./source/</path>
         <kind>object</kind>
         <file>HL_sys_mpu.obj</file>
         <name>HL_sys_mpu.obj</name>
      </input_file>
      <input_file id="fl-f">
         <path>./source/</path>
         <kind>object</kind>
         <file>HL_sys_pcr.obj</file>
         <name>HL_sys_pcr.obj</name>
      </input_file>
      <input_file id="fl-10">
         <path>./source/</path>
         <kind>object</kind>
         <file>HL_sys_phantom.obj</file>
         <name>HL_sys_phantom.obj</name>
      </input_file>
      <input_file id="fl-11">
         <path>./source/</path>
         <kind>object</kind>
         <file>HL_sys_pmm.obj</file>
         <name>HL_sys_pmm.obj</name>
      </input_file>
      <input_file id="fl-12">
         <path>./source/</path>
         <kind>object</kind>
         <file>HL_sys_pmu.obj</file>
         <name>HL_sys_pmu.obj</name>
      </input_file>
      <input_file id="fl-13">
         <path>./source/</path>
         <kind>object</kind>
         <file>HL_sys_startup.obj</file>
         <name>HL_sys_startup.obj</name>
      </input_file>
      <input_file id="fl-14">
         <path>./source/</path>
         <kind>object</kind>
         <file>HL_sys_vim.obj</file>
         <name>HL_sys_vim.obj</name>
      </input_file>
      <input_file id="fl-15">
         <path>./source/</path>
         <kind>object</kind>
         <file>HL_system.obj</file>
         <name>HL_system.obj</name>
      </input_file>
      <input_file id="fl-cf">
         <path>/home/kwrg/ti/ccsv7/tools/compiler/ti-cgt-arm_16.12.0.STS/lib/</path>
         <kind>archive</kind>
         <file>rtsv7R4_A_le_v3D16_eabi.lib</file>
         <name>autoinit.obj</name>
      </input_file>
      <input_file id="fl-d0">
         <path>/home/kwrg/ti/ccsv7/tools/compiler/ti-cgt-arm_16.12.0.STS/lib/</path>
         <kind>archive</kind>
         <file>rtsv7R4_A_le_v3D16_eabi.lib</file>
         <name>copy_decompress_lzss.obj</name>
      </input_file>
      <input_file id="fl-d1">
         <path>/home/kwrg/ti/ccsv7/tools/compiler/ti-cgt-arm_16.12.0.STS/lib/</path>
         <kind>archive</kind>
         <file>rtsv7R4_A_le_v3D16_eabi.lib</file>
         <name>copy_decompress_none.obj</name>
      </input_file>
      <input_file id="fl-d2">
         <path>/home/kwrg/ti/ccsv7/tools/compiler/ti-cgt-arm_16.12.0.STS/lib/</path>
         <kind>archive</kind>
         <file>rtsv7R4_A_le_v3D16_eabi.lib</file>
         <name>copy_zero_init.obj</name>
      </input_file>
      <input_file id="fl-d3">
         <path>/home/kwrg/ti/ccsv7/tools/compiler/ti-cgt-arm_16.12.0.STS/lib/</path>
         <kind>archive</kind>
         <file>rtsv7R4_A_le_v3D16_eabi.lib</file>
         <name>cpy_tbl.obj</name>
      </input_file>
      <input_file id="fl-d4">
         <path>/home/kwrg/ti/ccsv7/tools/compiler/ti-cgt-arm_16.12.0.STS/lib/</path>
         <kind>archive</kind>
         <file>rtsv7R4_A_le_v3D16_eabi.lib</file>
         <name>exit.obj</name>
      </input_file>
      <input_file id="fl-d5">
         <path>/home/kwrg/ti/ccsv7/tools/compiler/ti-cgt-arm_16.12.0.STS/lib/</path>
         <kind>archive</kind>
         <file>rtsv7R4_A_le_v3D16_eabi.lib</file>
         <name>memcpy32.obj</name>
      </input_file>
      <input_file id="fl-d6">
         <path>/home/kwrg/ti/ccsv7/tools/compiler/ti-cgt-arm_16.12.0.STS/lib/</path>
         <kind>archive</kind>
         <file>rtsv7R4_A_le_v3D16_eabi.lib</file>
         <name>memset32.obj</name>
      </input_file>
      <input_file id="fl-d7">
         <path>/home/kwrg/ti/ccsv7/tools/compiler/ti-cgt-arm_16.12.0.STS/lib/</path>
         <kind>archive</kind>
         <file>rtsv7R4_A_le_v3D16_eabi.lib</file>
         <name>startup.obj</name>
      </input_file>
      <input_file id="fl-d8">
         <path>/home/kwrg/ti/ccsv7/tools/compiler/ti-cgt-arm_16.12.0.STS/lib/</path>
         <kind>archive</kind>
         <file>rtsv7R4_A_le_v3D16_eabi.lib</file>
         <name>_lock.obj</name>
      </input_file>
   </input_file_list>
   <object_component_list>
      <object_component id="oc-33">
         <name>.intvecs</name>
         <load_address>0x0</load_address>
         <run_address>0x0</run_address>
         <size>0x20</size>
         <input_file_ref idref="fl-c"/>
      </object_component>
      <object_component id="oc-d2">
         <name>.text</name>
         <load_address>0x20</load_address>
         <run_address>0x20</run_address>
         <size>0x9c0</size>
         <input_file_ref idref="fl-8"/>
      </object_component>
      <object_component id="oc-78">
         <name>.text</name>
         <load_address>0x9e0</load_address>
         <run_address>0x9e0</run_address>
         <size>0x95c</size>
         <input_file_ref idref="fl-15"/>
      </object_component>
      <object_component id="oc-3f">
         <name>.text</name>
         <load_address>0x133c</load_address>
         <run_address>0x133c</run_address>
         <size>0x938</size>
         <input_file_ref idref="fl-14"/>
      </object_component>
      <object_component id="oc-7e">
         <name>.text</name>
         <load_address>0x1c74</load_address>
         <run_address>0x1c74</run_address>
         <size>0x7a8</size>
         <input_file_ref idref="fl-4"/>
      </object_component>
      <object_component id="oc-fb">
         <name>.text</name>
         <load_address>0x241c</load_address>
         <run_address>0x241c</run_address>
         <size>0x69c</size>
         <input_file_ref idref="fl-9"/>
      </object_component>
      <object_component id="oc-f5">
         <name>.text</name>
         <load_address>0x2ab8</load_address>
         <run_address>0x2ab8</run_address>
         <size>0x484</size>
         <input_file_ref idref="fl-5"/>
      </object_component>
      <object_component id="oc-6d">
         <name>.text</name>
         <load_address>0x2f3c</load_address>
         <run_address>0x2f3c</run_address>
         <size>0x3c4</size>
         <input_file_ref idref="fl-a"/>
      </object_component>
      <object_component id="oc-84">
         <name>.text</name>
         <load_address>0x3300</load_address>
         <run_address>0x3300</run_address>
         <size>0x36c</size>
         <input_file_ref idref="fl-e"/>
      </object_component>
      <object_component id="oc-3e">
         <name>.text:retain</name>
         <load_address>0x366c</load_address>
         <run_address>0x366c</run_address>
         <size>0x33c</size>
         <input_file_ref idref="fl-14"/>
      </object_component>
      <object_component id="oc-55">
         <name>.text</name>
         <load_address>0x39a8</load_address>
         <run_address>0x39a8</run_address>
         <size>0x180</size>
         <input_file_ref idref="fl-d5"/>
      </object_component>
      <object_component id="oc-24">
         <name>.text:retain</name>
         <load_address>0x3b28</load_address>
         <run_address>0x3b28</run_address>
         <size>0x178</size>
         <input_file_ref idref="fl-4"/>
      </object_component>
      <object_component id="oc-1e">
         <name>.text:retain</name>
         <load_address>0x3ca0</load_address>
         <run_address>0x3ca0</run_address>
         <size>0xb4</size>
         <input_file_ref idref="fl-13"/>
      </object_component>
      <object_component id="oc-89">
         <name>.text</name>
         <load_address>0x3d54</load_address>
         <run_address>0x3d54</run_address>
         <size>0xa8</size>
         <input_file_ref idref="fl-cf"/>
      </object_component>
      <object_component id="oc-c">
         <name>.text:decompress:lzss</name>
         <load_address>0x3dfc</load_address>
         <run_address>0x3dfc</run_address>
         <size>0x90</size>
         <input_file_ref idref="fl-d0"/>
      </object_component>
      <object_component id="oc-95">
         <name>.text</name>
         <load_address>0x3e8c</load_address>
         <run_address>0x3e8c</run_address>
         <size>0x90</size>
         <input_file_ref idref="fl-d4"/>
      </object_component>
      <object_component id="oc-72">
         <name>.text</name>
         <load_address>0x3f1c</load_address>
         <run_address>0x3f1c</run_address>
         <size>0x88</size>
         <input_file_ref idref="fl-7"/>
      </object_component>
      <object_component id="oc-e7">
         <name>.text</name>
         <load_address>0x3fa4</load_address>
         <run_address>0x3fa4</run_address>
         <size>0x84</size>
         <input_file_ref idref="fl-d3"/>
      </object_component>
      <object_component id="oc-8f">
         <name>.text</name>
         <load_address>0x4028</load_address>
         <run_address>0x4028</run_address>
         <size>0x68</size>
         <input_file_ref idref="fl-d"/>
      </object_component>
      <object_component id="oc-2d">
         <name>.text:retain</name>
         <load_address>0x4090</load_address>
         <run_address>0x4090</run_address>
         <size>0x54</size>
         <input_file_ref idref="fl-9"/>
      </object_component>
      <object_component id="oc-17f">
         <name>.text</name>
         <load_address>0x40e4</load_address>
         <run_address>0x40e4</run_address>
         <size>0x24</size>
         <input_file_ref idref="fl-d8"/>
      </object_component>
      <object_component id="oc-12">
         <name>.text:decompress:none</name>
         <load_address>0x4108</load_address>
         <run_address>0x4108</run_address>
         <size>0x14</size>
         <input_file_ref idref="fl-d1"/>
      </object_component>
      <object_component id="oc-38">
         <name>.text:retain</name>
         <load_address>0x411c</load_address>
         <run_address>0x411c</run_address>
         <size>0x4</size>
         <input_file_ref idref="fl-10"/>
      </object_component>
      <object_component id="oc-ed">
         <name>.text</name>
         <load_address>0x4120</load_address>
         <run_address>0x4120</run_address>
         <size>0x4</size>
         <input_file_ref idref="fl-d7"/>
      </object_component>
      <object_component id="oc-2a">
         <name>.const:s_vim_init</name>
         <load_address>0x4140</load_address>
         <run_address>0x4140</run_address>
         <size>0x200</size>
         <input_file_ref idref="fl-14"/>
      </object_component>
      <object_component id="oc-1c9">
         <name>.cinit..data.load</name>
         <load_address>0x4340</load_address>
         <run_address>0x4340</run_address>
         <size>0xe</size>
      </object_component>
      <object_component id="oc-1c7">
         <name>__TI_handler_table</name>
         <load_address>0x4350</load_address>
         <run_address>0x4350</run_address>
         <size>0x8</size>
      </object_component>
      <object_component id="oc-1c8">
         <name>__TI_cinit_table</name>
         <load_address>0x4358</load_address>
         <run_address>0x4358</run_address>
         <size>0x8</size>
      </object_component>
      <object_component id="oc-108">
         <name>.data:$O1$$</name>
         <load_address>0x8001500</load_address>
         <run_address>0x8001500</run_address>
         <size>0xc</size>
         <input_file_ref idref="fl-d4"/>
      </object_component>
      <object_component id="oc-10b">
         <name>.data:$O1$$</name>
         <load_address>0x800150c</load_address>
         <run_address>0x800150c</run_address>
         <size>0x8</size>
         <input_file_ref idref="fl-d8"/>
      </object_component>
      <object_component id="oc-140">
         <name>.debug_info</name>
         <load_address>0x0</load_address>
         <run_address>0x0</run_address>
         <size>0x1db</size>
         <input_file_ref idref="fl-2"/>
      </object_component>
      <object_component id="oc-d9">
         <name>.debug_info</name>
         <load_address>0x1db</load_address>
         <run_address>0x1db</run_address>
         <size>0x429</size>
         <input_file_ref idref="fl-2"/>
      </object_component>
      <object_component id="oc-9d">
         <name>.debug_info</name>
         <load_address>0x604</load_address>
         <run_address>0x604</run_address>
         <size>0x157</size>
         <input_file_ref idref="fl-2"/>
      </object_component>
      <object_component id="oc-102">
         <name>.debug_info</name>
         <load_address>0x75b</load_address>
         <run_address>0x75b</run_address>
         <size>0x8b</size>
         <input_file_ref idref="fl-2"/>
      </object_component>
      <object_component id="oc-a9">
         <name>.debug_info</name>
         <load_address>0x7e6</load_address>
         <run_address>0x7e6</run_address>
         <size>0x18c</size>
         <input_file_ref idref="fl-2"/>
      </object_component>
      <object_component id="oc-111">
         <name>.debug_info</name>
         <load_address>0x972</load_address>
         <run_address>0x972</run_address>
         <size>0x18b</size>
         <input_file_ref idref="fl-2"/>
      </object_component>
      <object_component id="oc-ae">
         <name>.debug_info</name>
         <load_address>0xafd</load_address>
         <run_address>0xafd</run_address>
         <size>0x86</size>
         <input_file_ref idref="fl-2"/>
      </object_component>
      <object_component id="oc-118">
         <name>.debug_info</name>
         <load_address>0xb83</load_address>
         <run_address>0xb83</run_address>
         <size>0x102</size>
         <input_file_ref idref="fl-2"/>
      </object_component>
      <object_component id="oc-14f">
         <name>.debug_info</name>
         <load_address>0xc85</load_address>
         <run_address>0xc85</run_address>
         <size>0x142</size>
         <input_file_ref idref="fl-2"/>
      </object_component>
      <object_component id="oc-11d">
         <name>.debug_info</name>
         <load_address>0xdc7</load_address>
         <run_address>0xdc7</run_address>
         <size>0x285</size>
         <input_file_ref idref="fl-2"/>
      </object_component>
      <object_component id="oc-122">
         <name>.debug_info</name>
         <load_address>0x104c</load_address>
         <run_address>0x104c</run_address>
         <size>0x44a</size>
         <input_file_ref idref="fl-2"/>
      </object_component>
      <object_component id="oc-127">
         <name>.debug_info</name>
         <load_address>0x1496</load_address>
         <run_address>0x1496</run_address>
         <size>0x1f9</size>
         <input_file_ref idref="fl-2"/>
      </object_component>
      <object_component id="oc-12c">
         <name>.debug_info</name>
         <load_address>0x168f</load_address>
         <run_address>0x168f</run_address>
         <size>0x152</size>
         <input_file_ref idref="fl-2"/>
      </object_component>
      <object_component id="oc-131">
         <name>.debug_info</name>
         <load_address>0x17e1</load_address>
         <run_address>0x17e1</run_address>
         <size>0x70a</size>
         <input_file_ref idref="fl-2"/>
      </object_component>
      <object_component id="oc-136">
         <name>.debug_info</name>
         <load_address>0x1eeb</load_address>
         <run_address>0x1eeb</run_address>
         <size>0x36d</size>
         <input_file_ref idref="fl-2"/>
      </object_component>
      <object_component id="oc-e5">
         <name>.debug_info</name>
         <load_address>0x2258</load_address>
         <run_address>0x2258</run_address>
         <size>0x1a7</size>
         <input_file_ref idref="fl-4"/>
      </object_component>
      <object_component id="oc-7f">
         <name>.debug_info</name>
         <load_address>0x23ff</load_address>
         <run_address>0x23ff</run_address>
         <size>0x10c8</size>
         <input_file_ref idref="fl-4"/>
      </object_component>
      <object_component id="oc-25">
         <name>.debug_info</name>
         <load_address>0x34c7</load_address>
         <run_address>0x34c7</run_address>
         <size>0x1b0</size>
         <input_file_ref idref="fl-4"/>
      </object_component>
      <object_component id="oc-e0">
         <name>.debug_info</name>
         <load_address>0x3677</load_address>
         <run_address>0x3677</run_address>
         <size>0x168</size>
         <input_file_ref idref="fl-4"/>
      </object_component>
      <object_component id="oc-173">
         <name>.debug_info</name>
         <load_address>0x37df</load_address>
         <run_address>0x37df</run_address>
         <size>0x10c</size>
         <input_file_ref idref="fl-5"/>
      </object_component>
      <object_component id="oc-f6">
         <name>.debug_info</name>
         <load_address>0x38eb</load_address>
         <run_address>0x38eb</run_address>
         <size>0x722</size>
         <input_file_ref idref="fl-5"/>
      </object_component>
      <object_component id="oc-19d">
         <name>.debug_info</name>
         <load_address>0x400d</load_address>
         <run_address>0x400d</run_address>
         <size>0x12a</size>
         <input_file_ref idref="fl-5"/>
      </object_component>
      <object_component id="oc-cc">
         <name>.debug_info</name>
         <load_address>0x4137</load_address>
         <run_address>0x4137</run_address>
         <size>0x1ee</size>
         <input_file_ref idref="fl-7"/>
      </object_component>
      <object_component id="oc-73">
         <name>.debug_info</name>
         <load_address>0x4325</load_address>
         <run_address>0x4325</run_address>
         <size>0x6ff</size>
         <input_file_ref idref="fl-7"/>
      </object_component>
      <object_component id="oc-145">
         <name>.debug_info</name>
         <load_address>0x4a24</load_address>
         <run_address>0x4a24</run_address>
         <size>0x306</size>
         <input_file_ref idref="fl-7"/>
      </object_component>
      <object_component id="oc-14a">
         <name>.debug_info</name>
         <load_address>0x4d2a</load_address>
         <run_address>0x4d2a</run_address>
         <size>0xadd</size>
         <input_file_ref idref="fl-7"/>
      </object_component>
      <object_component id="oc-cd">
         <name>.debug_info</name>
         <load_address>0x5807</load_address>
         <run_address>0x5807</run_address>
         <size>0x6eb</size>
         <input_file_ref idref="fl-7"/>
      </object_component>
      <object_component id="oc-176">
         <name>.debug_info</name>
         <load_address>0x5ef2</load_address>
         <run_address>0x5ef2</run_address>
         <size>0x1d4</size>
         <input_file_ref idref="fl-7"/>
      </object_component>
      <object_component id="oc-18e">
         <name>.debug_info</name>
         <load_address>0x60c6</load_address>
         <run_address>0x60c6</run_address>
         <size>0x10e</size>
         <input_file_ref idref="fl-8"/>
      </object_component>
      <object_component id="oc-d3">
         <name>.debug_info</name>
         <load_address>0x61d4</load_address>
         <run_address>0x61d4</run_address>
         <size>0x124</size>
         <input_file_ref idref="fl-8"/>
      </object_component>
      <object_component id="oc-15c">
         <name>.debug_info</name>
         <load_address>0x62f8</load_address>
         <run_address>0x62f8</run_address>
         <size>0x199</size>
         <input_file_ref idref="fl-8"/>
      </object_component>
      <object_component id="oc-175">
         <name>.debug_info</name>
         <load_address>0x6491</load_address>
         <run_address>0x6491</run_address>
         <size>0x167</size>
         <input_file_ref idref="fl-9"/>
      </object_component>
      <object_component id="oc-fc">
         <name>.debug_info</name>
         <load_address>0x65f8</load_address>
         <run_address>0x65f8</run_address>
         <size>0x10d8</size>
         <input_file_ref idref="fl-9"/>
      </object_component>
      <object_component id="oc-2e">
         <name>.debug_info</name>
         <load_address>0x76d0</load_address>
         <run_address>0x76d0</run_address>
         <size>0x14e</size>
         <input_file_ref idref="fl-9"/>
      </object_component>
      <object_component id="oc-6e">
         <name>.debug_info</name>
         <load_address>0x781e</load_address>
         <run_address>0x781e</run_address>
         <size>0x81a</size>
         <input_file_ref idref="fl-a"/>
      </object_component>
      <object_component id="oc-34">
         <name>.debug_info</name>
         <load_address>0x8038</load_address>
         <run_address>0x8038</run_address>
         <size>0x110</size>
         <input_file_ref idref="fl-c"/>
      </object_component>
      <object_component id="oc-107">
         <name>.debug_info</name>
         <load_address>0x8148</load_address>
         <run_address>0x8148</run_address>
         <size>0x275</size>
         <input_file_ref idref="fl-d"/>
      </object_component>
      <object_component id="oc-90">
         <name>.debug_info</name>
         <load_address>0x83bd</load_address>
         <run_address>0x83bd</run_address>
         <size>0x2a1</size>
         <input_file_ref idref="fl-d"/>
      </object_component>
      <object_component id="oc-85">
         <name>.debug_info</name>
         <load_address>0x865e</load_address>
         <run_address>0x865e</run_address>
         <size>0x447</size>
         <input_file_ref idref="fl-e"/>
      </object_component>
      <object_component id="oc-18d">
         <name>.debug_info</name>
         <load_address>0x8aa5</load_address>
         <run_address>0x8aa5</run_address>
         <size>0x14f</size>
         <input_file_ref idref="fl-f"/>
      </object_component>
      <object_component id="oc-157">
         <name>.debug_info</name>
         <load_address>0x8bf4</load_address>
         <run_address>0x8bf4</run_address>
         <size>0x457</size>
         <input_file_ref idref="fl-f"/>
      </object_component>
      <object_component id="oc-39">
         <name>.debug_info</name>
         <load_address>0x904b</load_address>
         <run_address>0x904b</run_address>
         <size>0x145</size>
         <input_file_ref idref="fl-10"/>
      </object_component>
      <object_component id="oc-1f">
         <name>.debug_info</name>
         <load_address>0x9190</load_address>
         <run_address>0x9190</run_address>
         <size>0x284</size>
         <input_file_ref idref="fl-13"/>
      </object_component>
      <object_component id="oc-a4">
         <name>.debug_info</name>
         <load_address>0x9414</load_address>
         <run_address>0x9414</run_address>
         <size>0x2da</size>
         <input_file_ref idref="fl-14"/>
      </object_component>
      <object_component id="oc-2b">
         <name>.debug_info</name>
         <load_address>0x96ee</load_address>
         <run_address>0x96ee</run_address>
         <size>0xe7</size>
         <input_file_ref idref="fl-14"/>
      </object_component>
      <object_component id="oc-40">
         <name>.debug_info</name>
         <load_address>0x97d5</load_address>
         <run_address>0x97d5</run_address>
         <size>0x497</size>
         <input_file_ref idref="fl-14"/>
      </object_component>
      <object_component id="oc-45">
         <name>.debug_info</name>
         <load_address>0x9c6c</load_address>
         <run_address>0x9c6c</run_address>
         <size>0x202</size>
         <input_file_ref idref="fl-14"/>
      </object_component>
      <object_component id="oc-13b">
         <name>.debug_info</name>
         <load_address>0x9e6e</load_address>
         <run_address>0x9e6e</run_address>
         <size>0x4f</size>
         <input_file_ref idref="fl-14"/>
      </object_component>
      <object_component id="oc-de">
         <name>.debug_info</name>
         <load_address>0x9ebd</load_address>
         <run_address>0x9ebd</run_address>
         <size>0x23d</size>
         <input_file_ref idref="fl-15"/>
      </object_component>
      <object_component id="oc-79">
         <name>.debug_info</name>
         <load_address>0xa0fa</load_address>
         <run_address>0xa0fa</run_address>
         <size>0x597</size>
         <input_file_ref idref="fl-15"/>
      </object_component>
      <object_component id="oc-f4">
         <name>.debug_info</name>
         <load_address>0xa691</load_address>
         <run_address>0xa691</run_address>
         <size>0x2ce</size>
         <input_file_ref idref="fl-cf"/>
      </object_component>
      <object_component id="oc-8a">
         <name>.debug_info</name>
         <load_address>0xa95f</load_address>
         <run_address>0xa95f</run_address>
         <size>0x175</size>
         <input_file_ref idref="fl-cf"/>
      </object_component>
      <object_component id="oc-50">
         <name>.debug_info</name>
         <load_address>0xaad4</load_address>
         <run_address>0xaad4</run_address>
         <size>0x84</size>
         <input_file_ref idref="fl-cf"/>
      </object_component>
      <object_component id="oc-168">
         <name>.debug_info</name>
         <load_address>0xab58</load_address>
         <run_address>0xab58</run_address>
         <size>0x39</size>
         <input_file_ref idref="fl-cf"/>
      </object_component>
      <object_component id="oc-196">
         <name>.debug_info</name>
         <load_address>0xab91</load_address>
         <run_address>0xab91</run_address>
         <size>0x39</size>
         <input_file_ref idref="fl-cf"/>
      </object_component>
      <object_component id="oc-16d">
         <name>.debug_info</name>
         <load_address>0xabca</load_address>
         <run_address>0xabca</run_address>
         <size>0xcd</size>
         <input_file_ref idref="fl-cf"/>
      </object_component>
      <object_component id="oc-b9">
         <name>.debug_info</name>
         <load_address>0xac97</load_address>
         <run_address>0xac97</run_address>
         <size>0xde</size>
         <input_file_ref idref="fl-d0"/>
      </object_component>
      <object_component id="oc-d">
         <name>.debug_info</name>
         <load_address>0xad75</load_address>
         <run_address>0xad75</run_address>
         <size>0x22a</size>
         <input_file_ref idref="fl-d0"/>
      </object_component>
      <object_component id="oc-4b">
         <name>.debug_info</name>
         <load_address>0xaf9f</load_address>
         <run_address>0xaf9f</run_address>
         <size>0x60</size>
         <input_file_ref idref="fl-d0"/>
      </object_component>
      <object_component id="oc-b4">
         <name>.debug_info</name>
         <load_address>0xafff</load_address>
         <run_address>0xafff</run_address>
         <size>0x46</size>
         <input_file_ref idref="fl-d0"/>
      </object_component>
      <object_component id="oc-60">
         <name>.debug_info</name>
         <load_address>0xb045</load_address>
         <run_address>0xb045</run_address>
         <size>0x120</size>
         <input_file_ref idref="fl-d1"/>
      </object_component>
      <object_component id="oc-13">
         <name>.debug_info</name>
         <load_address>0xb165</load_address>
         <run_address>0xb165</run_address>
         <size>0x1af</size>
         <input_file_ref idref="fl-d1"/>
      </object_component>
      <object_component id="oc-5b">
         <name>.debug_info</name>
         <load_address>0xb314</load_address>
         <run_address>0xb314</run_address>
         <size>0x46</size>
         <input_file_ref idref="fl-d1"/>
      </object_component>
      <object_component id="oc-bb">
         <name>.debug_info</name>
         <load_address>0xb35a</load_address>
         <run_address>0xb35a</run_address>
         <size>0x2c</size>
         <input_file_ref idref="fl-d1"/>
      </object_component>
      <object_component id="oc-c3">
         <name>.debug_info</name>
         <load_address>0xb386</load_address>
         <run_address>0xb386</run_address>
         <size>0x2c</size>
         <input_file_ref idref="fl-d2"/>
      </object_component>
      <object_component id="oc-164">
         <name>.debug_info</name>
         <load_address>0xb3b2</load_address>
         <run_address>0xb3b2</run_address>
         <size>0x1c5</size>
         <input_file_ref idref="fl-d3"/>
      </object_component>
      <object_component id="oc-e8">
         <name>.debug_info</name>
         <load_address>0xb577</load_address>
         <run_address>0xb577</run_address>
         <size>0x168</size>
         <input_file_ref idref="fl-d3"/>
      </object_component>
      <object_component id="oc-191">
         <name>.debug_info</name>
         <load_address>0xb6df</load_address>
         <run_address>0xb6df</run_address>
         <size>0x2c</size>
         <input_file_ref idref="fl-d3"/>
      </object_component>
      <object_component id="oc-10f">
         <name>.debug_info</name>
         <load_address>0xb70b</load_address>
         <run_address>0xb70b</run_address>
         <size>0x219</size>
         <input_file_ref idref="fl-d4"/>
      </object_component>
      <object_component id="oc-109">
         <name>.debug_info</name>
         <load_address>0xb924</load_address>
         <run_address>0xb924</run_address>
         <size>0x16a</size>
         <input_file_ref idref="fl-d4"/>
      </object_component>
      <object_component id="oc-96">
         <name>.debug_info</name>
         <load_address>0xba8e</load_address>
         <run_address>0xba8e</run_address>
         <size>0x1f9</size>
         <input_file_ref idref="fl-d4"/>
      </object_component>
      <object_component id="oc-56">
         <name>.debug_info</name>
         <load_address>0xbc87</load_address>
         <run_address>0xbc87</run_address>
         <size>0x161</size>
         <input_file_ref idref="fl-d5"/>
      </object_component>
      <object_component id="oc-ee">
         <name>.debug_info</name>
         <load_address>0xbde8</load_address>
         <run_address>0xbde8</run_address>
         <size>0x12a</size>
         <input_file_ref idref="fl-d7"/>
      </object_component>
      <object_component id="oc-187">
         <name>.debug_info</name>
         <load_address>0xbf12</load_address>
         <run_address>0xbf12</run_address>
         <size>0x109</size>
         <input_file_ref idref="fl-d8"/>
      </object_component>
      <object_component id="oc-10c">
         <name>.debug_info</name>
         <load_address>0xc01b</load_address>
         <run_address>0xc01b</run_address>
         <size>0xf8</size>
         <input_file_ref idref="fl-d8"/>
      </object_component>
      <object_component id="oc-180">
         <name>.debug_info</name>
         <load_address>0xc113</load_address>
         <run_address>0xc113</run_address>
         <size>0x204</size>
         <input_file_ref idref="fl-d8"/>
      </object_component>
      <object_component id="oc-1ca">
         <name>.debug_info</name>
         <load_address>0xc317</load_address>
         <run_address>0xc317</run_address>
         <size>0xa9</size>
      </object_component>
      <object_component id="oc-18c">
         <name>.debug_line</name>
         <load_address>0x0</load_address>
         <run_address>0x0</run_address>
         <size>0x20</size>
         <input_file_ref idref="fl-2"/>
      </object_component>
      <object_component id="oc-dc">
         <name>.debug_line</name>
         <load_address>0x20</load_address>
         <run_address>0x20</run_address>
         <size>0x69</size>
         <input_file_ref idref="fl-2"/>
      </object_component>
      <object_component id="oc-a0">
         <name>.debug_line</name>
         <load_address>0x89</load_address>
         <run_address>0x89</run_address>
         <size>0x6f</size>
         <input_file_ref idref="fl-2"/>
      </object_component>
      <object_component id="oc-105">
         <name>.debug_line</name>
         <load_address>0xf8</load_address>
         <run_address>0xf8</run_address>
         <size>0x20</size>
         <input_file_ref idref="fl-2"/>
      </object_component>
      <object_component id="oc-ac">
         <name>.debug_line</name>
         <load_address>0x118</load_address>
         <run_address>0x118</run_address>
         <size>0x6a</size>
         <input_file_ref idref="fl-2"/>
      </object_component>
      <object_component id="oc-114">
         <name>.debug_line</name>
         <load_address>0x182</load_address>
         <run_address>0x182</run_address>
         <size>0x6e</size>
         <input_file_ref idref="fl-2"/>
      </object_component>
      <object_component id="oc-b1">
         <name>.debug_line</name>
         <load_address>0x1f0</load_address>
         <run_address>0x1f0</run_address>
         <size>0x6d</size>
         <input_file_ref idref="fl-2"/>
      </object_component>
      <object_component id="oc-11b">
         <name>.debug_line</name>
         <load_address>0x25d</load_address>
         <run_address>0x25d</run_address>
         <size>0x6c</size>
         <input_file_ref idref="fl-2"/>
      </object_component>
      <object_component id="oc-152">
         <name>.debug_line</name>
         <load_address>0x2c9</load_address>
         <run_address>0x2c9</run_address>
         <size>0x6a</size>
         <input_file_ref idref="fl-2"/>
      </object_component>
      <object_component id="oc-120">
         <name>.debug_line</name>
         <load_address>0x333</load_address>
         <run_address>0x333</run_address>
         <size>0x6a</size>
         <input_file_ref idref="fl-2"/>
      </object_component>
      <object_component id="oc-125">
         <name>.debug_line</name>
         <load_address>0x39d</load_address>
         <run_address>0x39d</run_address>
         <size>0x6c</size>
         <input_file_ref idref="fl-2"/>
      </object_component>
      <object_component id="oc-12a">
         <name>.debug_line</name>
         <load_address>0x409</load_address>
         <run_address>0x409</run_address>
         <size>0x6a</size>
         <input_file_ref idref="fl-2"/>
      </object_component>
      <object_component id="oc-12f">
         <name>.debug_line</name>
         <load_address>0x473</load_address>
         <run_address>0x473</run_address>
         <size>0x6d</size>
         <input_file_ref idref="fl-2"/>
      </object_component>
      <object_component id="oc-134">
         <name>.debug_line</name>
         <load_address>0x4e0</load_address>
         <run_address>0x4e0</run_address>
         <size>0x6d</size>
         <input_file_ref idref="fl-2"/>
      </object_component>
      <object_component id="oc-139">
         <name>.debug_line</name>
         <load_address>0x54d</load_address>
         <run_address>0x54d</run_address>
         <size>0x6a</size>
         <input_file_ref idref="fl-2"/>
      </object_component>
      <object_component id="oc-162">
         <name>.debug_line</name>
         <load_address>0x5b7</load_address>
         <run_address>0x5b7</run_address>
         <size>0x66</size>
         <input_file_ref idref="fl-4"/>
      </object_component>
      <object_component id="oc-82">
         <name>.debug_line</name>
         <load_address>0x61d</load_address>
         <run_address>0x61d</run_address>
         <size>0x365</size>
         <input_file_ref idref="fl-4"/>
      </object_component>
      <object_component id="oc-28">
         <name>.debug_line</name>
         <load_address>0x982</load_address>
         <run_address>0x982</run_address>
         <size>0x7c</size>
         <input_file_ref idref="fl-4"/>
      </object_component>
      <object_component id="oc-e3">
         <name>.debug_line</name>
         <load_address>0x9fe</load_address>
         <run_address>0x9fe</run_address>
         <size>0x66</size>
         <input_file_ref idref="fl-4"/>
      </object_component>
      <object_component id="oc-19c">
         <name>.debug_line</name>
         <load_address>0xa64</load_address>
         <run_address>0xa64</run_address>
         <size>0x20</size>
         <input_file_ref idref="fl-5"/>
      </object_component>
      <object_component id="oc-f9">
         <name>.debug_line</name>
         <load_address>0xa84</load_address>
         <run_address>0xa84</run_address>
         <size>0x199</size>
         <input_file_ref idref="fl-5"/>
      </object_component>
      <object_component id="oc-1a0">
         <name>.debug_line</name>
         <load_address>0xc1d</load_address>
         <run_address>0xc1d</run_address>
         <size>0x66</size>
         <input_file_ref idref="fl-5"/>
      </object_component>
      <object_component id="oc-144">
         <name>.debug_line</name>
         <load_address>0xc83</load_address>
         <run_address>0xc83</run_address>
         <size>0x20</size>
         <input_file_ref idref="fl-7"/>
      </object_component>
      <object_component id="oc-76">
         <name>.debug_line</name>
         <load_address>0xca3</load_address>
         <run_address>0xca3</run_address>
         <size>0xed</size>
         <input_file_ref idref="fl-7"/>
      </object_component>
      <object_component id="oc-148">
         <name>.debug_line</name>
         <load_address>0xd90</load_address>
         <run_address>0xd90</run_address>
         <size>0x6a</size>
         <input_file_ref idref="fl-7"/>
      </object_component>
      <object_component id="oc-14d">
         <name>.debug_line</name>
         <load_address>0xdfa</load_address>
         <run_address>0xdfa</run_address>
         <size>0x6a</size>
         <input_file_ref idref="fl-7"/>
      </object_component>
      <object_component id="oc-d0">
         <name>.debug_line</name>
         <load_address>0xe64</load_address>
         <run_address>0xe64</run_address>
         <size>0x6a</size>
         <input_file_ref idref="fl-7"/>
      </object_component>
      <object_component id="oc-179">
         <name>.debug_line</name>
         <load_address>0xece</load_address>
         <run_address>0xece</run_address>
         <size>0x66</size>
         <input_file_ref idref="fl-7"/>
      </object_component>
      <object_component id="oc-1aa">
         <name>.debug_line</name>
         <load_address>0xf34</load_address>
         <run_address>0xf34</run_address>
         <size>0x20</size>
         <input_file_ref idref="fl-8"/>
      </object_component>
      <object_component id="oc-d6">
         <name>.debug_line</name>
         <load_address>0xf54</load_address>
         <run_address>0xf54</run_address>
         <size>0xdc</size>
         <input_file_ref idref="fl-8"/>
      </object_component>
      <object_component id="oc-15f">
         <name>.debug_line</name>
         <load_address>0x1030</load_address>
         <run_address>0x1030</run_address>
         <size>0x6d</size>
         <input_file_ref idref="fl-8"/>
      </object_component>
      <object_component id="oc-1a3">
         <name>.debug_line</name>
         <load_address>0x109d</load_address>
         <run_address>0x109d</run_address>
         <size>0x66</size>
         <input_file_ref idref="fl-9"/>
      </object_component>
      <object_component id="oc-ff">
         <name>.debug_line</name>
         <load_address>0x1103</load_address>
         <run_address>0x1103</run_address>
         <size>0x2f5</size>
         <input_file_ref idref="fl-9"/>
      </object_component>
      <object_component id="oc-31">
         <name>.debug_line</name>
         <load_address>0x13f8</load_address>
         <run_address>0x13f8</run_address>
         <size>0x4f</size>
         <input_file_ref idref="fl-9"/>
      </object_component>
      <object_component id="oc-71">
         <name>.debug_line</name>
         <load_address>0x1447</load_address>
         <run_address>0x1447</run_address>
         <size>0x2f2</size>
         <input_file_ref idref="fl-a"/>
      </object_component>
      <object_component id="oc-37">
         <name>.debug_line</name>
         <load_address>0x1739</load_address>
         <run_address>0x1739</run_address>
         <size>0x52</size>
         <input_file_ref idref="fl-c"/>
      </object_component>
      <object_component id="oc-17c">
         <name>.debug_line</name>
         <load_address>0x178b</load_address>
         <run_address>0x178b</run_address>
         <size>0xc7</size>
         <input_file_ref idref="fl-d"/>
      </object_component>
      <object_component id="oc-93">
         <name>.debug_line</name>
         <load_address>0x1852</load_address>
         <run_address>0x1852</run_address>
         <size>0x6f</size>
         <input_file_ref idref="fl-d"/>
      </object_component>
      <object_component id="oc-88">
         <name>.debug_line</name>
         <load_address>0x18c1</load_address>
         <run_address>0x18c1</run_address>
         <size>0x1f3</size>
         <input_file_ref idref="fl-e"/>
      </object_component>
      <object_component id="oc-1a8">
         <name>.debug_line</name>
         <load_address>0x1ab4</load_address>
         <run_address>0x1ab4</run_address>
         <size>0x20</size>
         <input_file_ref idref="fl-f"/>
      </object_component>
      <object_component id="oc-15a">
         <name>.debug_line</name>
         <load_address>0x1ad4</load_address>
         <run_address>0x1ad4</run_address>
         <size>0x6a</size>
         <input_file_ref idref="fl-f"/>
      </object_component>
      <object_component id="oc-3c">
         <name>.debug_line</name>
         <load_address>0x1b3e</load_address>
         <run_address>0x1b3e</run_address>
         <size>0x4e</size>
         <input_file_ref idref="fl-10"/>
      </object_component>
      <object_component id="oc-22">
         <name>.debug_line</name>
         <load_address>0x1b8c</load_address>
         <run_address>0x1b8c</run_address>
         <size>0x7b</size>
         <input_file_ref idref="fl-13"/>
      </object_component>
      <object_component id="oc-117">
         <name>.debug_line</name>
         <load_address>0x1c07</load_address>
         <run_address>0x1c07</run_address>
         <size>0xb0</size>
         <input_file_ref idref="fl-14"/>
      </object_component>
      <object_component id="oc-a3">
         <name>.debug_line</name>
         <load_address>0x1cb7</load_address>
         <run_address>0x1cb7</run_address>
         <size>0x3a</size>
         <input_file_ref idref="fl-14"/>
      </object_component>
      <object_component id="oc-43">
         <name>.debug_line</name>
         <load_address>0x1cf1</load_address>
         <run_address>0x1cf1</run_address>
         <size>0x1b2</size>
         <input_file_ref idref="fl-14"/>
      </object_component>
      <object_component id="oc-48">
         <name>.debug_line</name>
         <load_address>0x1ea3</load_address>
         <run_address>0x1ea3</run_address>
         <size>0xbc</size>
         <input_file_ref idref="fl-14"/>
      </object_component>
      <object_component id="oc-13e">
         <name>.debug_line</name>
         <load_address>0x1f5f</load_address>
         <run_address>0x1f5f</run_address>
         <size>0x3a</size>
         <input_file_ref idref="fl-14"/>
      </object_component>
      <object_component id="oc-156">
         <name>.debug_line</name>
         <load_address>0x1f99</load_address>
         <run_address>0x1f99</run_address>
         <size>0xb4</size>
         <input_file_ref idref="fl-15"/>
      </object_component>
      <object_component id="oc-7c">
         <name>.debug_line</name>
         <load_address>0x204d</load_address>
         <run_address>0x204d</run_address>
         <size>0x21e</size>
         <input_file_ref idref="fl-15"/>
      </object_component>
      <object_component id="oc-167">
         <name>.debug_line</name>
         <load_address>0x226b</load_address>
         <run_address>0x226b</run_address>
         <size>0x8d</size>
         <input_file_ref idref="fl-cf"/>
      </object_component>
      <object_component id="oc-8d">
         <name>.debug_line</name>
         <load_address>0x22f8</load_address>
         <run_address>0x22f8</run_address>
         <size>0x95</size>
         <input_file_ref idref="fl-cf"/>
      </object_component>
      <object_component id="oc-53">
         <name>.debug_line</name>
         <load_address>0x238d</load_address>
         <run_address>0x238d</run_address>
         <size>0x20</size>
         <input_file_ref idref="fl-cf"/>
      </object_component>
      <object_component id="oc-16b">
         <name>.debug_line</name>
         <load_address>0x23ad</load_address>
         <run_address>0x23ad</run_address>
         <size>0x2e</size>
         <input_file_ref idref="fl-cf"/>
      </object_component>
      <object_component id="oc-199">
         <name>.debug_line</name>
         <load_address>0x23db</load_address>
         <run_address>0x23db</run_address>
         <size>0x6e</size>
         <input_file_ref idref="fl-cf"/>
      </object_component>
      <object_component id="oc-170">
         <name>.debug_line</name>
         <load_address>0x2449</load_address>
         <run_address>0x2449</run_address>
         <size>0x6f</size>
         <input_file_ref idref="fl-cf"/>
      </object_component>
      <object_component id="oc-142">
         <name>.debug_line</name>
         <load_address>0x24b8</load_address>
         <run_address>0x24b8</run_address>
         <size>0x20</size>
         <input_file_ref idref="fl-d0"/>
      </object_component>
      <object_component id="oc-10">
         <name>.debug_line</name>
         <load_address>0x24d8</load_address>
         <run_address>0x24d8</run_address>
         <size>0xb2</size>
         <input_file_ref idref="fl-d0"/>
      </object_component>
      <object_component id="oc-4e">
         <name>.debug_line</name>
         <load_address>0x258a</load_address>
         <run_address>0x258a</run_address>
         <size>0x3a</size>
         <input_file_ref idref="fl-d0"/>
      </object_component>
      <object_component id="oc-b7">
         <name>.debug_line</name>
         <load_address>0x25c4</load_address>
         <run_address>0x25c4</run_address>
         <size>0x6e</size>
         <input_file_ref idref="fl-d0"/>
      </object_component>
      <object_component id="oc-c1">
         <name>.debug_line</name>
         <load_address>0x2632</load_address>
         <run_address>0x2632</run_address>
         <size>0x6e</size>
         <input_file_ref idref="fl-d1"/>
      </object_component>
      <object_component id="oc-16">
         <name>.debug_line</name>
         <load_address>0x26a0</load_address>
         <run_address>0x26a0</run_address>
         <size>0x55</size>
         <input_file_ref idref="fl-d1"/>
      </object_component>
      <object_component id="oc-5e">
         <name>.debug_line</name>
         <load_address>0x26f5</load_address>
         <run_address>0x26f5</run_address>
         <size>0x3a</size>
         <input_file_ref idref="fl-d1"/>
      </object_component>
      <object_component id="oc-be">
         <name>.debug_line</name>
         <load_address>0x272f</load_address>
         <run_address>0x272f</run_address>
         <size>0x6e</size>
         <input_file_ref idref="fl-d1"/>
      </object_component>
      <object_component id="oc-c6">
         <name>.debug_line</name>
         <load_address>0x279d</load_address>
         <run_address>0x279d</run_address>
         <size>0x6e</size>
         <input_file_ref idref="fl-d2"/>
      </object_component>
      <object_component id="oc-190">
         <name>.debug_line</name>
         <load_address>0x280b</load_address>
         <run_address>0x280b</run_address>
         <size>0x7c</size>
         <input_file_ref idref="fl-d3"/>
      </object_component>
      <object_component id="oc-eb">
         <name>.debug_line</name>
         <load_address>0x2887</load_address>
         <run_address>0x2887</run_address>
         <size>0x78</size>
         <input_file_ref idref="fl-d3"/>
      </object_component>
      <object_component id="oc-194">
         <name>.debug_line</name>
         <load_address>0x28ff</load_address>
         <run_address>0x28ff</run_address>
         <size>0x2e</size>
         <input_file_ref idref="fl-d3"/>
      </object_component>
      <object_component id="oc-18a">
         <name>.debug_line</name>
         <load_address>0x292d</load_address>
         <run_address>0x292d</run_address>
         <size>0xba</size>
         <input_file_ref idref="fl-d4"/>
      </object_component>
      <object_component id="oc-17e">
         <name>.debug_line</name>
         <load_address>0x29e7</load_address>
         <run_address>0x29e7</run_address>
         <size>0x2a</size>
         <input_file_ref idref="fl-d4"/>
      </object_component>
      <object_component id="oc-99">
         <name>.debug_line</name>
         <load_address>0x2a11</load_address>
         <run_address>0x2a11</run_address>
         <size>0x86</size>
         <input_file_ref idref="fl-d4"/>
      </object_component>
      <object_component id="oc-59">
         <name>.debug_line</name>
         <load_address>0x2a97</load_address>
         <run_address>0x2a97</run_address>
         <size>0x9a</size>
         <input_file_ref idref="fl-d5"/>
      </object_component>
      <object_component id="oc-f1">
         <name>.debug_line</name>
         <load_address>0x2b31</load_address>
         <run_address>0x2b31</run_address>
         <size>0x3c</size>
         <input_file_ref idref="fl-d7"/>
      </object_component>
      <object_component id="oc-1a6">
         <name>.debug_line</name>
         <load_address>0x2b6d</load_address>
         <run_address>0x2b6d</run_address>
         <size>0x20</size>
         <input_file_ref idref="fl-d8"/>
      </object_component>
      <object_component id="oc-186">
         <name>.debug_line</name>
         <load_address>0x2b8d</load_address>
         <run_address>0x2b8d</run_address>
         <size>0x2b</size>
         <input_file_ref idref="fl-d8"/>
      </object_component>
      <object_component id="oc-183">
         <name>.debug_line</name>
         <load_address>0x2bb8</load_address>
         <run_address>0x2bb8</run_address>
         <size>0x64</size>
         <input_file_ref idref="fl-d8"/>
      </object_component>
      <object_component id="oc-18b">
         <name>.debug_abbrev</name>
         <load_address>0x0</load_address>
         <run_address>0x0</run_address>
         <size>0x4b</size>
         <input_file_ref idref="fl-2"/>
      </object_component>
      <object_component id="oc-db">
         <name>.debug_abbrev</name>
         <load_address>0x4b</load_address>
         <run_address>0x4b</run_address>
         <size>0xba</size>
         <input_file_ref idref="fl-2"/>
      </object_component>
      <object_component id="oc-9f">
         <name>.debug_abbrev</name>
         <load_address>0x105</load_address>
         <run_address>0x105</run_address>
         <size>0x5a</size>
         <input_file_ref idref="fl-2"/>
      </object_component>
      <object_component id="oc-104">
         <name>.debug_abbrev</name>
         <load_address>0x15f</load_address>
         <run_address>0x15f</run_address>
         <size>0x1f</size>
         <input_file_ref idref="fl-2"/>
      </object_component>
      <object_component id="oc-ab">
         <name>.debug_abbrev</name>
         <load_address>0x17e</load_address>
         <run_address>0x17e</run_address>
         <size>0x7c</size>
         <input_file_ref idref="fl-2"/>
      </object_component>
      <object_component id="oc-113">
         <name>.debug_abbrev</name>
         <load_address>0x1fa</load_address>
         <run_address>0x1fa</run_address>
         <size>0x35</size>
         <input_file_ref idref="fl-2"/>
      </object_component>
      <object_component id="oc-b0">
         <name>.debug_abbrev</name>
         <load_address>0x22f</load_address>
         <run_address>0x22f</run_address>
         <size>0x55</size>
         <input_file_ref idref="fl-2"/>
      </object_component>
      <object_component id="oc-11a">
         <name>.debug_abbrev</name>
         <load_address>0x284</load_address>
         <run_address>0x284</run_address>
         <size>0x4b</size>
         <input_file_ref idref="fl-2"/>
      </object_component>
      <object_component id="oc-151">
         <name>.debug_abbrev</name>
         <load_address>0x2cf</load_address>
         <run_address>0x2cf</run_address>
         <size>0x4b</size>
         <input_file_ref idref="fl-2"/>
      </object_component>
      <object_component id="oc-11f">
         <name>.debug_abbrev</name>
         <load_address>0x31a</load_address>
         <run_address>0x31a</run_address>
         <size>0x4b</size>
         <input_file_ref idref="fl-2"/>
      </object_component>
      <object_component id="oc-124">
         <name>.debug_abbrev</name>
         <load_address>0x365</load_address>
         <run_address>0x365</run_address>
         <size>0x4b</size>
         <input_file_ref idref="fl-2"/>
      </object_component>
      <object_component id="oc-129">
         <name>.debug_abbrev</name>
         <load_address>0x3b0</load_address>
         <run_address>0x3b0</run_address>
         <size>0x4b</size>
         <input_file_ref idref="fl-2"/>
      </object_component>
      <object_component id="oc-12e">
         <name>.debug_abbrev</name>
         <load_address>0x3fb</load_address>
         <run_address>0x3fb</run_address>
         <size>0x4b</size>
         <input_file_ref idref="fl-2"/>
      </object_component>
      <object_component id="oc-133">
         <name>.debug_abbrev</name>
         <load_address>0x446</load_address>
         <run_address>0x446</run_address>
         <size>0x5c</size>
         <input_file_ref idref="fl-2"/>
      </object_component>
      <object_component id="oc-138">
         <name>.debug_abbrev</name>
         <load_address>0x4a2</load_address>
         <run_address>0x4a2</run_address>
         <size>0x4b</size>
         <input_file_ref idref="fl-2"/>
      </object_component>
      <object_component id="oc-161">
         <name>.debug_abbrev</name>
         <load_address>0x4ed</load_address>
         <run_address>0x4ed</run_address>
         <size>0x6b</size>
         <input_file_ref idref="fl-4"/>
      </object_component>
      <object_component id="oc-df">
         <name>.debug_abbrev</name>
         <load_address>0x558</load_address>
         <run_address>0x558</run_address>
         <size>0xc8</size>
         <input_file_ref idref="fl-4"/>
      </object_component>
      <object_component id="oc-9c">
         <name>.debug_abbrev</name>
         <load_address>0x620</load_address>
         <run_address>0x620</run_address>
         <size>0x6f</size>
         <input_file_ref idref="fl-4"/>
      </object_component>
      <object_component id="oc-e2">
         <name>.debug_abbrev</name>
         <load_address>0x68f</load_address>
         <run_address>0x68f</run_address>
         <size>0x6b</size>
         <input_file_ref idref="fl-4"/>
      </object_component>
      <object_component id="oc-19b">
         <name>.debug_abbrev</name>
         <load_address>0x6fa</load_address>
         <run_address>0x6fa</run_address>
         <size>0x47</size>
         <input_file_ref idref="fl-5"/>
      </object_component>
      <object_component id="oc-172">
         <name>.debug_abbrev</name>
         <load_address>0x741</load_address>
         <run_address>0x741</run_address>
         <size>0xc8</size>
         <input_file_ref idref="fl-5"/>
      </object_component>
      <object_component id="oc-19f">
         <name>.debug_abbrev</name>
         <load_address>0x809</load_address>
         <run_address>0x809</run_address>
         <size>0x4b</size>
         <input_file_ref idref="fl-5"/>
      </object_component>
      <object_component id="oc-143">
         <name>.debug_abbrev</name>
         <load_address>0x854</load_address>
         <run_address>0x854</run_address>
         <size>0x44</size>
         <input_file_ref idref="fl-7"/>
      </object_component>
      <object_component id="oc-cb">
         <name>.debug_abbrev</name>
         <load_address>0x898</load_address>
         <run_address>0x898</run_address>
         <size>0x6c</size>
         <input_file_ref idref="fl-7"/>
      </object_component>
      <object_component id="oc-147">
         <name>.debug_abbrev</name>
         <load_address>0x904</load_address>
         <run_address>0x904</run_address>
         <size>0x5a</size>
         <input_file_ref idref="fl-7"/>
      </object_component>
      <object_component id="oc-14c">
         <name>.debug_abbrev</name>
         <load_address>0x95e</load_address>
         <run_address>0x95e</run_address>
         <size>0x7f</size>
         <input_file_ref idref="fl-7"/>
      </object_component>
      <object_component id="oc-cf">
         <name>.debug_abbrev</name>
         <load_address>0x9dd</load_address>
         <run_address>0x9dd</run_address>
         <size>0x6b</size>
         <input_file_ref idref="fl-7"/>
      </object_component>
      <object_component id="oc-178">
         <name>.debug_abbrev</name>
         <load_address>0xa48</load_address>
         <run_address>0xa48</run_address>
         <size>0x89</size>
         <input_file_ref idref="fl-7"/>
      </object_component>
      <object_component id="oc-1a9">
         <name>.debug_abbrev</name>
         <load_address>0xad1</load_address>
         <run_address>0xad1</run_address>
         <size>0x3b</size>
         <input_file_ref idref="fl-8"/>
      </object_component>
      <object_component id="oc-154">
         <name>.debug_abbrev</name>
         <load_address>0xb0c</load_address>
         <run_address>0xb0c</run_address>
         <size>0x50</size>
         <input_file_ref idref="fl-8"/>
      </object_component>
      <object_component id="oc-15e">
         <name>.debug_abbrev</name>
         <load_address>0xb5c</load_address>
         <run_address>0xb5c</run_address>
         <size>0x4b</size>
         <input_file_ref idref="fl-8"/>
      </object_component>
      <object_component id="oc-1a2">
         <name>.debug_abbrev</name>
         <load_address>0xba7</load_address>
         <run_address>0xba7</run_address>
         <size>0x6b</size>
         <input_file_ref idref="fl-9"/>
      </object_component>
      <object_component id="oc-174">
         <name>.debug_abbrev</name>
         <load_address>0xc12</load_address>
         <run_address>0xc12</run_address>
         <size>0xf7</size>
         <input_file_ref idref="fl-9"/>
      </object_component>
      <object_component id="oc-a5">
         <name>.debug_abbrev</name>
         <load_address>0xd09</load_address>
         <run_address>0xd09</run_address>
         <size>0x61</size>
         <input_file_ref idref="fl-9"/>
      </object_component>
      <object_component id="oc-ca">
         <name>.debug_abbrev</name>
         <load_address>0xd6a</load_address>
         <run_address>0xd6a</run_address>
         <size>0x44</size>
         <input_file_ref idref="fl-a"/>
      </object_component>
      <object_component id="oc-a6">
         <name>.debug_abbrev</name>
         <load_address>0xdae</load_address>
         <run_address>0xdae</run_address>
         <size>0x38</size>
         <input_file_ref idref="fl-c"/>
      </object_component>
      <object_component id="oc-17b">
         <name>.debug_abbrev</name>
         <load_address>0xde6</load_address>
         <run_address>0xde6</run_address>
         <size>0xaf</size>
         <input_file_ref idref="fl-d"/>
      </object_component>
      <object_component id="oc-101">
         <name>.debug_abbrev</name>
         <load_address>0xe95</load_address>
         <run_address>0xe95</run_address>
         <size>0xa9</size>
         <input_file_ref idref="fl-d"/>
      </object_component>
      <object_component id="oc-e6">
         <name>.debug_abbrev</name>
         <load_address>0xf3e</load_address>
         <run_address>0xf3e</run_address>
         <size>0x36</size>
         <input_file_ref idref="fl-e"/>
      </object_component>
      <object_component id="oc-1a7">
         <name>.debug_abbrev</name>
         <load_address>0xf74</load_address>
         <run_address>0xf74</run_address>
         <size>0x44</size>
         <input_file_ref idref="fl-f"/>
      </object_component>
      <object_component id="oc-159">
         <name>.debug_abbrev</name>
         <load_address>0xfb8</load_address>
         <run_address>0xfb8</run_address>
         <size>0x5a</size>
         <input_file_ref idref="fl-f"/>
      </object_component>
      <object_component id="oc-a7">
         <name>.debug_abbrev</name>
         <load_address>0x1012</load_address>
         <run_address>0x1012</run_address>
         <size>0x53</size>
         <input_file_ref idref="fl-10"/>
      </object_component>
      <object_component id="oc-9b">
         <name>.debug_abbrev</name>
         <load_address>0x1065</load_address>
         <run_address>0x1065</run_address>
         <size>0x55</size>
         <input_file_ref idref="fl-13"/>
      </object_component>
      <object_component id="oc-116">
         <name>.debug_abbrev</name>
         <load_address>0x10ba</load_address>
         <run_address>0x10ba</run_address>
         <size>0xa0</size>
         <input_file_ref idref="fl-14"/>
      </object_component>
      <object_component id="oc-a2">
         <name>.debug_abbrev</name>
         <load_address>0x115a</load_address>
         <run_address>0x115a</run_address>
         <size>0x27</size>
         <input_file_ref idref="fl-14"/>
      </object_component>
      <object_component id="oc-a8">
         <name>.debug_abbrev</name>
         <load_address>0x1181</load_address>
         <run_address>0x1181</run_address>
         <size>0xa4</size>
         <input_file_ref idref="fl-14"/>
      </object_component>
      <object_component id="oc-b3">
         <name>.debug_abbrev</name>
         <load_address>0x1225</load_address>
         <run_address>0x1225</run_address>
         <size>0x6f</size>
         <input_file_ref idref="fl-14"/>
      </object_component>
      <object_component id="oc-13d">
         <name>.debug_abbrev</name>
         <load_address>0x1294</load_address>
         <run_address>0x1294</run_address>
         <size>0x4b</size>
         <input_file_ref idref="fl-14"/>
      </object_component>
      <object_component id="oc-155">
         <name>.debug_abbrev</name>
         <load_address>0x12df</load_address>
         <run_address>0x12df</run_address>
         <size>0x6c</size>
         <input_file_ref idref="fl-15"/>
      </object_component>
      <object_component id="oc-d8">
         <name>.debug_abbrev</name>
         <load_address>0x134b</load_address>
         <run_address>0x134b</run_address>
         <size>0x103</size>
         <input_file_ref idref="fl-15"/>
      </object_component>
      <object_component id="oc-166">
         <name>.debug_abbrev</name>
         <load_address>0x144e</load_address>
         <run_address>0x144e</run_address>
         <size>0xae</size>
         <input_file_ref idref="fl-cf"/>
      </object_component>
      <object_component id="oc-f3">
         <name>.debug_abbrev</name>
         <load_address>0x14fc</load_address>
         <run_address>0x14fc</run_address>
         <size>0x7e</size>
         <input_file_ref idref="fl-cf"/>
      </object_component>
      <object_component id="oc-52">
         <name>.debug_abbrev</name>
         <load_address>0x157a</load_address>
         <run_address>0x157a</run_address>
         <size>0x1f</size>
         <input_file_ref idref="fl-cf"/>
      </object_component>
      <object_component id="oc-16a">
         <name>.debug_abbrev</name>
         <load_address>0x1599</load_address>
         <run_address>0x1599</run_address>
         <size>0x24</size>
         <input_file_ref idref="fl-cf"/>
      </object_component>
      <object_component id="oc-198">
         <name>.debug_abbrev</name>
         <load_address>0x15bd</load_address>
         <run_address>0x15bd</run_address>
         <size>0x24</size>
         <input_file_ref idref="fl-cf"/>
      </object_component>
      <object_component id="oc-16f">
         <name>.debug_abbrev</name>
         <load_address>0x15e1</load_address>
         <run_address>0x15e1</run_address>
         <size>0x4b</size>
         <input_file_ref idref="fl-cf"/>
      </object_component>
      <object_component id="oc-141">
         <name>.debug_abbrev</name>
         <load_address>0x162c</load_address>
         <run_address>0x162c</run_address>
         <size>0x2c</size>
         <input_file_ref idref="fl-d0"/>
      </object_component>
      <object_component id="oc-4a">
         <name>.debug_abbrev</name>
         <load_address>0x1658</load_address>
         <run_address>0x1658</run_address>
         <size>0x6f</size>
         <input_file_ref idref="fl-d0"/>
      </object_component>
      <object_component id="oc-4d">
         <name>.debug_abbrev</name>
         <load_address>0x16c7</load_address>
         <run_address>0x16c7</run_address>
         <size>0x24</size>
         <input_file_ref idref="fl-d0"/>
      </object_component>
      <object_component id="oc-b6">
         <name>.debug_abbrev</name>
         <load_address>0x16eb</load_address>
         <run_address>0x16eb</run_address>
         <size>0x35</size>
         <input_file_ref idref="fl-d0"/>
      </object_component>
      <object_component id="oc-c0">
         <name>.debug_abbrev</name>
         <load_address>0x1720</load_address>
         <run_address>0x1720</run_address>
         <size>0x52</size>
         <input_file_ref idref="fl-d1"/>
      </object_component>
      <object_component id="oc-5a">
         <name>.debug_abbrev</name>
         <load_address>0x1772</load_address>
         <run_address>0x1772</run_address>
         <size>0x74</size>
         <input_file_ref idref="fl-d1"/>
      </object_component>
      <object_component id="oc-5d">
         <name>.debug_abbrev</name>
         <load_address>0x17e6</load_address>
         <run_address>0x17e6</run_address>
         <size>0x24</size>
         <input_file_ref idref="fl-d1"/>
      </object_component>
      <object_component id="oc-bd">
         <name>.debug_abbrev</name>
         <load_address>0x180a</load_address>
         <run_address>0x180a</run_address>
         <size>0x24</size>
         <input_file_ref idref="fl-d1"/>
      </object_component>
      <object_component id="oc-c5">
         <name>.debug_abbrev</name>
         <load_address>0x182e</load_address>
         <run_address>0x182e</run_address>
         <size>0x24</size>
         <input_file_ref idref="fl-d2"/>
      </object_component>
      <object_component id="oc-18f">
         <name>.debug_abbrev</name>
         <load_address>0x1852</load_address>
         <run_address>0x1852</run_address>
         <size>0x9c</size>
         <input_file_ref idref="fl-d3"/>
      </object_component>
      <object_component id="oc-163">
         <name>.debug_abbrev</name>
         <load_address>0x18ee</load_address>
         <run_address>0x18ee</run_address>
         <size>0x8c</size>
         <input_file_ref idref="fl-d3"/>
      </object_component>
      <object_component id="oc-193">
         <name>.debug_abbrev</name>
         <load_address>0x197a</load_address>
         <run_address>0x197a</run_address>
         <size>0x24</size>
         <input_file_ref idref="fl-d3"/>
      </object_component>
      <object_component id="oc-189">
         <name>.debug_abbrev</name>
         <load_address>0x199e</load_address>
         <run_address>0x199e</run_address>
         <size>0xa8</size>
         <input_file_ref idref="fl-d4"/>
      </object_component>
      <object_component id="oc-17d">
         <name>.debug_abbrev</name>
         <load_address>0x1a46</load_address>
         <run_address>0x1a46</run_address>
         <size>0x29</size>
         <input_file_ref idref="fl-d4"/>
      </object_component>
      <object_component id="oc-10e">
         <name>.debug_abbrev</name>
         <load_address>0x1a6f</load_address>
         <run_address>0x1a6f</run_address>
         <size>0xba</size>
         <input_file_ref idref="fl-d4"/>
      </object_component>
      <object_component id="oc-ba">
         <name>.debug_abbrev</name>
         <load_address>0x1b29</load_address>
         <run_address>0x1b29</run_address>
         <size>0x4c</size>
         <input_file_ref idref="fl-d5"/>
      </object_component>
      <object_component id="oc-165">
         <name>.debug_abbrev</name>
         <load_address>0x1b75</load_address>
         <run_address>0x1b75</run_address>
         <size>0x53</size>
         <input_file_ref idref="fl-d7"/>
      </object_component>
      <object_component id="oc-1a5">
         <name>.debug_abbrev</name>
         <load_address>0x1bc8</load_address>
         <run_address>0x1bc8</run_address>
         <size>0x45</size>
         <input_file_ref idref="fl-d8"/>
      </object_component>
      <object_component id="oc-185">
         <name>.debug_abbrev</name>
         <load_address>0x1c0d</load_address>
         <run_address>0x1c0d</run_address>
         <size>0x29</size>
         <input_file_ref idref="fl-d8"/>
      </object_component>
      <object_component id="oc-1a4">
         <name>.debug_abbrev</name>
         <load_address>0x1c36</load_address>
         <run_address>0x1c36</run_address>
         <size>0x6f</size>
         <input_file_ref idref="fl-d8"/>
      </object_component>
      <object_component id="oc-1cb">
         <name>.debug_abbrev</name>
         <load_address>0x1ca5</load_address>
         <run_address>0x1ca5</run_address>
         <size>0xf</size>
      </object_component>
      <object_component id="oc-dd">
         <name>.debug_str</name>
         <load_address>0x0</load_address>
         <run_address>0x0</run_address>
         <size>0x46b</size>
         <input_file_ref idref="fl-2"/>
      </object_component>
      <object_component id="oc-a1">
         <name>.debug_str</name>
         <load_address>0x46b</load_address>
         <run_address>0x46b</run_address>
         <size>0x1b2</size>
         <input_file_ref idref="fl-2"/>
      </object_component>
      <object_component id="oc-106">
         <name>.debug_str</name>
         <load_address>0x61d</load_address>
         <run_address>0x61d</run_address>
         <size>0xfd</size>
         <input_file_ref idref="fl-2"/>
      </object_component>
      <object_component id="oc-ad">
         <name>.debug_str</name>
         <load_address>0x71a</load_address>
         <run_address>0x71a</run_address>
         <size>0x236</size>
         <input_file_ref idref="fl-2"/>
      </object_component>
      <object_component id="oc-115">
         <name>.debug_str</name>
         <load_address>0x950</load_address>
         <run_address>0x950</run_address>
         <size>0x229</size>
         <input_file_ref idref="fl-2"/>
      </object_component>
      <object_component id="oc-b2">
         <name>.debug_str</name>
         <load_address>0xb79</load_address>
         <run_address>0xb79</run_address>
         <size>0x160</size>
         <input_file_ref idref="fl-2"/>
      </object_component>
      <object_component id="oc-11c">
         <name>.debug_str</name>
         <load_address>0xcd9</load_address>
         <run_address>0xcd9</run_address>
         <size>0x150</size>
         <input_file_ref idref="fl-2"/>
      </object_component>
      <object_component id="oc-153">
         <name>.debug_str</name>
         <load_address>0xe29</load_address>
         <run_address>0xe29</run_address>
         <size>0x16f</size>
         <input_file_ref idref="fl-2"/>
      </object_component>
      <object_component id="oc-121">
         <name>.debug_str</name>
         <load_address>0xf98</load_address>
         <run_address>0xf98</run_address>
         <size>0x1a0</size>
         <input_file_ref idref="fl-2"/>
      </object_component>
      <object_component id="oc-126">
         <name>.debug_str</name>
         <load_address>0x1138</load_address>
         <run_address>0x1138</run_address>
         <size>0x2c1</size>
         <input_file_ref idref="fl-2"/>
      </object_component>
      <object_component id="oc-12b">
         <name>.debug_str</name>
         <load_address>0x13f9</load_address>
         <run_address>0x13f9</run_address>
         <size>0x174</size>
         <input_file_ref idref="fl-2"/>
      </object_component>
      <object_component id="oc-130">
         <name>.debug_str</name>
         <load_address>0x156d</load_address>
         <run_address>0x156d</run_address>
         <size>0x197</size>
         <input_file_ref idref="fl-2"/>
      </object_component>
      <object_component id="oc-135">
         <name>.debug_str</name>
         <load_address>0x1704</load_address>
         <run_address>0x1704</run_address>
         <size>0x371</size>
         <input_file_ref idref="fl-2"/>
      </object_component>
      <object_component id="oc-13a">
         <name>.debug_str</name>
         <load_address>0x1a75</load_address>
         <run_address>0x1a75</run_address>
         <size>0x275</size>
         <input_file_ref idref="fl-2"/>
      </object_component>
      <object_component id="oc-e4">
         <name>.debug_str</name>
         <load_address>0x1cea</load_address>
         <run_address>0x1cea</run_address>
         <size>0x200</size>
         <input_file_ref idref="fl-4"/>
      </object_component>
      <object_component id="oc-1a1">
         <name>.debug_str</name>
         <load_address>0x1eea</load_address>
         <run_address>0x1eea</run_address>
         <size>0x1bb</size>
         <input_file_ref idref="fl-5"/>
      </object_component>
      <object_component id="oc-149">
         <name>.debug_str</name>
         <load_address>0x20a5</load_address>
         <run_address>0x20a5</run_address>
         <size>0x1f6</size>
         <input_file_ref idref="fl-7"/>
      </object_component>
      <object_component id="oc-14e">
         <name>.debug_str</name>
         <load_address>0x229b</load_address>
         <run_address>0x229b</run_address>
         <size>0x4db</size>
         <input_file_ref idref="fl-7"/>
      </object_component>
      <object_component id="oc-d1">
         <name>.debug_str</name>
         <load_address>0x2776</load_address>
         <run_address>0x2776</run_address>
         <size>0x796</size>
         <input_file_ref idref="fl-7"/>
      </object_component>
      <object_component id="oc-17a">
         <name>.debug_str</name>
         <load_address>0x2f0c</load_address>
         <run_address>0x2f0c</run_address>
         <size>0x303</size>
         <input_file_ref idref="fl-7"/>
      </object_component>
      <object_component id="oc-160">
         <name>.debug_str</name>
         <load_address>0x320f</load_address>
         <run_address>0x320f</run_address>
         <size>0x1c6</size>
         <input_file_ref idref="fl-8"/>
      </object_component>
      <object_component id="oc-15b">
         <name>.debug_str</name>
         <load_address>0x33d5</load_address>
         <run_address>0x33d5</run_address>
         <size>0x301</size>
         <input_file_ref idref="fl-f"/>
      </object_component>
      <object_component id="oc-13f">
         <name>.debug_str</name>
         <load_address>0x36d6</load_address>
         <run_address>0x36d6</run_address>
         <size>0xc5</size>
         <input_file_ref idref="fl-14"/>
      </object_component>
      <object_component id="oc-54">
         <name>.debug_str</name>
         <load_address>0x379b</load_address>
         <run_address>0x379b</run_address>
         <size>0xfd</size>
         <input_file_ref idref="fl-cf"/>
      </object_component>
      <object_component id="oc-16c">
         <name>.debug_str</name>
         <load_address>0x3898</load_address>
         <run_address>0x3898</run_address>
         <size>0xc7</size>
         <input_file_ref idref="fl-cf"/>
      </object_component>
      <object_component id="oc-19a">
         <name>.debug_str</name>
         <load_address>0x395f</load_address>
         <run_address>0x395f</run_address>
         <size>0x101</size>
         <input_file_ref idref="fl-cf"/>
      </object_component>
      <object_component id="oc-171">
         <name>.debug_str</name>
         <load_address>0x3a60</load_address>
         <run_address>0x3a60</run_address>
         <size>0x14d</size>
         <input_file_ref idref="fl-cf"/>
      </object_component>
      <object_component id="oc-4f">
         <name>.debug_str</name>
         <load_address>0x3bad</load_address>
         <run_address>0x3bad</run_address>
         <size>0xf2</size>
         <input_file_ref idref="fl-d0"/>
      </object_component>
      <object_component id="oc-b8">
         <name>.debug_str</name>
         <load_address>0x3c9f</load_address>
         <run_address>0x3c9f</run_address>
         <size>0x113</size>
         <input_file_ref idref="fl-d0"/>
      </object_component>
      <object_component id="oc-5f">
         <name>.debug_str</name>
         <load_address>0x3db2</load_address>
         <run_address>0x3db2</run_address>
         <size>0xe5</size>
         <input_file_ref idref="fl-d1"/>
      </object_component>
      <object_component id="oc-bf">
         <name>.debug_str</name>
         <load_address>0x3e97</load_address>
         <run_address>0x3e97</run_address>
         <size>0xf6</size>
         <input_file_ref idref="fl-d1"/>
      </object_component>
      <object_component id="oc-c7">
         <name>.debug_str</name>
         <load_address>0x3f8d</load_address>
         <run_address>0x3f8d</run_address>
         <size>0xf6</size>
         <input_file_ref idref="fl-d2"/>
      </object_component>
[...]
         <value>0x2cb0</value>
         <object_component_ref idref="oc-f5"/>
      </symbol>
      <symbol id="sm-123">
         <name>gioToggleBit</name>
         <value>0x2c58</value>
         <object_component_ref idref="oc-f5"/>
      </symbol>
      <symbol id="sm-124">
         <name>gioGetBit</name>
         <value>0x2c18</value>
         <object_component_ref idref="oc-f5"/>
      </symbol>
      <symbol id="sm-125">
         <name>gioSetBit</name>
         <value>0x2ba8</value>
         <object_component_ref idref="oc-f5"/>
      </symbol>
      <symbol id="sm-126">
         <name>gioGetPort</name>
         <value>0x2c40</value>
         <object_component_ref idref="oc-f5"/>
      </symbol>
      <symbol id="sm-150">
         <name>epcFIFOFullNotification</name>
         <value>0x3f94</value>
         <object_component_ref idref="oc-72"/>
      </symbol>
      <symbol id="sm-151">
         <name>esmGroup2Notification</name>
         <value>0x3f30</value>
         <object_component_ref idref="oc-72"/>
      </symbol>
      <symbol id="sm-152">
         <name>epcCAMFullNotification</name>
         <value>0x3f90</value>
         <object_component_ref idref="oc-72"/>
      </symbol>
      <symbol id="sm-153">
         <name>esmGroup1Notification</name>
         <value>0x3f1c</value>
         <object_component_ref idref="oc-72"/>
      </symbol>
      <symbol id="sm-154">
         <name>esmGroup3Notification</name>
         <value>0x3f44</value>
         <object_component_ref idref="oc-72"/>
      </symbol>
      <symbol id="sm-155">
         <name>dmaGroupANotification</name>
         <value>0x3f54</value>
         <object_component_ref idref="oc-72"/>
      </symbol>
      <symbol id="sm-156">
         <name>gioNotification</name>
         <value>0x3f7c</value>
         <object_component_ref idref="oc-72"/>
      </symbol>
      <symbol id="sm-1c4">
         <name>muxInit</name>
         <value>0x20</value>
         <object_component_ref idref="oc-d2"/>
      </symbol>
      <symbol id="sm-219">
         <name>rtiEnableNotification</name>
         <value>0x2900</value>
         <object_component_ref idref="oc-fb"/>
      </symbol>
      <symbol id="sm-21a">
         <name>rtiSetPeriod</name>
         <value>0x25dc</value>
         <object_component_ref idref="oc-fb"/>
      </symbol>
      <symbol id="sm-21b">
         <name>dwdCounterEnable</name>
         <value>0x275c</value>
         <object_component_ref idref="oc-fb"/>
      </symbol>
      <symbol id="sm-21c">
         <name>dwdInit</name>
         <value>0x26cc</value>
         <object_component_ref idref="oc-fb"/>
      </symbol>
      <symbol id="sm-21d">
         <name>rtiInit</name>
         <value>0x241c</value>
         <object_component_ref idref="oc-fb"/>
      </symbol>
      <symbol id="sm-21e">
         <name>rtiGetCurrentTick</name>
         <value>0x2634</value>
         <object_component_ref idref="oc-fb"/>
      </symbol>
      <symbol id="sm-21f">
         <name>IsdwdKeySequenceCorrect</name>
         <value>0x27e8</value>
         <object_component_ref idref="oc-fb"/>
      </symbol>
      <symbol id="sm-220">
         <name>dwwdGetCurrentDownCounter</name>
         <value>0x2744</value>
         <object_component_ref idref="oc-fb"/>
      </symbol>
      <symbol id="sm-221">
         <name>dwwdInit</name>
         <value>0x26f8</value>
         <object_component_ref idref="oc-fb"/>
      </symbol>
      <symbol id="sm-222">
         <name>dwdReset</name>
         <value>0x2798</value>
         <object_component_ref idref="oc-fb"/>
      </symbol>
      <symbol id="sm-223">
         <name>rtiCompare0Interrupt</name>
         <value>0x4090</value>
         <object_component_ref idref="oc-2d"/>
      </symbol>
      <symbol id="sm-224">
         <name>dwdGetViolationStatus</name>
         <value>0x2874</value>
         <object_component_ref idref="oc-fb"/>
      </symbol>
      <symbol id="sm-225">
         <name>rtiStopCounter</name>
         <value>0x2540</value>
         <object_component_ref idref="oc-fb"/>
      </symbol>
      <symbol id="sm-226">
         <name>rtiDisableNotification</name>
         <value>0x292c</value>
         <object_component_ref idref="oc-fb"/>
      </symbol>
      <symbol id="sm-227">
         <name>dwdSetPreload</name>
         <value>0x2778</value>
         <object_component_ref idref="oc-fb"/>
      </symbol>
      <symbol id="sm-228">
         <name>dwdGenerateSysReset</name>
         <value>0x27c0</value>
         <object_component_ref idref="oc-fb"/>
      </symbol>
      <symbol id="sm-229">
         <name>dwdGetStatus</name>
         <value>0x2820</value>
         <object_component_ref idref="oc-fb"/>
      </symbol>
      <symbol id="sm-22a">
         <name>rtiStartCounter</name>
         <value>0x2510</value>
         <object_component_ref idref="oc-fb"/>
      </symbol>
      <symbol id="sm-22b">
         <name>dwdClearFlag</name>
         <value>0x2858</value>
         <object_component_ref idref="oc-fb"/>
      </symbol>
      <symbol id="sm-22c">
         <name>rtiGetPeriod</name>
         <value>0x2608</value>
         <object_component_ref idref="oc-fb"/>
      </symbol>
      <symbol id="sm-22d">
         <name>rtiGetConfigValue</name>
         <value>0x294c</value>
         <object_component_ref idref="oc-fb"/>
      </symbol>
      <symbol id="sm-22e">
         <name>rtiResetCounter</name>
         <value>0x2570</value>
         <object_component_ref idref="oc-fb"/>
      </symbol>
      <symbol id="sm-25a">
         <name>_iCacheInvalidate_</name>
         <value>0x32e4</value>
         <object_component_ref idref="oc-6d"/>
      </symbol>
      <symbol id="sm-25b">
         <name>_disable_IRQ_interrupt_</name>
         <value>0x3174</value>
         <object_component_ref idref="oc-6d"/>
      </symbol>
      <symbol id="sm-25c">
         <name>_coreGetInstructionFaultAddress_</name>
         <value>0x3138</value>
         <object_component_ref idref="oc-6d"/>
      </symbol>
      <symbol id="sm-25d">
         <name>_coreGetDataFault_</name>
         <value>0x30fc</value>
         <object_component_ref idref="oc-6d"/>
      </symbol>
      <symbol id="sm-25e">
         <name>_coreDisableEventBusExport_</name>
         <value>0x30dc</value>
         <object_component_ref idref="oc-6d"/>
      </symbol>
      <symbol id="sm-25f">
         <name>_coreClearDataFaultAddress_</name>
         <value>0x312c</value>
         <object_component_ref idref="oc-6d"/>
      </symbol>
      <symbol id="sm-260">
         <name>__TI_PINIT_Base</name>
         <value>0x32f8</value>
         <object_component_ref idref="oc-6d"/>
      </symbol>
      <symbol id="sm-261">
         <name>_coreInitRegisters_</name>
         <value>0x2f3c</value>
         <object_component_ref idref="oc-6d"/>
      </symbol>
      <symbol id="sm-262">
         <name>_coreClearInstructionFaultAddress_</name>
         <value>0x3140</value>
         <object_component_ref idref="oc-6d"/>
      </symbol>
      <symbol id="sm-263">
         <name>_coreClearDataFault_</name>
         <value>0x3104</value>
         <object_component_ref idref="oc-6d"/>
      </symbol>
      <symbol id="sm-264">
         <name>_coreGetAuxiliaryDataFault_</name>
         <value>0x314c</value>
         <object_component_ref idref="oc-6d"/>
      </symbol>
      <symbol id="sm-265">
         <name>_enable_interrupt_</name>
         <value>0x3184</value>
         <object_component_ref idref="oc-6d"/>
      </symbol>
      <symbol id="sm-266">
         <name>_coreClearAuxiliaryInstructionFault_</name>
         <value>0x3168</value>
         <object_component_ref idref="oc-6d"/>
      </symbol>
      <symbol id="sm-267">
         <name>_memInit_</name>
         <value>0x3214</value>
         <object_component_ref idref="oc-6d"/>
      </symbol>
      <symbol id="sm-268">
         <name>_dCacheInvalidate_</name>
         <value>0x32d0</value>
         <object_component_ref idref="oc-6d"/>
      </symbol>
      <symbol id="sm-269">
         <name>_coreGetDataFaultAddress_</name>
         <value>0x3124</value>
         <object_component_ref idref="oc-6d"/>
      </symbol>
      <symbol id="sm-26a">
         <name>_coreClearInstructionFault_</name>
         <value>0x3118</value>
         <object_component_ref idref="oc-6d"/>
      </symbol>
      <symbol id="sm-26b">
         <name>_getCPSRValue_</name>
         <value>0x3094</value>
         <object_component_ref idref="oc-6d"/>
      </symbol>
      <symbol id="sm-26c">
         <name>_cacheDisable_</name>
         <value>0x32ac</value>
         <object_component_ref idref="oc-6d"/>
      </symbol>
      <symbol id="sm-26d">
         <name>_enable_IRQ_interrupt_</name>
         <value>0x317c</value>
         <object_component_ref idref="oc-6d"/>
      </symbol>
      <symbol id="sm-26e">
         <name>__TI_PINIT_Limit</name>
         <value>0x32fc</value>
         <object_component_ref idref="oc-6d"/>
      </symbol>
      <symbol id="sm-26f">
         <name>_coreGetAuxiliaryInstructionFault_</name>
         <value>0x3160</value>
         <object_component_ref idref="oc-6d"/>
      </symbol>
      <symbol id="sm-270">
         <name>_coreInitStackPointer_</name>
         <value>0x3048</value>
         <object_component_ref idref="oc-6d"/>
      </symbol>
      <symbol id="sm-271">
         <name>_esmCcmErrorsClear_</name>
         <value>0x318c</value>
         <object_component_ref idref="oc-6d"/>
      </symbol>
      <symbol id="sm-272">
         <name>_gotoCPUIdle_</name>
         <value>0x309c</value>
         <object_component_ref idref="oc-6d"/>
      </symbol>
      <symbol id="sm-273">
         <name>_coreEnableIrqVicOffset_</name>
         <value>0x30ec</value>
         <object_component_ref idref="oc-6d"/>
      </symbol>
      <symbol id="sm-274">
         <name>_coreGetInstructionFault_</name>
         <value>0x3110</value>
         <object_component_ref idref="oc-6d"/>
      </symbol>
      <symbol id="sm-275">
         <name>_cacheEnable_</name>
         <value>0x3268</value>
         <object_component_ref idref="oc-6d"/>
      </symbol>
      <symbol id="sm-276">
         <name>_coreEnableVfp_</name>
         <value>0x30b4</value>
         <object_component_ref idref="oc-6d"/>
      </symbol>
      <symbol id="sm-277">
         <name>_coreClearAuxiliaryDataFault_</name>
         <value>0x3154</value>
         <object_component_ref idref="oc-6d"/>
      </symbol>
      <symbol id="sm-278">
         <name>_coreEnableEventBusExport_</name>
         <value>0x30cc</value>
         <object_component_ref idref="oc-6d"/>
      </symbol>
      <symbol id="sm-279">
         <name>_checkMemInitOn_</name>
         <value>0x3248</value>
         <object_component_ref idref="oc-6d"/>
      </symbol>
      <symbol id="sm-287">
         <name>resetEntry</name>
         <value>0x0</value>
         <object_component_ref idref="oc-33"/>
      </symbol>
      <symbol id="sm-299">
         <name>rtiNotification</name>
         <value>0x406c</value>
         <object_component_ref idref="oc-8f"/>
      </symbol>
      <symbol id="sm-29a">
         <name>main</name>
         <value>0x4028</value>
         <object_component_ref idref="oc-8f"/>
      </symbol>
      <symbol id="sm-2b5">
         <name>_mpuSetRegionBaseAddress_</name>
         <value>0x3630</value>
         <object_component_ref idref="oc-84"/>
      </symbol>
      <symbol id="sm-2b6">
         <name>_mpuInit_</name>
         <value>0x3300</value>
         <object_component_ref idref="oc-84"/>
      </symbol>
      <symbol id="sm-2b7">
         <name>_mpuSetRegionSizeRegister_</name>
         <value>0x3664</value>
         <object_component_ref idref="oc-84"/>
      </symbol>
      <symbol id="sm-2b8">
         <name>_mpuDisableBackgroundRegion_</name>
         <value>0x35f8</value>
         <object_component_ref idref="oc-84"/>
      </symbol>
      <symbol id="sm-2b9">
         <name>_mpuSetRegionTypeAndPermission_</name>
         <value>0x3640</value>
         <object_component_ref idref="oc-84"/>
      </symbol>
      <symbol id="sm-2ba">
         <name>_mpuGetRegionPermission_</name>
         <value>0x3658</value>
         <object_component_ref idref="oc-84"/>
      </symbol>
      <symbol id="sm-2bb">
         <name>_mpuEnable_</name>
         <value>0x35b8</value>
         <object_component_ref idref="oc-84"/>
      </symbol>
      <symbol id="sm-2bc">
         <name>_mpuGetNumberOfRegions_</name>
         <value>0x3608</value>
         <object_component_ref idref="oc-84"/>
      </symbol>
      <symbol id="sm-2bd">
         <name>_mpuAreRegionsSeparate_</name>
         <value>0x3614</value>
         <object_component_ref idref="oc-84"/>
      </symbol>
      <symbol id="sm-2be">
         <name>_mpuEnableBackgroundRegion_</name>
         <value>0x35e8</value>
         <object_component_ref idref="oc-84"/>
      </symbol>
      <symbol id="sm-2bf">
         <name>_mpuGetRegionType_</name>
         <value>0x364c</value>
         <object_component_ref idref="oc-84"/>
      </symbol>
      <symbol id="sm-2c0">
         <name>_mpuDisable_</name>
         <value>0x35d0</value>
         <object_component_ref idref="oc-84"/>
      </symbol>
      <symbol id="sm-2c1">
         <name>_mpuGetRegionBaseAddress_</name>
         <value>0x3638</value>
         <object_component_ref idref="oc-84"/>
      </symbol>
      <symbol id="sm-2c2">
         <name>_mpuSetRegion_</name>
         <value>0x3620</value>
         <object_component_ref idref="oc-84"/>
      </symbol>
      <symbol id="sm-2c3">
         <name>_mpuGetRegion_</name>
         <value>0x3628</value>
         <object_component_ref idref="oc-84"/>
      </symbol>
      <symbol id="sm-2d6">
         <name>phantomInterrupt</name>
         <value>0x411c</value>
         <object_component_ref idref="oc-38"/>
      </symbol>
      <symbol id="sm-2ea">
         <name>_c_int00</name>
         <value>0x3ca0</value>
         <object_component_ref idref="oc-1e"/>
      </symbol>
      <symbol id="sm-38d">
         <name>vimChannelMap</name>
         <value>0x1410</value>
         <object_component_ref idref="oc-3f"/>
      </symbol>
      <symbol id="sm-38e">
         <name>vimInit</name>
         <value>0x133c</value>
         <object_component_ref idref="oc-3f"/>
      </symbol>
      <symbol id="sm-38f">
         <name>vimEnableInterrupt</name>
         <value>0x14b4</value>
         <object_component_ref idref="oc-3f"/>
      </symbol>
      <symbol id="sm-390">
         <name>vimDisableInterrupt</name>
         <value>0x167c</value>
         <object_component_ref idref="oc-3f"/>
      </symbol>
      <symbol id="sm-391">
         <name>vimGetConfigValue</name>
         <value>0x1728</value>
         <object_component_ref idref="oc-3f"/>
      </symbol>
      <symbol id="sm-392">
         <name>vimECCErrorHandler</name>
         <value>0x366c</value>
         <object_component_ref idref="oc-3e"/>
      </symbol>
      <symbol id="sm-3e0">
         <name>systemGetConfigValue</name>
         <value>0xe74</value>
         <object_component_ref idref="oc-78"/>
      </symbol>
      <symbol id="sm-3e1">
         <name>trimLPO</name>
         <value>0xa40</value>
         <object_component_ref idref="oc-78"/>
      </symbol>
      <symbol id="sm-3e2">
         <name>systemInit</name>
         <value>0xca8</value>
         <object_component_ref idref="oc-78"/>
      </symbol>
      <symbol id="sm-3e3">
         <name>periphInit</name>
         <value>0xac8</value>
         <object_component_ref idref="oc-78"/>
      </symbol>
      <symbol id="sm-3e4">
         <name>setupFlash</name>
         <value>0xa88</value>
         <object_component_ref idref="oc-78"/>
      </symbol>
      <symbol id="sm-3e5">
         <name>setupPLL</name>
         <value>0x9e0</value>
         <object_component_ref idref="oc-78"/>
      </symbol>
      <symbol id="sm-3e6">
         <name>getResetSource</name>
         <value>0xd4c</value>
         <object_component_ref idref="oc-78"/>
      </symbol>
      <symbol id="sm-3e7">
         <name>mapClocks</name>
         <value>0xb7c</value>
         <object_component_ref idref="oc-78"/>
      </symbol>
      <symbol id="sm-3e8">
         <name>systemPowerDown</name>
         <value>0xd1c</value>
         <object_component_ref idref="oc-78"/>
      </symbol>
      <symbol id="sm-416">
         <name>__TI_auto_init</name>
         <value>0x3d54</value>
         <object_component_ref idref="oc-89"/>
      </symbol>
      <symbol id="sm-434">
         <name>__TI_decompress_lzss</name>
         <value>0x3dfc</value>
         <object_component_ref idref="oc-c"/>
      </symbol>
      <symbol id="sm-44b">
         <name>__TI_decompress_none</name>
         <value>0x4108</value>
         <object_component_ref idref="oc-12"/>
      </symbol>
      <symbol id="sm-46b">
         <name>copy_in</name>
         <value>0x3fa4</value>
         <object_component_ref idref="oc-e7"/>
      </symbol>
      <symbol id="sm-48c">
         <name>C$$EXIT</name>
         <value>0x3e8c</value>
         <object_component_ref idref="oc-95"/>
      </symbol>
      <symbol id="sm-48d">
         <name>abort</name>
         <value>0x3e94</value>
         <object_component_ref idref="oc-95"/>
      </symbol>
      <symbol id="sm-48e">
         <name>exit</name>
         <value>0x3ea0</value>
         <object_component_ref idref="oc-95"/>
      </symbol>
      <symbol id="sm-48f">
         <name>__TI_dtors_ptr</name>
         <value>0x8001504</value>
         <object_component_ref idref="oc-108"/>
      </symbol>
      <symbol id="sm-490">
         <name>__TI_cleanup_ptr</name>
         <value>0x8001500</value>
         <object_component_ref idref="oc-108"/>
      </symbol>
      <symbol id="sm-491">
         <name>__TI_enable_exit_profile_output</name>
         <value>0x8001508</value>
         <object_component_ref idref="oc-108"/>
      </symbol>
      <symbol id="sm-4aa">
         <name>memcpy</name>
         <value>0x39a8</value>
         <object_component_ref idref="oc-55"/>
      </symbol>
      <symbol id="sm-4ab">
         <name>__aeabi_memcpy</name>
         <value>0x39a8</value>
         <object_component_ref idref="oc-55"/>
      </symbol>
      <symbol id="sm-4ac">
         <name>__aeabi_memcpy8</name>
         <value>0x39a8</value>
         <object_component_ref idref="oc-55"/>
      </symbol>
      <symbol id="sm-4ad">
         <name>__aeabi_memcpy4</name>
         <value>0x39a8</value>
         <object_component_ref idref="oc-55"/>
      </symbol>
      <symbol id="sm-4b8">
         <name>_system_post_cinit</name>
         <value>0x4120</value>
         <object_component_ref idref="oc-ed"/>
      </symbol>
      <symbol id="sm-4d2">
         <name>_nop</name>
         <value>0x40fc</value>
         <object_component_ref idref="oc-17f"/>
      </symbol>
      <symbol id="sm-4d3">
         <name>_lock</name>
         <value>0x800150c</value>
         <object_component_ref idref="oc-10b"/>
      </symbol>
      <symbol id="sm-4d4">
         <name>_unlock</name>
         <value>0x8001510</value>
         <object_component_ref idref="oc-10b"/>
      </symbol>
      <symbol id="sm-4d5">
         <name>_register_lock</name>
         <value>0x40f0</value>
         <object_component_ref idref="oc-17f"/>
      </symbol>
      <symbol id="sm-4d6">
         <name>_register_unlock</name>
         <value>0x40e4</value>
         <object_component_ref idref="oc-17f"/>
      </symbol>
      <symbol id="sm-4d7">
         <name>__TI_static_base__</name>
         <value>0x0</value>
      </symbol>
      <symbol id="sm-4da">
         <name>SHT$$INIT_ARRAY$$Base</name>
         <value>0x0</value>
      </symbol>
      <symbol id="sm-4db">
         <name>SHT$$INIT_ARRAY$$Limit</name>
         <value>0x0</value>
      </symbol>
   </symbol_table>
   <title>Link successful</title>
</link_info>
